2024/03/05 00:35:15 loading corpus...
2024/03/05 00:35:15 successfully loaded corpus with 0 records...
2024/03/05 00:35:15 seed directory /home/am6215/syzkaller-alex/workdirs/workdir_be1d99e09e499aed3939dc678718371984104e5c/seeds exists
2024/03/05 00:35:15 Read seed : reproducer_1
2024/03/05 00:35:15 serving http on http://127.0.0.1:56745
2024/03/05 00:35:15 serving rpc on tcp://[::]:40945
2024/03/05 00:35:15 booting test machines...
2024/03/05 00:35:15 wait for the connection from test machine...
2024/03/05 00:36:01 machine check:
2024/03/05 00:36:01 syscalls                : 2374/4501
2024/03/05 00:36:01 code coverage           : enabled
2024/03/05 00:36:01 comparison tracing      : enabled
2024/03/05 00:36:01 extra coverage          : enabled
2024/03/05 00:36:01 delay kcov mmap         : enabled
2024/03/05 00:36:01 setuid sandbox          : enabled
2024/03/05 00:36:01 namespace sandbox       : enabled
2024/03/05 00:36:01 Android sandbox         : /sys/fs/selinux/policy does not exist
2024/03/05 00:36:01 fault injection         : enabled
2024/03/05 00:36:01 leak checking           : CONFIG_DEBUG_KMEMLEAK is not enabled
2024/03/05 00:36:01 net packet injection    : /dev/net/tun does not exist
2024/03/05 00:36:01 net device setup        : enabled
2024/03/05 00:36:01 concurrency sanitizer   : /sys/kernel/debug/kcsan does not exist
2024/03/05 00:36:01 devlink PCI setup       : PCI device 0000:00:10.0 is not available
2024/03/05 00:36:01 NIC VF setup            : PCI device 0000:00:11.0 is not available
2024/03/05 00:36:01 USB emulation           : enabled
2024/03/05 00:36:01 hci packet injection    : /dev/vhci does not exist
2024/03/05 00:36:01 wifi device emulation   : /sys/class/mac80211_hwsim/ does not exist
2024/03/05 00:36:01 802.15.4 emulation      : /sys/bus/platform/devices/mac802154_hwsim does not exist
2024/03/05 00:36:01 swap file               : enabled
2024/03/05 00:36:01 corpus                  : 0 (deleted 0 broken)
2024/03/05 00:36:01 seeds                   : 1/1
2024/03/05 00:36:05 VMs 2, executed 0, cover 0, signal 0/0, crashes 0, repro 0, triageQLen 0
2024/03/05 00:36:15 VMs 2, executed 0, cover 0, signal 0/0, crashes 0, repro 0, triageQLen 0
2024/03/05 00:36:25 VMs 2, executed 0, cover 0, signal 0/0, crashes 0, repro 0, triageQLen 0
2024/03/05 00:36:35 VMs 2, executed 0, cover 2915, signal 1621/0, crashes 0, repro 0, triageQLen 0
2024/03/05 00:36:45 VMs 2, executed 991, cover 7620, signal 7666/14788, crashes 0, repro 0, triageQLen 0
2024/03/05 00:36:55 VMs 2, executed 2065, cover 7979, signal 8252/14941, crashes 0, repro 0, triageQLen 0
2024/03/05 00:37:05 VMs 2, executed 2442, cover 9081, signal 9594/15209, crashes 0, repro 0, triageQLen 0
2024/03/05 00:37:15 VMs 2, executed 3173, cover 9650, signal 10375/15349, crashes 0, repro 0, triageQLen 0
2024/03/05 00:37:25 VMs 2, executed 3891, cover 9859, signal 10718/15469, crashes 0, repro 0, triageQLen 0
2024/03/05 00:37:35 VMs 2, executed 4730, cover 10164, signal 11203/15618, crashes 0, repro 0, triageQLen 0
2024/03/05 00:37:45 VMs 2, executed 5842, cover 11012, signal 12293/15975, crashes 0, repro 0, triageQLen 0
2024/03/05 00:37:55 VMs 2, executed 6763, cover 11260, signal 12795/16109, crashes 0, repro 0, triageQLen 0
2024/03/05 00:38:05 VMs 2, executed 7724, cover 12456, signal 14624/18321, crashes 0, repro 0, triageQLen 0
2024/03/05 00:38:15 VMs 2, executed 9207, cover 12933, signal 15341/26534, crashes 0, repro 0, triageQLen 0
2024/03/05 00:38:25 VMs 2, executed 10622, cover 15384, signal 18217/28812, crashes 0, repro 0, triageQLen 0
2024/03/05 00:38:35 VMs 2, executed 12086, cover 15830, signal 18872/30357, crashes 0, repro 0, triageQLen 0
2024/03/05 00:38:45 VMs 2, executed 13926, cover 17056, signal 20375/33874, crashes 0, repro 0, triageQLen 0
2024/03/05 00:38:55 VMs 2, executed 15407, cover 17651, signal 21204/35110, crashes 0, repro 0, triageQLen 0
2024/03/05 00:39:05 VMs 2, executed 16774, cover 18005, signal 21665/35743, crashes 0, repro 0, triageQLen 0
2024/03/05 00:39:15 VMs 2, executed 17867, cover 18104, signal 21814/36197, crashes 0, repro 0, triageQLen 0
2024/03/05 00:39:21 [ERROR] failed to symbolize report: failed to start scripts/get_maintainer.pl [scripts/get_maintainer.pl --git-min-percent=15 -f root/ramdisk/work_dir/linux/kernel/sched/core.c]: fork/exec scripts/get_maintainer.pl: no such file or directory
2024/03/05 00:39:21 vm-0: crash: INFO: task hung in add_early_randomness
2024/03/05 00:39:21 vm-1: running for 3m26.802945809s, restarting
2024/03/05 00:39:25 VMs 0, executed 17867, cover 18527, signal 22336/36197, crashes 1, repro 0, triageQLen 0
2024/03/05 00:39:35 VMs 0, executed 17867, cover 18527, signal 22336/36197, crashes 1, repro 0, triageQLen 0
2024/03/05 00:39:45 VMs 0, executed 17867, cover 18527, signal 22336/36197, crashes 1, repro 0, triageQLen 0
2024/03/05 00:39:55 VMs 0, executed 17867, cover 18527, signal 22336/36197, crashes 1, repro 0, triageQLen 0
2024/03/05 00:40:05 VMs 0, executed 17867, cover 18527, signal 22336/36197, crashes 1, repro 0, triageQLen 0
2024/03/05 00:40:15 VMs 0, executed 17867, cover 18527, signal 22336/36197, crashes 1, repro 0, triageQLen 0
2024/03/05 00:40:25 VMs 0, executed 17867, cover 18527, signal 22336/36197, crashes 1, repro 0, triageQLen 0
2024/03/05 00:40:35 VMs 0, executed 17867, cover 18527, signal 22336/36197, crashes 1, repro 0, triageQLen 0
2024/03/05 00:40:45 VMs 0, executed 17867, cover 18527, signal 22336/36197, crashes 1, repro 0, triageQLen 0
2024/03/05 00:40:55 VMs 0, executed 17867, cover 18527, signal 22336/36197, crashes 1, repro 0, triageQLen 0
2024/03/05 00:41:05 VMs 0, executed 17867, cover 18527, signal 22336/36197, crashes 1, repro 0, triageQLen 0
2024/03/05 00:41:15 VMs 0, executed 17867, cover 18527, signal 22336/36197, crashes 1, repro 0, triageQLen 0
2024/03/05 00:41:25 VMs 0, executed 17867, cover 18527, signal 22336/36197, crashes 1, repro 0, triageQLen 0
2024/03/05 00:41:35 VMs 0, executed 17867, cover 18527, signal 22336/36197, crashes 1, repro 0, triageQLen 0
2024/03/05 00:41:45 VMs 0, executed 17867, cover 18527, signal 22336/36197, crashes 1, repro 0, triageQLen 0
2024/03/05 00:41:55 VMs 0, executed 17867, cover 18527, signal 22336/36197, crashes 1, repro 0, triageQLen 0
2024/03/05 00:42:05 VMs 0, executed 17867, cover 18527, signal 22336/36197, crashes 1, repro 0, triageQLen 0
2024/03/05 00:42:15 VMs 0, executed 17867, cover 18527, signal 22336/36197, crashes 1, repro 0, triageQLen 0
2024/03/05 00:42:25 VMs 0, executed 17867, cover 18527, signal 22336/36197, crashes 1, repro 0, triageQLen 0
2024/03/05 00:42:35 VMs 0, executed 17867, cover 18527, signal 22336/36197, crashes 1, repro 0, triageQLen 0
2024/03/05 00:42:45 VMs 0, executed 17867, cover 18527, signal 22336/36197, crashes 1, repro 0, triageQLen 0
2024/03/05 00:42:55 VMs 0, executed 17867, cover 18527, signal 22336/36197, crashes 1, repro 0, triageQLen 0
2024/03/05 00:43:05 VMs 0, executed 17867, cover 18527, signal 22336/36197, crashes 1, repro 0, triageQLen 0
2024/03/05 00:43:15 VMs 0, executed 17867, cover 18527, signal 22336/36197, crashes 1, repro 0, triageQLen 0
2024/03/05 00:43:25 VMs 0, executed 17867, cover 18527, signal 22336/36197, crashes 1, repro 0, triageQLen 0
2024/03/05 00:43:35 VMs 0, executed 17867, cover 18527, signal 22336/36197, crashes 1, repro 0, triageQLen 0
2024/03/05 00:43:45 VMs 0, executed 17867, cover 18527, signal 22336/36197, crashes 1, repro 0, triageQLen 0
2024/03/05 00:43:55 VMs 0, executed 17867, cover 18527, signal 22336/36197, crashes 1, repro 0, triageQLen 0
2024/03/05 00:44:05 VMs 0, executed 17867, cover 18527, signal 22336/36197, crashes 1, repro 0, triageQLen 0
2024/03/05 00:44:15 VMs 0, executed 17867, cover 18527, signal 22336/36197, crashes 1, repro 0, triageQLen 0
2024/03/05 00:44:25 VMs 0, executed 17867, cover 18527, signal 22336/36197, crashes 1, repro 0, triageQLen 0
2024/03/05 00:44:35 VMs 0, executed 17867, cover 18527, signal 22336/36197, crashes 1, repro 0, triageQLen 0
2024/03/05 00:44:45 VMs 0, executed 17867, cover 18527, signal 22336/36197, crashes 1, repro 0, triageQLen 0
2024/03/05 00:44:55 VMs 0, executed 17867, cover 18527, signal 22336/36197, crashes 1, repro 0, triageQLen 0
2024/03/05 00:45:05 VMs 0, executed 17867, cover 18527, signal 22336/36197, crashes 1, repro 0, triageQLen 0
2024/03/05 00:45:15 VMs 0, executed 17867, cover 18527, signal 22336/36197, crashes 1, repro 0, triageQLen 0
2024/03/05 00:45:25 VMs 0, executed 17867, cover 18527, signal 22336/36197, crashes 1, repro 0, triageQLen 0
2024/03/05 00:45:35 VMs 0, executed 17867, cover 18527, signal 22336/36197, crashes 1, repro 0, triageQLen 0
2024/03/05 00:45:41 failed to create instance: can't ssh into the instance
failed to run ["ssh" "-p" "44768" "-F" "/dev/null" "-o" "UserKnownHostsFile=/dev/null" "-o" "BatchMode=yes" "-o" "IdentitiesOnly=yes" "-o" "StrictHostKeyChecking=no" "-o" "ConnectTimeout=10" "root@localhost" "pwd"]: exit status 255
Connection timed out during banner exchange
Connection to 127.0.0.1 port 44768 timed out
[    0.000000][    T0] Linux version 5.19.0-rc1-syzkaller (syzkaller@syzkaller) (gcc (Debian 12.2.0-14) 12.2.0, GNU ld (GNU Binutils for Debian) 2.40) #0 SMP PREEMPT_DYNAMIC now
[    0.000000][    T0] Command line: root=/dev/sda console=ttyS0 root=/dev/sda1
[    0.000000][    T0] KERNEL supported cpus:
[    0.000000][    T0]   Intel GenuineIntel
[    0.000000][    T0]   AMD AuthenticAMD
[    0.000000][    T0] x86/fpu: Supporting XSAVE feature 0x001: 'x87 floating point registers'
[    0.000000][    T0] x86/fpu: Supporting XSAVE feature 0x002: 'SSE registers'
[    0.000000][    T0] x86/fpu: Supporting XSAVE feature 0x004: 'AVX registers'
[    0.000000][    T0] x86/fpu: Supporting XSAVE feature 0x008: 'MPX bounds registers'
[    0.000000][    T0] x86/fpu: Supporting XSAVE feature 0x010: 'MPX CSR'
[    0.000000][    T0] x86/fpu: Supporting XSAVE feature 0x020: 'AVX-512 opmask'
[    0.000000][    T0] x86/fpu: Supporting XSAVE feature 0x040: 'AVX-512 Hi256'
[    0.000000][    T0] x86/fpu: Supporting XSAVE feature 0x080: 'AVX-512 ZMM_Hi256'
[    0.000000][    T0] x86/fpu: xstate_offset[2]:  576, xstate_sizes[2]:  256
[    0.000000][    T0] x86/fpu: xstate_offset[3]:  832, xstate_sizes[3]:   64
[    0.000000][    T0] x86/fpu: xstate_offset[4]:  896, xstate_sizes[4]:   64
[    0.000000][    T0] x86/fpu: xstate_offset[5]:  960, xstate_sizes[5]:   64
[    0.000000][    T0] x86/fpu: xstate_offset[6]: 1024, xstate_sizes[6]:  512
[    0.000000][    T0] x86/fpu: xstate_offset[7]: 1536, xstate_sizes[7]: 1024
[    0.000000][    T0] x86/fpu: Enabled xstate features 0xff, context size is 2560 bytes, using 'compacted' format.
[    0.000000][    T0] signal: max sigframe size: 3632
[    0.000000][    T0] BIOS-provided physical RAM map:
[    0.000000][    T0] BIOS-e820: [mem 0x0000000000000000-0x000000000009fbff] usable
[    0.000000][    T0] BIOS-e820: [mem 0x000000000009fc00-0x000000000009ffff] reserved
[    0.000000][    T0] BIOS-e820: [mem 0x00000000000f0000-0x00000000000fffff] reserved
[    0.000000][    T0] BIOS-e820: [mem 0x0000000000100000-0x000000007ffdffff] usable
[    0.000000][    T0] BIOS-e820: [mem 0x000000007ffe0000-0x000000007fffffff] reserved
[    0.000000][    T0] BIOS-e820: [mem 0x00000000feffc000-0x00000000feffffff] reserved
[    0.000000][    T0] BIOS-e820: [mem 0x00000000fffc0000-0x00000000ffffffff] reserved
[    0.000000][    T0] printk: bootconsole [earlyser0] enabled
[    0.000000][    T0] ERROR: earlyprintk= earlyser already used
[    0.000000][    T0] ERROR: earlyprintk= earlyser already used
[    0.000000][    T0] **********************************************************
[    0.000000][    T0] **   NOTICE NOTICE NOTICE NOTICE NOTICE NOTICE NOTICE   **
[    0.000000][    T0] **                                                      **
[    0.000000][    T0] ** This system shows unhashed kernel memory addresses   **
[    0.000000][    T0] ** via the console, logs, and other interfaces. This    **
[    0.000000][    T0] ** might reduce the security of your system.            **
[    0.000000][    T0] **                                                      **
[    0.000000][    T0] ** If you see this message and you are not debugging    **
[    0.000000][    T0] ** the kernel, report this immediately to your system   **
[    0.000000][    T0] ** administrator!                                       **
[    0.000000][    T0] **                                                      **
[    0.000000][    T0] **   NOTICE NOTICE NOTICE NOTICE NOTICE NOTICE NOTICE   **
[    0.000000][    T0] **********************************************************
[    0.000000][    T0] Malformed early option 'vsyscall'
[    0.000000][    T0] Malformed early option 'numa'
[    0.000000][    T0] nopcid: PCID feature disabled
[    0.000000][    T0] NX (Execute Disable) protection: active
[    0.000000][    T0] SMBIOS 2.8 present.
[    0.000000][    T0] DMI: QEMU Standard PC (i440FX + PIIX, 1996), BIOS 1.16.2-debian-1.16.2-1 04/01/2014
[    0.000000][    T0] Hypervisor detected: KVM
[    0.000000][    T0] kvm-clock: Using msrs 4b564d01 and 4b564d00
[    0.000009][    T0] kvm-clock: using sched offset of 1567104749 cycles
[    0.005296][    T0] clocksource: kvm-clock: mask: 0xffffffffffffffff max_cycles: 0x1cd42e4dffb, max_idle_ns: 881590591483 ns
[    0.020976][    T0] tsc: Detected 3100.318 MHz processor
[    0.034418][    T0] last_pfn = 0x7ffe0 max_arch_pfn = 0x400000000
[    0.040467][    T0] x86/PAT: Configuration [0-7]: WB  WC  UC- UC  WB  WP  UC- WT  
[    0.056910][    T0] found SMP MP-table at [mem 0x000f5b90-0x000f5b9f]
[    0.062902][    T0] Using GB pages for direct mapping
[    0.068832][    T0] ACPI: Early table checksum verification disabled
[    0.074476][    T0] ACPI: RSDP 0x00000000000F59C0 000014 (v00 BOCHS )
[    0.080276][    T0] ACPI: RSDT 0x000000007FFE1B21 000034 (v01 BOCHS  BXPC     00000001 BXPC 00000001)
[    0.088554][    T0] ACPI: FACP 0x000000007FFE19CD 000074 (v01 BOCHS  BXPC     00000001 BXPC 00000001)
[    0.096938][    T0] ACPI: DSDT 0x000000007FFE0040 00198D (v01 BOCHS  BXPC     00000001 BXPC 00000001)
[    0.105202][    T0] ACPI: FACS 0x000000007FFE0000 000040
[    0.109940][    T0] ACPI: APIC 0x000000007FFE1A41 000080 (v01 BOCHS  BXPC     00000001 BXPC 00000001)
[    0.118323][    T0] ACPI: HPET 0x000000007FFE1AC1 000038 (v01 BOCHS  BXPC     00000001 BXPC 00000001)
[    0.126601][    T0] ACPI: WAET 0x000000007FFE1AF9 000028 (v01 BOCHS  BXPC     00000001 BXPC 00000001)
[    0.134826][    T0] ACPI: Reserving FACP table memory at [mem 0x7ffe19cd-0x7ffe1a40]
[    0.141671][    T0] ACPI: Reserving DSDT table memory at [mem 0x7ffe0040-0x7ffe19cc]
[    0.148630][    T0] ACPI: Reserving FACS table memory at [mem 0x7ffe0000-0x7ffe003f]
[    0.155725][    T0] ACPI: Reserving APIC table memory at [mem 0x7ffe1a41-0x7ffe1ac0]
[    0.162666][    T0] ACPI: Reserving HPET table memory at [mem 0x7ffe1ac1-0x7ffe1af8]
[    0.169766][    T0] ACPI: Reserving WAET table memory at [mem 0x7ffe1af9-0x7ffe1b20]
[    0.180428][    T0] No NUMA configuration found
[    0.184527][    T0] Faking a node at [mem 0x0000000000000000-0x000000007ffdffff]
[    0.191133][    T0] NODE_DATA(0) allocated [mem 0x7ffdc000-0x7ffdffff]
[    0.208086][    T0] Zone ranges:
[    0.211026][    T0]   DMA      [mem 0x0000000000001000-0x0000000000ffffff]
[    0.217104][    T0]   DMA32    [mem 0x0000000001000000-0x000000007ffdffff]
[    0.223380][    T0]   Normal   empty
[    0.226567][    T0] Movable zone start for each node
[    0.230950][    T0] Early memory node ranges
[    0.234801][    T0]   node   0: [mem 0x0000000000001000-0x000000000009efff]
[    0.241037][    T0]   node   0: [mem 0x0000000000100000-0x000000007ffdffff]
[    0.247369][    T0] Initmem setup node 0 [mem 0x0000000000001000-0x000000007ffdffff]
[    0.254233][    T0] On node 0, zone DMA: 1 pages in unavailable ranges
[    0.254413][    T0] On node 0, zone DMA: 97 pages in unavailable ranges
[    0.279626][    T0] On node 0, zone DMA32: 32 pages in unavailable ranges
[    0.392079][    T0] kasan: KernelAddressSanitizer initialized
[    0.406850][    T0] ACPI: PM-Timer IO Port: 0x608
[    0.411070][    T0] ACPI: LAPIC_NMI (acpi_id[0xff] dfl dfl lint[0x1])
[    0.417088][    T0] IOAPIC[0]: apic_id 0, version 17, address 0xfec00000, GSI 0-23
[    0.423913][    T0] ACPI: INT_SRC_OVR (bus 0 bus_irq 0 global_irq 2 dfl dfl)
[    0.430620][    T0] ACPI: INT_SRC_OVR (bus 0 bus_irq 5 global_irq 5 high level)
[    0.437182][    T0] ACPI: INT_SRC_OVR (bus 0 bus_irq 9 global_irq 9 high level)
[    0.443430][    T0] ACPI: INT_SRC_OVR (bus 0 bus_irq 10 global_irq 10 high level)
[    0.449796][    T0] ACPI: INT_SRC_OVR (bus 0 bus_irq 11 global_irq 11 high level)
[    0.456569][    T0] ACPI: Using ACPI (MADT) for SMP configuration information
[    0.463220][    T0] ACPI: HPET id: 0x8086a201 base: 0xfed00000
[    0.468613][    T0] TSC deadline timer available
[    0.472800][    T0] smpboot: Allowing 2 CPUs, 0 hotplug CPUs
[    0.478054][    T0] kvm-guest: KVM setup pv remote TLB flush
[    0.483067][    T0] kvm-guest: setup PV sched yield
[    0.487386][    T0] PM: hibernation: Registered nosave memory: [mem 0x00000000-0x00000fff]
[    0.494783][    T0] PM: hibernation: Registered nosave memory: [mem 0x0009f000-0x0009ffff]
[    0.502054][    T0] PM: hibernation: Registered nosave memory: [mem 0x000a0000-0x000effff]
[    0.509657][    T0] PM: hibernation: Registered nosave memory: [mem 0x000f0000-0x000fffff]
[    0.516901][    T0] [mem 0x80000000-0xfeffbfff] available for PCI devices
[    0.522995][    T0] Booting paravirtualized kernel on KVM
[    0.527805][    T0] clocksource: refined-jiffies: mask: 0xffffffff max_cycles: 0xffffffff, max_idle_ns: 19112604462750000 ns
[    0.575328][    T0] setup_percpu: NR_CPUS:8 nr_cpumask_bits:8 nr_cpu_ids:2 nr_node_ids:1
[    0.583458][    T0] percpu: Embedded 67 pages/cpu s233632 r8192 d32608 u1048576
[    0.590327][    T0] kvm-guest: PV spinlocks enabled
[    0.594687][    T0] PV qspinlock hash table entries: 256 (order: 0, 4096 bytes, linear)
[    0.602259][    T0] Fallback order for Node 0: 0 
[    0.607469][    T0] Built 1 zonelists, mobility grouping on.  Total pages: 515808
[    0.614083][    T0] Policy zone: DMA32
[    0.617515][    T0] Kernel command line: earlyprintk=serial net.ifnames=0 sysctl.kernel.hung_task_all_cpu_backtrace=1 ima_policy=tcb nf-conntrack-ftp.ports=20000 nf-conntrack-tftp.ports=20000 nf-conntrack-sip.ports=20000 nf-conntrack-irc.ports=20000 nf-conntrack-sane.ports=20000 binder.debug_mask=0 rcupdate.rcu_expedited=1 no_hash_pointers page_owner=on sysctl.vm.nr_hugepages=4 sysctl.vm.nr_overcommit_hugepages=4 secretmem.enable=1 sysctl.max_rcu_stall_to_panic=1 msr.allow_writes=off root=/dev/sda console=ttyS0 vsyscall=native numa=fake=2 kvm-intel.nested=1 spec_store_bypass_disable=prctl nopcid vivid.n_devs=16 vivid.multiplanar=1,2,1,2,1,2,1,2,1,2,1,2,1,2,1,2 netrom.nr_ndevs=16 rose.rose_ndevs=16 dummy_hcd.num=8 smp.csd_lock_timeout=100000 watchdog_thresh=55 workqueue.watchdog_thresh=140 sysctl.net.core.netdev_unregister_timeout_secs=140 panic_on_warn=1 root=/dev/sda console=ttyS0 root=/dev/sda1
[    0.694272][    T0] Unknown kernel command line parameters "spec_store_bypass_disable=prctl", will be passed to user space.
[    0.704542][    T0] Dentry cache hash table entries: 262144 (order: 9, 2097152 bytes, linear)
[    0.712882][    T0] Inode-cache hash table entries: 131072 (order: 8, 1048576 bytes, linear)
[    0.720569][    T0] mem auto-init: stack:off, heap alloc:on, heap free:off
[    0.725896][    T0] Stack Depot early init allocating hash table with memblock_alloc, 8388608 bytes
[    0.964144][    T0] Memory: 1590412K/2096632K available (83983K kernel code, 22390K rwdata, 18900K rodata, 2200K init, 32556K bss, 505964K reserved, 0K cma-reserved)
[    0.976368][    T0] SLUB: HWalign=64, Order=0-3, MinObjects=0, CPUs=2, Nodes=1
[    0.990275][    T0] Dynamic Preempt: voluntary
[    0.994866][    T0] Running RCU self tests
[    0.998146][    T0] rcu: Preemptible hierarchical RCU implementation.
[    1.003295][    T0] rcu: 	RCU lockdep checking is enabled.
[    1.007311][    T0] rcu: 	RCU restricting CPUs from NR_CPUS=8 to nr_cpu_ids=2.
[    1.012821][    T0] rcu: 	RCU callback double-/use-after-free debug is enabled.
[    1.018372][    T0] rcu: 	RCU debug extended QS entry/exit.
[    1.022653][    T0] 	All grace periods are expedited (rcu_expedited).
[    1.027637][    T0] 	Trampoline variant of Tasks RCU enabled.
[    1.032050][    T0] rcu: RCU calculated value of scheduler-enlistment delay is 10 jiffies.
[    1.038417][    T0] rcu: Adjusting geometry for rcu_fanout_leaf=16, nr_cpu_ids=2
[    1.069408][    T0] NR_IRQS: 4352, nr_irqs: 440, preallocated irqs: 16
[    1.075577][    T0] rcu: srcu_init: Setting srcu_struct sizes based on contention.
[    1.081863][    T0] random: crng init done
[    1.134309][    T0] Console: colour VGA+ 80x25
[    1.138055][    T0] printk: console [ttyS0] enabled
[    1.138055][    T0] printk: console [ttyS0] enabled
[    1.145941][    T0] printk: bootconsole [earlyser0] disabled
[    1.145941][    T0] printk: bootconsole [earlyser0] disabled
[    1.155028][    T0] Lock dependency validator: Copyright (c) 2006 Red Hat, Inc., Ingo Molnar
[    1.161845][    T0] ... MAX_LOCKDEP_SUBCLASSES:  8
[    1.165531][    T0] ... MAX_LOCK_DEPTH:          48
[    1.169352][    T0] ... MAX_LOCKDEP_KEYS:        8192
[    1.173289][    T0] ... CLASSHASH_SIZE:          4096
[    1.177233][    T0] ... MAX_LOCKDEP_ENTRIES:     131072
[    1.181311][    T0] ... MAX_LOCKDEP_CHAINS:      262144
[    1.185400][    T0] ... CHAINHASH_SIZE:          131072
[    1.189496][    T0]  memory used by lock dependency info: 20657 kB
[    1.194434][    T0]  memory used for stack traces: 8320 kB
[    1.198756][    T0]  per task-struct memory footprint: 1920 bytes
[    1.203686][    T0] ACPI: Core revision 20220331
[    1.208560][    T0] clocksource: hpet: mask: 0xffffffff max_cycles: 0xffffffff, max_idle_ns: 19112604467 ns
[    1.217016][    T0] APIC: Switch to symmetric I/O mode setup
[    1.222127][    T0] kvm-guest: setup PV IPIs
[    1.235499][    T0] ..TIMER: vector=0x30 apic1=0 pin1=2 apic2=-1 pin2=-1
[    1.241000][    T0] clocksource: tsc-early: mask: 0xffffffffffffffff max_cycles: 0x2cb0742b7d2, max_idle_ns: 440795284580 ns
[    1.249877][    T0] Calibrating delay loop (skipped) preset value.. 6200.63 BogoMIPS (lpj=31003180)
[    1.259850][    T0] pid_max: default: 32768 minimum: 301
[    1.264330][    T0] LSM: Security Framework initializing
[    1.268632][    T0] landlock: Up and running.
[    1.269848][    T0] Yama: becoming mindful.
[    1.273356][    T0] TOMOYO Linux initialized
[    1.277144][    T0] AppArmor: AppArmor initialized
[    1.280202][    T0] Mount-cache hash table entries: 4096 (order: 3, 32768 bytes, linear)
[    1.289857][    T0] Mountpoint-cache hash table entries: 4096 (order: 3, 32768 bytes, linear)
[    1.302469][    T0] x86/cpu: User Mode Instruction Prevention (UMIP) activated
[    1.309124][    T0] Last level iTLB entries: 4KB 0, 2MB 0, 4MB 0
[    1.309866][    T0] Last level dTLB entries: 4KB 0, 2MB 0, 4MB 0, 1GB 0
[    1.314965][    T0] Spectre V1 : Mitigation: usercopy/swapgs barriers and __user pointer sanitization
[    1.319930][    T0] Spectre V2 : Mitigation: Enhanced IBRS
[    1.329846][    T0] Spectre V2 : Spectre v2 / SpectreRSB mitigation: Filling RSB on context switch
[    1.336811][    T0] Spectre V2 : mitigation: Enabling conditional Indirect Branch Prediction Barrier
[    1.339919][    T0] Speculative Store Bypass: Mitigation: Speculative Store Bypass disabled via prctl
[    1.349917][    T0] TAA: Mitigation: Clear CPU buffers
[    1.355195][    T0] MDS: Mitigation: Clear CPU buffers
[    1.361992][    T0] Freeing SMP alternatives memory: 60K
[    1.370247][    T1] smpboot: CPU0: Intel(R) Xeon(R) CPU @ 3.10GHz (family: 0x6, model: 0x55, stepping: 0x7)
[    1.379788][    T1] cblist_init_generic: Setting adjustable number of callback queues.
[    1.379859][    T1] cblist_init_generic: Setting shift to 1 and lim to 1.
[    1.385479][    T1] Running RCU-tasks wait API self tests
[    1.520108][    T1] Performance Events: unsupported p6 CPU model 85 no PMU driver, software events only.
[    1.528474][    T1] rcu: Hierarchical SRCU implementation.
[    1.528656][   T14] printk: console [ttyS0] printing thread started
[    1.538415][    T1] NMI watchdog: Perf NMI watchdog permanently disabled
[    1.539045][    T1] smp: Bringing up secondary CPUs ...
[    1.550237][    T1] x86: Booting SMP configuration:
[    1.550244][    T1] .... node  #0, CPUs:      #1
[    1.554618][    T1] smp: Brought up 1 node, 2 CPUs
[    1.554618][    T1] smpboot: Max logical packages: 1
[    1.554618][    T1] smpboot: Total of 2 processors activated (12401.27 BogoMIPS)
[    1.570011][    T1] allocated 33554432 bytes of page_ext
[    1.576520][    T1] Node 0, zone      DMA: page owner found early allocated 0 pages
[    1.586163][    T1] Node 0, zone    DMA32: page owner found early allocated 9337 pages
[    1.588233][    T1] devtmpfs: initialized
[    1.604302][    T1] clocksource: jiffies: mask: 0xffffffff max_cycles: 0xffffffff, max_idle_ns: 19112604462750000 ns
[    1.604302][    T1] futex hash table entries: 512 (order: 4, 65536 bytes, linear)
[    1.612309][    T1] PM: RTC time: 00:35:38, date: 2024-03-05
[    1.617772][    T1] NET: Registered PF_NETLINK/PF_ROUTE protocol family
[    1.623242][    T1] audit: initializing netlink subsys (disabled)
[    1.626055][    T1] thermal_sys: Registered thermal governor 'step_wise'
[    1.626065][    T1] thermal_sys: Registered thermal governor 'user_space'
[    1.626367][   T26] audit: type=2000 audit(1709598938.818:1): state=initialized audit_enabled=0 res=1
[    1.626417][    T1] cpuidle: using governor menu
[    1.633085][    T1] PCI: Using configuration type 1 for base access
[    1.819859][    T1] HugeTLB: can optimize 7 vmemmap pages for hugepages-2048kB
[    1.819859][    T1] HugeTLB registered 2.00 MiB page size, pre-allocated 0 pages
[    1.860135][   T11] Callback from call_rcu_tasks() invoked.
[    1.911240][    T1] ACPI: Added _OSI(Module Device)
[    1.911288][    T1] ACPI: Added _OSI(Processor Device)
[    1.911295][    T1] ACPI: Added _OSI(3.0 _SCP Extensions)
[    1.911301][    T1] ACPI: Added _OSI(Processor Aggregator Device)
[    1.911357][    T1] ACPI: Added _OSI(Linux-Dell-Video)
[    1.911371][    T1] ACPI: Added _OSI(Linux-Lenovo-NV-HDMI-Audio)
[    1.911385][    T1] ACPI: Added _OSI(Linux-HPI-Hybrid-Graphics)
[    2.001293][    T1] ACPI: 1 ACPI AML tables successfully acquired and loaded
[    3.434727][    T1] ACPI: Interpreter enabled
[    3.435038][    T1] ACPI: PM: (supports S0 S3 S4 S5)
[    3.435061][    T1] ACPI: Using IOAPIC for interrupt routing
[    3.435306][    T1] PCI: Using host bridge windows from ACPI; if necessary, use "pci=nocrs" and report a bug
[    3.435315][    T1] PCI: Using E820 reservations for host bridge windows
[    3.438102][    T1] ACPI: Enabled 2 GPEs in block 00 to 0F
[    3.543912][    T1] ACPI: PCI Root Bridge [PCI0] (domain 0000 [bus 00-ff])
[    3.543978][    T1] acpi PNP0A03:00: _OSC: OS supports [ASPM ClockPM Segments MSI HPX-Type3]
[    3.543996][    T1] acpi PNP0A03:00: _OSC: not requesting OS control; OS requires [ExtendedConfig ASPM ClockPM MSI]
[    3.544448][    T1] acpi PNP0A03:00: fail to add MMCONFIG information, can't access extended PCI configuration space under this bridge.
[    3.545497][    T1] PCI host bridge to bus 0000:00
[    3.545513][    T1] pci_bus 0000:00: root bus resource [io  0x0000-0x0cf7 window]
[    3.545532][    T1] pci_bus 0000:00: root bus resource [io  0x0d00-0xffff window]
[    3.545551][    T1] pci_bus 0000:00: root bus resource [mem 0x000a0000-0x000bffff window]
[    3.545606][    T1] pci_bus 0000:00: root bus resource [mem 0x80000000-0xfebfffff window]
[    3.545629][    T1] pci_bus 0000:00: root bus resource [mem 0x100000000-0x17fffffff window]
[    3.545653][    T1] pci_bus 0000:00: root bus resource [bus 00-ff]
[    3.546290][    T1] pci 0000:00:00.0: [8086:1237] type 00 class 0x060000
[    3.574095][    T1] pci 0000:00:01.0: [8086:7000] type 00 class 0x060100
[    3.604297][    T1] pci 0000:00:01.1: [8086:7010] type 00 class 0x010180
[    3.610224][    T1] pci 0000:00:01.1: reg 0x20: [io  0xc060-0xc06f]
[    3.612875][    T1] pci 0000:00:01.1: legacy IDE quirk: reg 0x10: [io  0x01f0-0x01f7]
[    3.612893][    T1] pci 0000:00:01.1: legacy IDE quirk: reg 0x14: [io  0x03f6]
[    3.612906][    T1] pci 0000:00:01.1: legacy IDE quirk: reg 0x18: [io  0x0170-0x0177]
[    3.612919][    T1] pci 0000:00:01.1: legacy IDE quirk: reg 0x1c: [io  0x0376]
[    3.614915][    T1] pci 0000:00:01.3: [8086:7113] type 00 class 0x068000
[    3.621712][    T1] pci 0000:00:01.3: quirk: [io  0x0600-0x063f] claimed by PIIX4 ACPI
[    3.621821][    T1] pci 0000:00:01.3: quirk: [io  0x0700-0x070f] claimed by PIIX4 SMB
[    3.624304][    T1] pci 0000:00:02.0: [1234:1111] type 00 class 0x030000
[    3.631244][    T1] pci 0000:00:02.0: reg 0x10: [mem 0xfd000000-0xfdffffff pref]
[    3.639237][    T1] pci 0000:00:02.0: reg 0x18: [mem 0xfebf0000-0xfebf0fff]
[    3.650995][    T1] pci 0000:00:02.0: reg 0x30: [mem 0xfebe0000-0xfebeffff pref]
[    3.651821][    T1] pci 0000:00:02.0: Video device with shadowed ROM at [mem 0x000c0000-0x000dffff]
[    3.678380][    T1] pci 0000:00:03.0: [1af4:1005] type 00 class 0x00ff00
[    3.680585][    T1] pci 0000:00:03.0: reg 0x10: [io  0xc040-0xc05f]
[    3.682746][    T1] pci 0000:00:03.0: reg 0x14: [mem 0xfebf1000-0xfebf1fff]
[    3.689308][    T1] pci 0000:00:03.0: reg 0x20: [mem 0xfe000000-0xfe003fff 64bit pref]
[    3.720880][    T1] pci 0000:00:04.0: [8086:100e] type 00 class 0x020000
[    3.724431][    T1] pci 0000:00:04.0: reg 0x10: [mem 0xfebc0000-0xfebdffff]
[    3.726955][    T1] pci 0000:00:04.0: reg 0x14: [io  0xc000-0xc03f]
[    3.742095][    T1] pci 0000:00:04.0: reg 0x30: [mem 0xfeb80000-0xfebbffff pref]
[    3.780967][    T1] ACPI: PCI: Interrupt link LNKA configured for IRQ 10
[    3.789337][    T1] ACPI: PCI: Interrupt link LNKB configured for IRQ 10
[    3.792220][    T1] ACPI: PCI: Interrupt link LNKC configured for IRQ 11
[    3.794632][    T1] ACPI: PCI: Interrupt link LNKD configured for IRQ 11
[    3.795802][    T1] ACPI: PCI: Interrupt link LNKS configured for IRQ 9
[    3.803660][    T1] iommu: Default domain type: Translated 
[    3.803670][    T1] iommu: DMA domain TLB invalidation policy: lazy mode 
[    3.805633][    T1] SCSI subsystem initialized
[    3.807111][    T1] ACPI: bus type USB registered
[    3.807570][    T1] usbcore: registered new interface driver usbfs
[    3.807795][    T1] usbcore: registered new interface driver hub
[    3.807934][    T1] usbcore: registered new device driver usb
[    3.809012][    T1] mc: Linux media interface: v0.10
[    3.809128][    T1] videodev: Linux video capture interface: v2.00
[    3.809616][    T1] pps_core: LinuxPPS API ver. 1 registered
[    3.809623][    T1] pps_core: Software ver. 5.3.6 - Copyright 2005-2007 Rodolfo Giometti <giometti@linux.it>
[    3.809709][    T1] PTP clock support registered
[    3.810391][    T1] EDAC MC: Ver: 3.0.0
[    3.815573][    T1] Advanced Linux Sound Architecture Driver Initialized.
[    3.818307][    T1] Bluetooth: Core ver 2.22
[    3.818464][    T1] NET: Registered PF_BLUETOOTH protocol family
[    3.818470][    T1] Bluetooth: HCI device and connection manager initialized
[    3.818562][    T1] Bluetooth: HCI socket layer initialized
[    3.818579][    T1] Bluetooth: L2CAP socket layer initialized
[    3.818650][    T1] NET: Registered PF_ATMPVC protocol family
[    3.818657][    T1] NET: Registered PF_ATMSVC protocol family
[    3.818887][    T1] NetLabel: Initializing
[    3.818891][    T1] NetLabel:  domain hash size = 128
[    3.818896][    T1] NetLabel:  protocols = UNLABELED CIPSOv4 CALIPSO
[    3.819139][    T1] NetLabel:  unlabeled traffic allowed by default
[    3.820435][    T1] nfc: nfc_init: NFC Core ver 0.1
[    3.820634][    T1] NET: Registered PF_NFC protocol family
[    3.820641][    T1] PCI: Using ACPI for IRQ routing
[    3.822142][    T1] pci 0000:00:02.0: vgaarb: setting as boot VGA device
[    3.822154][    T1] pci 0000:00:02.0: vgaarb: bridge control possible
[    3.822163][    T1] pci 0000:00:02.0: vgaarb: VGA device added: decodes=io+mem,owns=io+mem,locks=none
[    3.822181][    T1] vgaarb: loaded
[    3.825936][    T1] hpet0: at MMIO 0xfed00000, IRQs 2, 8, 0
[    3.825964][    T1] hpet0: 3 comparators, 64-bit 100.000000 MHz counter
[    3.837067][    T1] clocksource: Switched to clocksource kvm-clock
[    3.839833][    T1] VFS: Disk quotas dquot_6.6.0
[    3.839833][    T1] VFS: Dquot-cache hash table entries: 512 (order 0, 4096 bytes)
[    3.839833][    T1] TOMOYO: 2.6.0
[    3.839833][    T1] Mandatory Access Control activated.
[    3.839953][    T1] AppArmor: AppArmor Filesystem Enabled
[    3.840332][    T1] pnp: PnP ACPI init
[    3.852510][    T1] pnp: PnP ACPI: found 6 devices
[    3.895823][    T1] clocksource: acpi_pm: mask: 0xffffff max_cycles: 0xffffff, max_idle_ns: 2085701024 ns
[    3.896555][    T1] NET: Registered PF_INET protocol family
[    3.897024][    T1] IP idents hash table entries: 32768 (order: 6, 262144 bytes, linear)
[    3.900336][    T1] tcp_listen_portaddr_hash hash table entries: 1024 (order: 4, 73728 bytes, linear)
[    3.901224][    T1] TCP established hash table entries: 16384 (order: 5, 131072 bytes, linear)
[    3.903298][    T1] TCP bind bhash tables hash table entries: 16384 (order: 8, 1310720 bytes, linear)
[    3.904193][    T1] TCP: Hash tables configured (established 16384 bind 16384)
[    3.904695][    T1] UDP hash table entries: 1024 (order: 5, 163840 bytes, linear)
[    3.904998][    T1] UDP-Lite hash table entries: 1024 (order: 5, 163840 bytes, linear)
[    3.905604][    T1] NET: Registered PF_UNIX/PF_LOCAL protocol family
[    3.920880][    T1] RPC: Registered named UNIX socket transport module.
[    3.920890][    T1] RPC: Registered udp transport module.
[    3.920896][    T1] RPC: Registered tcp transport module.
[    3.920902][    T1] RPC: Registered tcp NFSv4.1 backchannel transport module.
[    3.922599][    T1] pci_bus 0000:00: resource 4 [io  0x0000-0x0cf7 window]
[    3.922619][    T1] pci_bus 0000:00: resource 5 [io  0x0d00-0xffff window]
[    3.922633][    T1] pci_bus 0000:00: resource 6 [mem 0x000a0000-0x000bffff window]
[    3.922647][    T1] pci_bus 0000:00: resource 7 [mem 0x80000000-0xfebfffff window]
[    3.922661][    T1] pci_bus 0000:00: resource 8 [mem 0x100000000-0x17fffffff window]
[    3.923467][    T1] pci 0000:00:01.0: PIIX3: Enabling Passive Release
[    3.923553][    T1] pci 0000:00:00.0: Limiting direct PCI/PCI transfers
[    3.930047][    T1] pci 0000:00:01.0: Activating ISA DMA hang workarounds
[    3.934303][    T1] PCI: CLS 0 bytes, default 64
[    3.946192][    T1] RAPL PMU: API unit is 2^-32 Joules, 0 fixed counters, 10737418240 ms ovfl timer
[    3.946268][    T1] clocksource: tsc: mask: 0xffffffffffffffff max_cycles: 0x2cb0742b7d2, max_idle_ns: 440795284580 ns
[    3.964941][    T1] clocksource: Switched to clocksource tsc
[    3.974775][   T45] kworker/u4:2 (45) used greatest stack depth: 27792 bytes left
[    3.990552][   T46] kworker/u4:1 (46) used greatest stack depth: 27680 bytes left
[    4.302153][    T1] Initialise system trusted keyrings
[    4.305319][   T61] kworker/u4:1 (61) used greatest stack depth: 27328 bytes left
[    4.306038][    T1] workingset: timestamp_bits=40 max_order=19 bucket_order=0
[    4.367121][    T1] NFS: Registering the id_resolver key type
[    4.367197][    T1] Key type id_resolver registered
[    4.367204][    T1] Key type id_legacy registered
[    4.367898][    T1] 9p: Installing v9fs 9p2000 file system support
[    4.385049][    T1] Key type asymmetric registered
[    4.385112][    T1] Asymmetric key parser 'x509' registered
[    4.385552][    T1] Block layer SCSI generic (bsg) driver version 0.4 loaded (major 246)
[    4.385883][    T1] io scheduler mq-deadline registered
[    4.385892][    T1] io scheduler kyber registered
[    4.425875][    T1] usbcore: registered new interface driver udlfb
[    4.426370][    T1] usbcore: registered new interface driver smscufx
[    4.428412][    T1] input: Power Button as /devices/LNXSYSTM:00/LNXPWRBN:00/input/input0
[    4.430504][    T1] ACPI: button: Power Button [PWRF]
[    6.583282][    T1] ACPI: \_SB_.LNKC: Enabled at IRQ 11
[    6.590065][    T1] Serial: 8250/16550 driver, 4 ports, IRQ sharing enabled
[    6.602633][    T1] 00:04: ttyS0 at I/O 0x3f8 (irq = 4, base_baud = 115200) is a 16550A
[    6.620071][    T1] Non-volatile memory driver v1.3
[  285.869993][   T27] INFO: task swapper/0:1 blocked for more than 143 seconds.
[  285.874717][   T27]       Not tainted 5.19.0-rc1-syzkaller #0
[  285.878422][   T27] "echo 0 > /proc/sys/kernel/hung_task_timeout_secs" disables this message.
[  285.884110][   T27] task:swapper/0       state:D stack:23248 pid:    1 ppid:     0 flags:0x00004000
[  285.890247][   T27] Call Trace:
[  285.892266][   T27]  <TASK>
[  285.894173][   T27]  __schedule+0xb00/0x2620
[  285.897097][   T27]  ? io_schedule_timeout+0x150/0x150
[  285.900399][   T27]  schedule+0xdb/0x200
[  285.902861][   T27]  schedule_preempt_disabled+0xf/0x20
[  285.906208][   T27]  __mutex_lock+0x910/0x12d0
[  285.909119][   T27]  ? add_early_randomness+0x1a/0x170
[  285.912552][   T27]  ? mutex_lock_io_nested+0x1130/0x1130
[  285.916051][   T27]  ? __mutex_unlock_slowpath+0x15c/0x630
[  285.919595][   T27]  ? set_current_rng+0x2b2/0x380
[  285.922867][   T27]  ? drop_current_rng+0x110/0x110
[  285.926041][   T27]  ? add_early_randomness+0x1a/0x170
[  285.929386][   T27]  add_early_randomness+0x1a/0x170
[  285.933401][   T27]  hwrng_register+0x36a/0x4f0
[  285.936540][   T27]  virtrng_scan+0x37/0x90
[  285.939342][   T27]  ? devm_hwrng_release+0x40/0x40
[  285.942699][   T27]  virtio_dev_probe+0x629/0x900
[  285.945888][   T27]  ? virtio_features_ok+0x100/0x100
[  285.949285][   T27]  really_probe+0x22a/0xb80
[  285.952286][   T27]  __driver_probe_device+0x337/0x4d0
[  285.955874][   T27]  driver_probe_device+0x4c/0x1a0
[  285.959143][   T27]  __driver_attach+0x23c/0x550
[  285.962329][   T27]  ? __device_attach_driver+0x2f0/0x2f0
[  285.966285][   T27]  bus_for_each_dev+0x148/0x1d0
[  285.970106][   T27]  ? subsys_dev_iter_exit+0x20/0x20
[  285.974240][   T27]  bus_add_driver+0x422/0x640
[  285.978013][   T27]  driver_register+0x23a/0x3d0
[  285.981932][   T27]  ? hwrng_modinit+0xf9/0xf9
[  285.985602][   T27]  do_one_initcall+0x105/0x650
[  285.989257][   T27]  ? trace_event_raw_event_initcall_level+0x1f0/0x1f0
[  285.994730][   T27]  ? parameq+0x90/0x170
[  285.998008][   T27]  kernel_init_freeable+0x6b7/0x73e
[  286.002114][   T27]  ? rest_init+0x270/0x270
[  286.005412][   T27]  kernel_init+0x18/0x1d0
[  286.008754][   T27]  ? rest_init+0x270/0x270
[  286.012367][   T27]  ret_from_fork+0x1f/0x30
[  286.015842][   T27]  </TASK>
[  286.018179][   T27] 
[  286.018179][   T27] Showing all locks held in the system:
[  286.024427][   T27] 2 locks held by swapper/0/1:
[  286.028171][   T27]  #0: ffff888010f5d170 (&dev->mutex){....}-{3:3}, at: __driver_attach+0x231/0x550
[  286.035457][   T27]  #1: ffffffff87edefe8 (reading_mutex){+.+.}-{3:3}, at: add_early_randomness+0x1a/0x170
[  286.041682][   T27] 1 lock held by khungtaskd/27:
[  286.044793][   T27]  #0: ffffffff87a94c80 (rcu_read_lock){....}-{1:2}, at: debug_show_all_locks+0x53/0x260
[  286.050758][   T27] 1 lock held by hwrng/136:
[  286.053609][   T27]  #0: ffffffff87edefe8 (reading_mutex){+.+.}-{3:3}, at: hwrng_fillfn+0x141/0x370
[  286.059575][   T27] 
[  286.061138][   T27] =============================================
[  286.061138][   T27] 
[  286.067015][   T27] Kernel panic - not syncing: hung_task: blocked tasks
[  286.071106][   T27] CPU: 1 PID: 27 Comm: khungtaskd Not tainted 5.19.0-rc1-syzkaller #0
[  286.071106][   T27] Hardware name: QEMU Standard PC (i440FX + PIIX, 1996), BIOS 1.16.2-debian-1.16.2-1 04/01/2014
[  286.071106][   T27] Call Trace:
[  286.071106][   T27]  <TASK>
[  286.071106][   T27]  dump_stack_lvl+0xfc/0x174
[  286.071106][   T27]  panic+0x2cf/0x61f
[  286.071106][   T27]  ? panic_print_sys_info.part.0+0x10b/0x10b
[  286.071106][   T27]  ? watchdog.cold+0x5/0x161
[  286.071106][   T27]  watchdog.cold+0x16/0x161
[  286.071106][   T27]  ? proc_dohung_task_timeout_secs+0x80/0x80
[  286.071106][   T27]  kthread+0x2e6/0x3a0
[  286.071106][   T27]  ? kthread_complete_and_exit+0x40/0x40
[  286.071106][   T27]  ret_from_fork+0x1f/0x30
[  286.071106][   T27]  </TASK>
[  286.071106][   T27] Kernel Offset: disabled
[  286.071106][   T27] Rebooting in 86400 seconds..
2024/03/05 00:45:41 loop: starting repro of 'INFO: task hung in add_early_randomness' on instances [0 1 2]
2024/03/05 00:45:41 reproducing crash 'INFO: task hung in add_early_randomness': 150 programs, 3 VMs, timeouts [6m0s]
2024/03/05 00:45:45 VMs 0, executed 17867, cover 18527, signal 22336/36197, crashes 1, repro 1, triageQLen 0
2024/03/05 00:45:51 failed to create instance: can't ssh into the instance
failed to run ["ssh" "-p" "27781" "-F" "/dev/null" "-o" "UserKnownHostsFile=/dev/null" "-o" "BatchMode=yes" "-o" "IdentitiesOnly=yes" "-o" "StrictHostKeyChecking=no" "-o" "ConnectTimeout=10" "root@localhost" "pwd"]: exit status 255
Connection timed out during banner exchange
Connection to 127.0.0.1 port 27781 timed out
[    0.000000][    T0] Linux version 5.19.0-rc1-syzkaller (syzkaller@syzkaller) (gcc (Debian 12.2.0-14) 12.2.0, GNU ld (GNU Binutils for Debian) 2.40) #0 SMP PREEMPT_DYNAMIC now
[    0.000000][    T0] Command line: root=/dev/sda console=ttyS0 root=/dev/sda1
[    0.000000][    T0] KERNEL supported cpus:
[    0.000000][    T0]   Intel GenuineIntel
[    0.000000][    T0]   AMD AuthenticAMD
[    0.000000][    T0] x86/fpu: Supporting XSAVE feature 0x001: 'x87 floating point registers'
[    0.000000][    T0] x86/fpu: Supporting XSAVE feature 0x002: 'SSE registers'
[    0.000000][    T0] x86/fpu: Supporting XSAVE feature 0x004: 'AVX registers'
[    0.000000][    T0] x86/fpu: Supporting XSAVE feature 0x008: 'MPX bounds registers'
[    0.000000][    T0] x86/fpu: Supporting XSAVE feature 0x010: 'MPX CSR'
[    0.000000][    T0] x86/fpu: Supporting XSAVE feature 0x020: 'AVX-512 opmask'
[    0.000000][    T0] x86/fpu: Supporting XSAVE feature 0x040: 'AVX-512 Hi256'
[    0.000000][    T0] x86/fpu: Supporting XSAVE feature 0x080: 'AVX-512 ZMM_Hi256'
[    0.000000][    T0] x86/fpu: xstate_offset[2]:  576, xstate_sizes[2]:  256
[    0.000000][    T0] x86/fpu: xstate_offset[3]:  832, xstate_sizes[3]:   64
[    0.000000][    T0] x86/fpu: xstate_offset[4]:  896, xstate_sizes[4]:   64
[    0.000000][    T0] x86/fpu: xstate_offset[5]:  960, xstate_sizes[5]:   64
[    0.000000][    T0] x86/fpu: xstate_offset[6]: 1024, xstate_sizes[6]:  512
[    0.000000][    T0] x86/fpu: xstate_offset[7]: 1536, xstate_sizes[7]: 1024
[    0.000000][    T0] x86/fpu: Enabled xstate features 0xff, context size is 2560 bytes, using 'compacted' format.
[    0.000000][    T0] signal: max sigframe size: 3632
[    0.000000][    T0] BIOS-provided physical RAM map:
[    0.000000][    T0] BIOS-e820: [mem 0x0000000000000000-0x000000000009fbff] usable
[    0.000000][    T0] BIOS-e820: [mem 0x000000000009fc00-0x000000000009ffff] reserved
[    0.000000][    T0] BIOS-e820: [mem 0x00000000000f0000-0x00000000000fffff] reserved
[    0.000000][    T0] BIOS-e820: [mem 0x0000000000100000-0x000000007ffdffff] usable
[    0.000000][    T0] BIOS-e820: [mem 0x000000007ffe0000-0x000000007fffffff] reserved
[    0.000000][    T0] BIOS-e820: [mem 0x00000000feffc000-0x00000000feffffff] reserved
[    0.000000][    T0] BIOS-e820: [mem 0x00000000fffc0000-0x00000000ffffffff] reserved
[    0.000000][    T0] printk: bootconsole [earlyser0] enabled
[    0.000000][    T0] ERROR: earlyprintk= earlyser already used
[    0.000000][    T0] ERROR: earlyprintk= earlyser already used
[    0.000000][    T0] **********************************************************
[    0.000000][    T0] **   NOTICE NOTICE NOTICE NOTICE NOTICE NOTICE NOTICE   **
[    0.000000][    T0] **                                                      **
[    0.000000][    T0] ** This system shows unhashed kernel memory addresses   **
[    0.000000][    T0] ** via the console, logs, and other interfaces. This    **
[    0.000000][    T0] ** might reduce the security of your system.            **
[    0.000000][    T0] **                                                      **
[    0.000000][    T0] ** If you see this message and you are not debugging    **
[    0.000000][    T0] ** the kernel, report this immediately to your system   **
[    0.000000][    T0] ** administrator!                                       **
[    0.000000][    T0] **                                                      **
[    0.000000][    T0] **   NOTICE NOTICE NOTICE NOTICE NOTICE NOTICE NOTICE   **
[    0.000000][    T0] **********************************************************
[    0.000000][    T0] Malformed early option 'vsyscall'
[    0.000000][    T0] Malformed early option 'numa'
[    0.000000][    T0] nopcid: PCID feature disabled
[    0.000000][    T0] NX (Execute Disable) protection: active
[    0.000000][    T0] SMBIOS 2.8 present.
[    0.000000][    T0] DMI: QEMU Standard PC (i440FX + PIIX, 1996), BIOS 1.16.2-debian-1.16.2-1 04/01/2014
[    0.000000][    T0] Hypervisor detected: KVM
[    0.000000][    T0] kvm-clock: Using msrs 4b564d01 and 4b564d00
[    0.000008][    T0] kvm-clock: using sched offset of 1476895587 cycles
[    0.005156][    T0] clocksource: kvm-clock: mask: 0xffffffffffffffff max_cycles: 0x1cd42e4dffb, max_idle_ns: 881590591483 ns
[    0.020647][    T0] tsc: Detected 3100.318 MHz processor
[    0.032045][    T0] last_pfn = 0x7ffe0 max_arch_pfn = 0x400000000
[    0.038067][    T0] x86/PAT: Configuration [0-7]: WB  WC  UC- UC  WB  WP  UC- WT  
[    0.054185][    T0] found SMP MP-table at [mem 0x000f5b90-0x000f5b9f]
[    0.060005][    T0] Using GB pages for direct mapping
[    0.065777][    T0] ACPI: Early table checksum verification disabled
[    0.071611][    T0] ACPI: RSDP 0x00000000000F59C0 000014 (v00 BOCHS )
[    0.077371][    T0] ACPI: RSDT 0x000000007FFE1B21 000034 (v01 BOCHS  BXPC     00000001 BXPC 00000001)
[    0.085301][    T0] ACPI: FACP 0x000000007FFE19CD 000074 (v01 BOCHS  BXPC     00000001 BXPC 00000001)
[    0.092990][    T0] ACPI: DSDT 0x000000007FFE0040 00198D (v01 BOCHS  BXPC     00000001 BXPC 00000001)
[    0.099412][    T0] ACPI: FACS 0x000000007FFE0000 000040
[    0.104115][    T0] ACPI: APIC 0x000000007FFE1A41 000080 (v01 BOCHS  BXPC     00000001 BXPC 00000001)
[    0.112090][    T0] ACPI: HPET 0x000000007FFE1AC1 000038 (v01 BOCHS  BXPC     00000001 BXPC 00000001)
[    0.119135][    T0] ACPI: WAET 0x000000007FFE1AF9 000028 (v01 BOCHS  BXPC     00000001 BXPC 00000001)
[    0.127002][    T0] ACPI: Reserving FACP table memory at [mem 0x7ffe19cd-0x7ffe1a40]
[    0.133521][    T0] ACPI: Reserving DSDT table memory at [mem 0x7ffe0040-0x7ffe19cc]
[    0.140320][    T0] ACPI: Reserving FACS table memory at [mem 0x7ffe0000-0x7ffe003f]
[    0.147043][    T0] ACPI: Reserving APIC table memory at [mem 0x7ffe1a41-0x7ffe1ac0]
[    0.153156][    T0] ACPI: Reserving HPET table memory at [mem 0x7ffe1ac1-0x7ffe1af8]
[    0.158487][    T0] ACPI: Reserving WAET table memory at [mem 0x7ffe1af9-0x7ffe1b20]
[    0.166317][    T0] No NUMA configuration found
[    0.169488][    T0] Faking a node at [mem 0x0000000000000000-0x000000007ffdffff]
[    0.176007][    T0] NODE_DATA(0) allocated [mem 0x7ffdc000-0x7ffdffff]
[    0.191853][    T0] Zone ranges:
[    0.194400][    T0]   DMA      [mem 0x0000000000001000-0x0000000000ffffff]
[    0.200550][    T0]   DMA32    [mem 0x0000000001000000-0x000000007ffdffff]
[    0.206804][    T0]   Normal   empty
[    0.210046][    T0] Movable zone start for each node
[    0.214529][    T0] Early memory node ranges
[    0.218314][    T0]   node   0: [mem 0x0000000000001000-0x000000000009efff]
[    0.224022][    T0]   node   0: [mem 0x0000000000100000-0x000000007ffdffff]
[    0.229320][    T0] Initmem setup node 0 [mem 0x0000000000001000-0x000000007ffdffff]
[    0.236109][    T0] On node 0, zone DMA: 1 pages in unavailable ranges
[    0.236271][    T0] On node 0, zone DMA: 97 pages in unavailable ranges
[    0.257264][    T0] On node 0, zone DMA32: 32 pages in unavailable ranges
[    0.368591][    T0] kasan: KernelAddressSanitizer initialized
[    0.382984][    T0] ACPI: PM-Timer IO Port: 0x608
[    0.387210][    T0] ACPI: LAPIC_NMI (acpi_id[0xff] dfl dfl lint[0x1])
[    0.393191][    T0] IOAPIC[0]: apic_id 0, version 17, address 0xfec00000, GSI 0-23
[    0.399882][    T0] ACPI: INT_SRC_OVR (bus 0 bus_irq 0 global_irq 2 dfl dfl)
[    0.406081][    T0] ACPI: INT_SRC_OVR (bus 0 bus_irq 5 global_irq 5 high level)
[    0.412579][    T0] ACPI: INT_SRC_OVR (bus 0 bus_irq 9 global_irq 9 high level)
[    0.419040][    T0] ACPI: INT_SRC_OVR (bus 0 bus_irq 10 global_irq 10 high level)
[    0.425588][    T0] ACPI: INT_SRC_OVR (bus 0 bus_irq 11 global_irq 11 high level)
[    0.432159][    T0] ACPI: Using ACPI (MADT) for SMP configuration information
[    0.438470][    T0] ACPI: HPET id: 0x8086a201 base: 0xfed00000
[    0.443681][    T0] TSC deadline timer available
[    0.447762][    T0] smpboot: Allowing 2 CPUs, 0 hotplug CPUs
[    0.452973][    T0] kvm-guest: KVM setup pv remote TLB flush
[    0.457859][    T0] kvm-guest: setup PV sched yield
[    0.462097][    T0] PM: hibernation: Registered nosave memory: [mem 0x00000000-0x00000fff]
[    0.469313][    T0] PM: hibernation: Registered nosave memory: [mem 0x0009f000-0x0009ffff]
[    0.476439][    T0] PM: hibernation: Registered nosave memory: [mem 0x000a0000-0x000effff]
[    0.483511][    T0] PM: hibernation: Registered nosave memory: [mem 0x000f0000-0x000fffff]
[    0.490741][    T0] [mem 0x80000000-0xfeffbfff] available for PCI devices
[    0.496659][    T0] Booting paravirtualized kernel on KVM
[    0.501479][    T0] clocksource: refined-jiffies: mask: 0xffffffff max_cycles: 0xffffffff, max_idle_ns: 19112604462750000 ns
[    0.547888][    T0] setup_percpu: NR_CPUS:8 nr_cpumask_bits:8 nr_cpu_ids:2 nr_node_ids:1
[    0.555927][    T0] percpu: Embedded 67 pages/cpu s233632 r8192 d32608 u1048576
[    0.562903][    T0] kvm-guest: PV spinlocks enabled
[    0.567153][    T0] PV qspinlock hash table entries: 256 (order: 0, 4096 bytes, linear)
[    0.574254][    T0] Fallback order for Node 0: 0 
[    0.578520][    T0] Built 1 zonelists, mobility grouping on.  Total pages: 515808
[    0.585191][    T0] Policy zone: DMA32
[    0.588476][    T0] Kernel command line: earlyprintk=serial net.ifnames=0 sysctl.kernel.hung_task_all_cpu_backtrace=1 ima_policy=tcb nf-conntrack-ftp.ports=20000 nf-conntrack-tftp.ports=20000 nf-conntrack-sip.ports=20000 nf-conntrack-irc.ports=20000 nf-conntrack-sane.ports=20000 binder.debug_mask=0 rcupdate.rcu_expedited=1 no_hash_pointers page_owner=on sysctl.vm.nr_hugepages=4 sysctl.vm.nr_overcommit_hugepages=4 secretmem.enable=1 sysctl.max_rcu_stall_to_panic=1 msr.allow_writes=off root=/dev/sda console=ttyS0 vsyscall=native numa=fake=2 kvm-intel.nested=1 spec_store_bypass_disable=prctl nopcid vivid.n_devs=16 vivid.multiplanar=1,2,1,2,1,2,1,2,1,2,1,2,1,2,1,2 netrom.nr_ndevs=16 rose.rose_ndevs=16 dummy_hcd.num=8 smp.csd_lock_timeout=100000 watchdog_thresh=55 workqueue.watchdog_thresh=140 sysctl.net.core.netdev_unregister_timeout_secs=140 panic_on_warn=1 root=/dev/sda console=ttyS0 root=/dev/sda1
[    0.662904][    T0] Unknown kernel command line parameters "spec_store_bypass_disable=prctl", will be passed to user space.
[    0.673042][    T0] Dentry cache hash table entries: 262144 (order: 9, 2097152 bytes, linear)
[    0.680997][    T0] Inode-cache hash table entries: 131072 (order: 8, 1048576 bytes, linear)
[    0.688726][    T0] mem auto-init: stack:off, heap alloc:on, heap free:off
[    0.693942][    T0] Stack Depot early init allocating hash table with memblock_alloc, 8388608 bytes
[    0.852804][    T0] Memory: 1590412K/2096632K available (83983K kernel code, 22390K rwdata, 18900K rodata, 2200K init, 32556K bss, 505964K reserved, 0K cma-reserved)
[    0.862076][    T0] SLUB: HWalign=64, Order=0-3, MinObjects=0, CPUs=2, Nodes=1
[    0.871806][    T0] Dynamic Preempt: voluntary
[    0.875266][    T0] Running RCU self tests
[    0.877828][    T0] rcu: Preemptible hierarchical RCU implementation.
[    0.881744][    T0] rcu: 	RCU lockdep checking is enabled.
[    0.885054][    T0] rcu: 	RCU restricting CPUs from NR_CPUS=8 to nr_cpu_ids=2.
[    0.889402][    T0] rcu: 	RCU callback double-/use-after-free debug is enabled.
[    0.893856][    T0] rcu: 	RCU debug extended QS entry/exit.
[    0.897227][    T0] 	All grace periods are expedited (rcu_expedited).
[    0.901141][    T0] 	Trampoline variant of Tasks RCU enabled.
[    0.904598][    T0] rcu: RCU calculated value of scheduler-enlistment delay is 10 jiffies.
[    0.909584][    T0] rcu: Adjusting geometry for rcu_fanout_leaf=16, nr_cpu_ids=2
[    0.928297][    T0] NR_IRQS: 4352, nr_irqs: 440, preallocated irqs: 16
[    0.932885][    T0] rcu: srcu_init: Setting srcu_struct sizes based on contention.
[    0.937633][    T0] random: crng init done
[    0.978506][    T0] Console: colour VGA+ 80x25
[    0.981384][    T0] printk: console [ttyS0] enabled
[    0.981384][    T0] printk: console [ttyS0] enabled
[    0.987377][    T0] printk: bootconsole [earlyser0] disabled
[    0.987377][    T0] printk: bootconsole [earlyser0] disabled
[    0.994314][    T0] Lock dependency validator: Copyright (c) 2006 Red Hat, Inc., Ingo Molnar
[    0.999387][    T0] ... MAX_LOCKDEP_SUBCLASSES:  8
[    1.002884][    T0] ... MAX_LOCK_DEPTH:          48
[    1.006392][    T0] ... MAX_LOCKDEP_KEYS:        8192
[    1.010041][    T0] ... CLASSHASH_SIZE:          4096
[    1.013654][    T0] ... MAX_LOCKDEP_ENTRIES:     131072
[    1.017380][    T0] ... MAX_LOCKDEP_CHAINS:      262144
[    1.021104][    T0] ... CHAINHASH_SIZE:          131072
[    1.024865][    T0]  memory used by lock dependency info: 20657 kB
[    1.029278][    T0]  memory used for stack traces: 8320 kB
[    1.033433][    T0]  per task-struct memory footprint: 1920 bytes
[    1.038254][    T0] ACPI: Core revision 20220331
[    1.042737][    T0] clocksource: hpet: mask: 0xffffffff max_cycles: 0xffffffff, max_idle_ns: 19112604467 ns
[    1.050212][    T0] APIC: Switch to symmetric I/O mode setup
[    1.054099][    T0] kvm-guest: setup PV IPIs
[    1.065428][    T0] ..TIMER: vector=0x30 apic1=0 pin1=2 apic2=-1 pin2=-1
[    1.070450][    T0] clocksource: tsc-early: mask: 0xffffffffffffffff max_cycles: 0x2cb0742b7d2, max_idle_ns: 440795284580 ns
[    1.078406][    T0] Calibrating delay loop (skipped) preset value.. 6200.63 BogoMIPS (lpj=31003180)
[    1.088382][    T0] pid_max: default: 32768 minimum: 301
[    1.092390][    T0] LSM: Security Framework initializing
[    1.098459][    T0] landlock: Up and running.
[    1.101821][    T0] Yama: becoming mindful.
[    1.105179][    T0] TOMOYO Linux initialized
[    1.108563][    T0] AppArmor: AppArmor initialized
[    1.112219][    T0] Mount-cache hash table entries: 4096 (order: 3, 32768 bytes, linear)
[    1.118390][    T0] Mountpoint-cache hash table entries: 4096 (order: 3, 32768 bytes, linear)
[    1.130096][    T0] x86/cpu: User Mode Instruction Prevention (UMIP) activated
[    1.136225][    T0] Last level iTLB entries: 4KB 0, 2MB 0, 4MB 0
[    1.138393][    T0] Last level dTLB entries: 4KB 0, 2MB 0, 4MB 0, 1GB 0
[    1.143112][    T0] Spectre V1 : Mitigation: usercopy/swapgs barriers and __user pointer sanitization
[    1.148444][    T0] Spectre V2 : Mitigation: Enhanced IBRS
[    1.152559][    T0] Spectre V2 : Spectre v2 / SpectreRSB mitigation: Filling RSB on context switch
[    1.158416][    T0] Spectre V2 : mitigation: Enabling conditional Indirect Branch Prediction Barrier
[    1.168426][    T0] Speculative Store Bypass: Mitigation: Speculative Store Bypass disabled via prctl
[    1.175171][    T0] TAA: Mitigation: Clear CPU buffers
[    1.178382][    T0] MDS: Mitigation: Clear CPU buffers
[    1.183877][    T0] Freeing SMP alternatives memory: 60K
[    1.189159][    T1] smpboot: CPU0: Intel(R) Xeon(R) CPU @ 3.10GHz (family: 0x6, model: 0x55, stepping: 0x7)
[    1.197349][    T1] cblist_init_generic: Setting adjustable number of callback queues.
[    1.198391][    T1] cblist_init_generic: Setting shift to 1 and lim to 1.
[    1.203446][    T1] Running RCU-tasks wait API self tests
[    1.308620][    T1] Performance Events: unsupported p6 CPU model 85 no PMU driver, software events only.
[    1.316245][    T1] rcu: Hierarchical SRCU implementation.
[    1.316413][   T14] printk: console [ttyS0] printing thread started
[    1.324932][    T1] NMI watchdog: Perf NMI watchdog permanently disabled
[    1.325353][    T1] smp: Bringing up secondary CPUs ...
[    1.326399][    T1] x86: Booting SMP configuration:
[    1.326402][    T1] .... node  #0, CPUs:      #1
[    1.341957][    T1] smp: Brought up 1 node, 2 CPUs
[    1.341968][    T1] smpboot: Max logical packages: 1
[    1.341973][    T1] smpboot: Total of 2 processors activated (12401.27 BogoMIPS)
[    1.357733][    T1] allocated 33554432 bytes of page_ext
[    1.367511][    T1] Node 0, zone      DMA: page owner found early allocated 0 pages
[    1.374171][    T1] Node 0, zone    DMA32: page owner found early allocated 9337 pages
[    1.375789][    T1] devtmpfs: initialized
[    1.389574][    T1] clocksource: jiffies: mask: 0xffffffff max_cycles: 0xffffffff, max_idle_ns: 19112604462750000 ns
[    1.389574][    T1] futex hash table entries: 512 (order: 4, 65536 bytes, linear)
[    1.392110][    T1] PM: RTC time: 00:35:47, date: 2024-03-05
[    1.393049][    T1] NET: Registered PF_NETLINK/PF_ROUTE protocol family
[    1.400322][    T1] audit: initializing netlink subsys (disabled)
[    1.402804][    T1] thermal_sys: Registered thermal governor 'step_wise'
[    1.402814][    T1] thermal_sys: Registered thermal governor 'user_space'
[    1.403104][   T26] audit: type=2000 audit(1709598948.508:1): state=initialized audit_enabled=0 res=1
[    1.403151][    T1] cpuidle: using governor menu
[    1.419389][    T1] PCI: Using configuration type 1 for base access
[    1.582163][    T1] HugeTLB: can optimize 7 vmemmap pages for hugepages-2048kB
[    1.582163][    T1] HugeTLB registered 2.00 MiB page size, pre-allocated 0 pages
[    1.598372][    T1] ACPI: Added _OSI(Module Device)
[    1.598372][    T1] ACPI: Added _OSI(Processor Device)
[    1.598372][    T1] ACPI: Added _OSI(3.0 _SCP Extensions)
[    1.598372][    T1] ACPI: Added _OSI(Processor Aggregator Device)
[    1.598372][    T1] ACPI: Added _OSI(Linux-Dell-Video)
[    1.598372][    T1] ACPI: Added _OSI(Linux-Lenovo-NV-HDMI-Audio)
[    1.598372][    T1] ACPI: Added _OSI(Linux-HPI-Hybrid-Graphics)
[    1.653399][   T11] Callback from call_rcu_tasks() invoked.
[    1.672127][    T1] ACPI: 1 ACPI AML tables successfully acquired and loaded
[    3.223720][    T1] ACPI: Interpreter enabled
[    3.224034][    T1] ACPI: PM: (supports S0 S3 S4 S5)
[    3.224057][    T1] ACPI: Using IOAPIC for interrupt routing
[    3.224313][    T1] PCI: Using host bridge windows from ACPI; if necessary, use "pci=nocrs" and report a bug
[    3.224321][    T1] PCI: Using E820 reservations for host bridge windows
[    3.227172][    T1] ACPI: Enabled 2 GPEs in block 00 to 0F
[    3.312282][    T1] ACPI: PCI Root Bridge [PCI0] (domain 0000 [bus 00-ff])
[    3.312348][    T1] acpi PNP0A03:00: _OSC: OS supports [ASPM ClockPM Segments MSI HPX-Type3]
[    3.312365][    T1] acpi PNP0A03:00: _OSC: not requesting OS control; OS requires [ExtendedConfig ASPM ClockPM MSI]
[    3.312783][    T1] acpi PNP0A03:00: fail to add MMCONFIG information, can't access extended PCI configuration space under this bridge.
[    3.313746][    T1] PCI host bridge to bus 0000:00
[    3.313762][    T1] pci_bus 0000:00: root bus resource [io  0x0000-0x0cf7 window]
[    3.313783][    T1] pci_bus 0000:00: root bus resource [io  0x0d00-0xffff window]
[    3.313801][    T1] pci_bus 0000:00: root bus resource [mem 0x000a0000-0x000bffff window]
[    3.313820][    T1] pci_bus 0000:00: root bus resource [mem 0x80000000-0xfebfffff window]
[    3.313838][    T1] pci_bus 0000:00: root bus resource [mem 0x100000000-0x17fffffff window]
[    3.313890][    T1] pci_bus 0000:00: root bus resource [bus 00-ff]
[    3.314512][    T1] pci 0000:00:00.0: [8086:1237] type 00 class 0x060000
[    3.342677][    T1] pci 0000:00:01.0: [8086:7000] type 00 class 0x060100
[    3.370894][    T1] pci 0000:00:01.1: [8086:7010] type 00 class 0x010180
[    3.376364][    T1] pci 0000:00:01.1: reg 0x20: [io  0xc060-0xc06f]
[    3.378608][    T1] pci 0000:00:01.1: legacy IDE quirk: reg 0x10: [io  0x01f0-0x01f7]
[    3.378625][    T1] pci 0000:00:01.1: legacy IDE quirk: reg 0x14: [io  0x03f6]
[    3.378638][    T1] pci 0000:00:01.1: legacy IDE quirk: reg 0x18: [io  0x0170-0x0177]
[    3.378651][    T1] pci 0000:00:01.1: legacy IDE quirk: reg 0x1c: [io  0x0376]
[    3.380402][    T1] pci 0000:00:01.3: [8086:7113] type 00 class 0x068000
[    3.384782][    T1] pci 0000:00:01.3: quirk: [io  0x0600-0x063f] claimed by PIIX4 ACPI
[    3.384863][    T1] pci 0000:00:01.3: quirk: [io  0x0700-0x070f] claimed by PIIX4 SMB
[    3.386950][    T1] pci 0000:00:02.0: [1234:1111] type 00 class 0x030000
[    3.389770][    T1] pci 0000:00:02.0: reg 0x10: [mem 0xfd000000-0xfdffffff pref]
[    3.396549][    T1] pci 0000:00:02.0: reg 0x18: [mem 0xfebf0000-0xfebf0fff]
[    3.409276][    T1] pci 0000:00:02.0: reg 0x30: [mem 0xfebe0000-0xfebeffff pref]
[    3.410104][    T1] pci 0000:00:02.0: Video device with shadowed ROM at [mem 0x000c0000-0x000dffff]
[    3.436573][    T1] pci 0000:00:03.0: [1af4:1005] type 00 class 0x00ff00
[    3.438400][    T1] pci 0000:00:03.0: reg 0x10: [io  0xc040-0xc05f]
[    3.440042][    T1] pci 0000:00:03.0: reg 0x14: [mem 0xfebf1000-0xfebf1fff]
[    3.446969][    T1] pci 0000:00:03.0: reg 0x20: [mem 0xfe000000-0xfe003fff 64bit pref]
[    3.480877][    T1] pci 0000:00:04.0: [8086:100e] type 00 class 0x020000
[    3.483434][    T1] pci 0000:00:04.0: reg 0x10: [mem 0xfebc0000-0xfebdffff]
[    3.485924][    T1] pci 0000:00:04.0: reg 0x14: [io  0xc000-0xc03f]
[    3.496110][    T1] pci 0000:00:04.0: reg 0x30: [mem 0xfeb80000-0xfebbffff pref]
[    3.536766][    T1] ACPI: PCI: Interrupt link LNKA configured for IRQ 10
[    3.540828][    T1] ACPI: PCI: Interrupt link LNKB configured for IRQ 10
[    3.545727][    T1] ACPI: PCI: Interrupt link LNKC configured for IRQ 11
[    3.549286][    T1] ACPI: PCI: Interrupt link LNKD configured for IRQ 11
[    3.550544][    T1] ACPI: PCI: Interrupt link LNKS configured for IRQ 9
[    3.559209][    T1] iommu: Default domain type: Translated 
[    3.559217][    T1] iommu: DMA domain TLB invalidation policy: lazy mode 
[    3.561253][    T1] SCSI subsystem initialized
[    3.562798][    T1] ACPI: bus type USB registered
[    3.563273][    T1] usbcore: registered new interface driver usbfs
[    3.563513][    T1] usbcore: registered new interface driver hub
[    3.563650][    T1] usbcore: registered new device driver usb
[    3.564987][    T1] mc: Linux media interface: v0.10
[    3.565108][    T1] videodev: Linux video capture interface: v2.00
[    3.565861][    T1] pps_core: LinuxPPS API ver. 1 registered
[    3.565867][    T1] pps_core: Software ver. 5.3.6 - Copyright 2005-2007 Rodolfo Giometti <giometti@linux.it>
[    3.565957][    T1] PTP clock support registered
[    3.566612][    T1] EDAC MC: Ver: 3.0.0
[    3.570642][    T1] Advanced Linux Sound Architecture Driver Initialized.
[    3.573538][    T1] Bluetooth: Core ver 2.22
[    3.573703][    T1] NET: Registered PF_BLUETOOTH protocol family
[    3.573708][    T1] Bluetooth: HCI device and connection manager initialized
[    3.573798][    T1] Bluetooth: HCI socket layer initialized
[    3.573815][    T1] Bluetooth: L2CAP socket layer initialized
[    3.573894][    T1] NET: Registered PF_ATMPVC protocol family
[    3.573900][    T1] NET: Registered PF_ATMSVC protocol family
[    3.574146][    T1] NetLabel: Initializing
[    3.574149][    T1] NetLabel:  domain hash size = 128
[    3.574155][    T1] NetLabel:  protocols = UNLABELED CIPSOv4 CALIPSO
[    3.574389][    T1] NetLabel:  unlabeled traffic allowed by default
[    3.576033][    T1] nfc: nfc_init: NFC Core ver 0.1
[    3.576229][    T1] NET: Registered PF_NFC protocol family
[    3.576236][    T1] PCI: Using ACPI for IRQ routing
[    3.577989][    T1] pci 0000:00:02.0: vgaarb: setting as boot VGA device
[    3.578002][    T1] pci 0000:00:02.0: vgaarb: bridge control possible
[    3.578011][    T1] pci 0000:00:02.0: vgaarb: VGA device added: decodes=io+mem,owns=io+mem,locks=none
[    3.578030][    T1] vgaarb: loaded
[    3.582203][    T1] hpet0: at MMIO 0xfed00000, IRQs 2, 8, 0
[    3.582230][    T1] hpet0: 3 comparators, 64-bit 100.000000 MHz counter
[    3.588991][    T1] clocksource: Switched to clocksource kvm-clock
[    3.611935][    T1] VFS: Disk quotas dquot_6.6.0
[    3.612056][    T1] VFS: Dquot-cache hash table entries: 512 (order 0, 4096 bytes)
[    3.613299][    T1] TOMOYO: 2.6.0
[    3.613304][    T1] Mandatory Access Control activated.
[    3.615537][    T1] AppArmor: AppArmor Filesystem Enabled
[    3.616590][    T1] pnp: PnP ACPI init
[    3.637864][    T1] pnp: PnP ACPI: found 6 devices
[    3.679024][    T1] clocksource: acpi_pm: mask: 0xffffff max_cycles: 0xffffff, max_idle_ns: 2085701024 ns
[    3.679735][    T1] NET: Registered PF_INET protocol family
[    3.680191][    T1] IP idents hash table entries: 32768 (order: 6, 262144 bytes, linear)
[    3.683506][    T1] tcp_listen_portaddr_hash hash table entries: 1024 (order: 4, 73728 bytes, linear)
[    3.684342][    T1] TCP established hash table entries: 16384 (order: 5, 131072 bytes, linear)
[    3.686310][    T1] TCP bind bhash tables hash table entries: 16384 (order: 8, 1310720 bytes, linear)
[    3.687238][    T1] TCP: Hash tables configured (established 16384 bind 16384)
[    3.687723][    T1] UDP hash table entries: 1024 (order: 5, 163840 bytes, linear)
[    3.688024][    T1] UDP-Lite hash table entries: 1024 (order: 5, 163840 bytes, linear)
[    3.688692][    T1] NET: Registered PF_UNIX/PF_LOCAL protocol family
[    3.712009][    T1] RPC: Registered named UNIX socket transport module.
[    3.712019][    T1] RPC: Registered udp transport module.
[    3.712025][    T1] RPC: Registered tcp transport module.
[    3.712030][    T1] RPC: Registered tcp NFSv4.1 backchannel transport module.
[    3.718682][    T1] pci_bus 0000:00: resource 4 [io  0x0000-0x0cf7 window]
[    3.718742][    T1] pci_bus 0000:00: resource 5 [io  0x0d00-0xffff window]
[    3.718757][    T1] pci_bus 0000:00: resource 6 [mem 0x000a0000-0x000bffff window]
[    3.718772][    T1] pci_bus 0000:00: resource 7 [mem 0x80000000-0xfebfffff window]
[    3.718826][    T1] pci_bus 0000:00: resource 8 [mem 0x100000000-0x17fffffff window]
[    3.720360][    T1] pci 0000:00:01.0: PIIX3: Enabling Passive Release
[    3.720525][    T1] pci 0000:00:00.0: Limiting direct PCI/PCI transfers
[    3.720678][    T1] pci 0000:00:01.0: Activating ISA DMA hang workarounds
[    3.721387][    T1] PCI: CLS 0 bytes, default 64
[    3.754876][    T1] RAPL PMU: API unit is 2^-32 Joules, 0 fixed counters, 10737418240 ms ovfl timer
[    3.754950][    T1] clocksource: tsc: mask: 0xffffffffffffffff max_cycles: 0x2cb0742b7d2, max_idle_ns: 440795284580 ns
[    3.755080][    T1] clocksource: Switched to clocksource tsc
[    3.769228][   T43] kworker/u4:2 (43) used greatest stack depth: 27024 bytes left
[    4.135801][    T1] Initialise system trusted keyrings
[    4.138587][    T1] workingset: timestamp_bits=40 max_order=19 bucket_order=0
[    4.201745][    T1] NFS: Registering the id_resolver key type
[    4.201809][    T1] Key type id_resolver registered
[    4.201816][    T1] Key type id_legacy registered
[    4.202664][    T1] 9p: Installing v9fs 9p2000 file system support
[    4.214360][    T1] Key type asymmetric registered
[    4.214411][    T1] Asymmetric key parser 'x509' registered
[    4.214681][    T1] Block layer SCSI generic (bsg) driver version 0.4 loaded (major 246)
[    4.214905][    T1] io scheduler mq-deadline registered
[    4.214911][    T1] io scheduler kyber registered
[    4.241362][    T1] usbcore: registered new interface driver udlfb
[    4.241772][    T1] usbcore: registered new interface driver smscufx
[    4.243677][    T1] input: Power Button as /devices/LNXSYSTM:00/LNXPWRBN:00/input/input0
[    4.245527][    T1] ACPI: button: Power Button [PWRF]
[    4.250572][   T85] kworker/u4:0 (85) used greatest stack depth: 26912 bytes left
[    6.439918][    T1] ACPI: \_SB_.LNKC: Enabled at IRQ 11
[    6.451120][    T1] Serial: 8250/16550 driver, 4 ports, IRQ sharing enabled
[    6.460996][    T1] 00:04: ttyS0 at I/O 0x3f8 (irq = 4, base_baud = 115200) is a 16550A
[    6.477056][    T1] Non-volatile memory driver v1.3
[  285.708582][   T27] INFO: task swapper/0:1 blocked for more than 143 seconds.
[  285.713507][   T27]       Not tainted 5.19.0-rc1-syzkaller #0
[  285.717334][   T27] "echo 0 > /proc/sys/kernel/hung_task_timeout_secs" disables this message.
[  285.723272][   T27] task:swapper/0       state:D stack:23248 pid:    1 ppid:     0 flags:0x00004000
[  285.729454][   T27] Call Trace:
[  285.731600][   T27]  <TASK>
[  285.733542][   T27]  __schedule+0xb00/0x2620
[  285.736522][   T27]  ? io_schedule_timeout+0x150/0x150
[  285.740131][   T27]  schedule+0xdb/0x200
[  285.742785][   T27]  schedule_preempt_disabled+0xf/0x20
[  285.746099][   T27]  __mutex_lock+0x910/0x12d0
[  285.748988][   T27]  ? add_early_randomness+0x1a/0x170
[  285.752341][   T27]  ? mutex_lock_io_nested+0x1130/0x1130
[  285.755959][   T27]  ? __mutex_unlock_slowpath+0x15c/0x630
[  285.759917][   T27]  ? set_current_rng+0x2b2/0x380
[  285.763101][   T27]  ? drop_current_rng+0x110/0x110
[  285.766385][   T27]  ? add_early_randomness+0x1a/0x170
[  285.770530][   T27]  add_early_randomness+0x1a/0x170
[  285.774424][   T27]  hwrng_register+0x36a/0x4f0
[  285.777359][   T27]  virtrng_scan+0x37/0x90
[  285.780360][   T27]  ? devm_hwrng_release+0x40/0x40
[  285.783627][   T27]  virtio_dev_probe+0x629/0x900
[  285.786666][   T27]  ? virtio_features_ok+0x100/0x100
[  285.790219][   T27]  really_probe+0x22a/0xb80
[  285.793342][   T27]  __driver_probe_device+0x337/0x4d0
[  285.797022][   T27]  driver_probe_device+0x4c/0x1a0
[  285.800567][   T27]  __driver_attach+0x23c/0x550
[  285.803809][   T27]  ? __device_attach_driver+0x2f0/0x2f0
[  285.807482][   T27]  bus_for_each_dev+0x148/0x1d0
[  285.810823][   T27]  ? subsys_dev_iter_exit+0x20/0x20
[  285.814321][   T27]  bus_add_driver+0x422/0x640
[  285.817348][   T27]  driver_register+0x23a/0x3d0
[  285.820504][   T27]  ? hwrng_modinit+0xf9/0xf9
[  285.823599][   T27]  do_one_initcall+0x105/0x650
[  285.826694][   T27]  ? trace_event_raw_event_initcall_level+0x1f0/0x1f0
[  285.831418][   T27]  ? parameq+0x90/0x170
[  285.834214][   T27]  kernel_init_freeable+0x6b7/0x73e
[  285.837686][   T27]  ? rest_init+0x270/0x270
[  285.840603][   T27]  kernel_init+0x18/0x1d0
[  285.843368][   T27]  ? rest_init+0x270/0x270
[  285.846267][   T27]  ret_from_fork+0x1f/0x30
[  285.849248][   T27]  </TASK>
[  285.851312][   T27] 
[  285.851312][   T27] Showing all locks held in the system:
[  285.856443][   T27] 2 locks held by swapper/0/1:
[  285.859661][   T27]  #0: ffff888010727170 (&dev->mutex){....}-{3:3}, at: __driver_attach+0x231/0x550
[  285.865637][   T27]  #1: ffffffff87edefe8 (reading_mutex){+.+.}-{3:3}, at: add_early_randomness+0x1a/0x170
[  285.872157][   T27] 1 lock held by khungtaskd/27:
[  285.875304][   T27]  #0: ffffffff87a94c80 (rcu_read_lock){....}-{1:2}, at: debug_show_all_locks+0x53/0x260
[  285.881827][   T27] 1 lock held by hwrng/136:
[  285.884781][   T27]  #0: ffffffff87edefe8 (reading_mutex){+.+.}-{3:3}, at: hwrng_fillfn+0x141/0x370
[  285.891345][   T27] 
[  285.891345][   T27] 
[  285.891355][   T27] =============================================
[  285.891355][   T27] 
[  285.891364][   T27] Kernel panic - not syncing: hung_task: blocked tasks
[  285.891372][   T27] CPU: 0 PID: 27 Comm: khungtaskd Not tainted 5.19.0-rc1-syzkaller #0
[  285.891388][   T27] Hardware name: QEMU Standard PC (i440FX + PIIX, 1996), BIOS 1.16.2-debian-1.16.2-1 04/01/2014
[  285.891403][   T27] Call Trace:
[  285.891411][   T27]  <TASK>
[  285.891417][   T27]  dump_stack_lvl+0xfc/0x174
[  285.891438][   T27]  panic+0x2cf/0x61f
[  285.891455][   T27]  ? panic_print_sys_info.part.0+0x10b/0x10b
[  285.891475][   T27]  ? watchdog.cold+0x5/0x161
[  285.891492][   T27]  watchdog.cold+0x16/0x161
[  285.891508][   T27]  ? proc_dohung_task_timeout_secs+0x80/0x80
[  285.891527][   T27]  kthread+0x2e6/0x3a0
[  285.891568][   T27]  ? kthread_complete_and_exit+0x40/0x40
[  285.891585][   T27]  ret_from_fork+0x1f/0x30
[  285.891604][   T27]  </TASK>
[  285.893717][   T27] Kernel Offset: disabled
2024/03/05 00:45:55 VMs 0, executed 17867, cover 18527, signal 22336/36197, crashes 1, repro 1, triageQLen 0
2024/03/05 00:46:05 VMs 0, executed 17867, cover 18527, signal 22336/36197, crashes 1, repro 1, triageQLen 0
2024/03/05 00:46:15 VMs 0, executed 17867, cover 18527, signal 22336/36197, crashes 1, repro 1, triageQLen 0
2024/03/05 00:46:25 VMs 0, executed 17867, cover 18527, signal 22336/36197, crashes 1, repro 1, triageQLen 0
2024/03/05 00:46:35 VMs 0, executed 17867, cover 18527, signal 22336/36197, crashes 1, repro 1, triageQLen 0
2024/03/05 00:46:45 VMs 0, executed 17867, cover 18527, signal 22336/36197, crashes 1, repro 1, triageQLen 0
2024/03/05 00:46:55 VMs 0, executed 17867, cover 18527, signal 22336/36197, crashes 1, repro 1, triageQLen 0
2024/03/05 00:47:05 VMs 0, executed 17867, cover 18527, signal 22336/36197, crashes 1, repro 1, triageQLen 0
2024/03/05 00:47:15 VMs 0, executed 17867, cover 18527, signal 22336/36197, crashes 1, repro 1, triageQLen 0
2024/03/05 00:47:25 VMs 0, executed 17867, cover 18527, signal 22336/36197, crashes 1, repro 1, triageQLen 0
2024/03/05 00:47:35 VMs 0, executed 17867, cover 18527, signal 22336/36197, crashes 1, repro 1, triageQLen 0
2024/03/05 00:47:45 VMs 0, executed 17867, cover 18527, signal 22336/36197, crashes 1, repro 1, triageQLen 0
2024/03/05 00:47:55 VMs 0, executed 17867, cover 18527, signal 22336/36197, crashes 1, repro 1, triageQLen 0
2024/03/05 00:48:05 VMs 0, executed 17867, cover 18527, signal 22336/36197, crashes 1, repro 1, triageQLen 0
2024/03/05 00:48:15 VMs 0, executed 17867, cover 18527, signal 22336/36197, crashes 1, repro 1, triageQLen 0
2024/03/05 00:48:25 VMs 0, executed 17867, cover 18527, signal 22336/36197, crashes 1, repro 1, triageQLen 0
2024/03/05 00:48:35 VMs 0, executed 17867, cover 18527, signal 22336/36197, crashes 1, repro 1, triageQLen 0
2024/03/05 00:48:45 VMs 0, executed 17867, cover 18527, signal 22336/36197, crashes 1, repro 1, triageQLen 0
2024/03/05 00:48:55 VMs 0, executed 17867, cover 18527, signal 22336/36197, crashes 1, repro 1, triageQLen 0
2024/03/05 00:49:05 VMs 0, executed 17867, cover 18527, signal 22336/36197, crashes 1, repro 1, triageQLen 0
2024/03/05 00:49:15 VMs 0, executed 17867, cover 18527, signal 22336/36197, crashes 1, repro 1, triageQLen 0
2024/03/05 00:49:25 VMs 0, executed 17867, cover 18527, signal 22336/36197, crashes 1, repro 1, triageQLen 0
2024/03/05 00:49:35 VMs 0, executed 17867, cover 18527, signal 22336/36197, crashes 1, repro 1, triageQLen 0
2024/03/05 00:49:45 VMs 0, executed 17867, cover 18527, signal 22336/36197, crashes 1, repro 1, triageQLen 0
2024/03/05 00:49:55 VMs 0, executed 17867, cover 18527, signal 22336/36197, crashes 1, repro 1, triageQLen 0
2024/03/05 00:50:05 VMs 0, executed 17867, cover 18527, signal 22336/36197, crashes 1, repro 1, triageQLen 0
2024/03/05 00:50:15 VMs 0, executed 17867, cover 18527, signal 22336/36197, crashes 1, repro 1, triageQLen 0
2024/03/05 00:50:25 VMs 0, executed 17867, cover 18527, signal 22336/36197, crashes 1, repro 1, triageQLen 0
2024/03/05 00:50:35 VMs 0, executed 17867, cover 18527, signal 22336/36197, crashes 1, repro 1, triageQLen 0
2024/03/05 00:50:45 VMs 0, executed 17867, cover 18527, signal 22336/36197, crashes 1, repro 1, triageQLen 0
2024/03/05 00:50:55 VMs 0, executed 17867, cover 18527, signal 22336/36197, crashes 1, repro 1, triageQLen 0
2024/03/05 00:51:05 VMs 0, executed 17867, cover 18527, signal 22336/36197, crashes 1, repro 1, triageQLen 0
2024/03/05 00:51:15 VMs 0, executed 17867, cover 18527, signal 22336/36197, crashes 1, repro 1, triageQLen 0
2024/03/05 00:51:25 VMs 0, executed 17867, cover 18527, signal 22336/36197, crashes 1, repro 1, triageQLen 0
2024/03/05 00:51:35 VMs 0, executed 17867, cover 18527, signal 22336/36197, crashes 1, repro 1, triageQLen 0
2024/03/05 00:51:45 VMs 0, executed 17867, cover 18527, signal 22336/36197, crashes 1, repro 1, triageQLen 0
2024/03/05 00:51:55 VMs 0, executed 17867, cover 18527, signal 22336/36197, crashes 1, repro 1, triageQLen 0
2024/03/05 00:52:05 VMs 0, executed 17867, cover 18527, signal 22336/36197, crashes 1, repro 1, triageQLen 0
2024/03/05 00:52:15 VMs 0, executed 17867, cover 18527, signal 22336/36197, crashes 1, repro 1, triageQLen 0
2024/03/05 00:52:25 VMs 0, executed 17867, cover 18527, signal 22336/36197, crashes 1, repro 1, triageQLen 0
2024/03/05 00:52:35 VMs 0, executed 17867, cover 18527, signal 22336/36197, crashes 1, repro 1, triageQLen 0
2024/03/05 00:52:45 VMs 0, executed 17867, cover 18527, signal 22336/36197, crashes 1, repro 1, triageQLen 0
2024/03/05 00:52:55 VMs 0, executed 17867, cover 18527, signal 22336/36197, crashes 1, repro 1, triageQLen 0
2024/03/05 00:53:05 VMs 0, executed 17867, cover 18527, signal 22336/36197, crashes 1, repro 1, triageQLen 0
2024/03/05 00:53:15 VMs 0, executed 17867, cover 18527, signal 22336/36197, crashes 1, repro 1, triageQLen 0
2024/03/05 00:53:25 VMs 0, executed 17867, cover 18527, signal 22336/36197, crashes 1, repro 1, triageQLen 0
2024/03/05 00:53:35 VMs 0, executed 17867, cover 18527, signal 22336/36197, crashes 1, repro 1, triageQLen 0
2024/03/05 00:53:45 VMs 0, executed 17867, cover 18527, signal 22336/36197, crashes 1, repro 1, triageQLen 0
2024/03/05 00:53:55 VMs 0, executed 17867, cover 18527, signal 22336/36197, crashes 1, repro 1, triageQLen 0
2024/03/05 00:54:05 VMs 0, executed 17867, cover 18527, signal 22336/36197, crashes 1, repro 1, triageQLen 0
2024/03/05 00:54:15 VMs 0, executed 17867, cover 18527, signal 22336/36197, crashes 1, repro 1, triageQLen 0
2024/03/05 00:54:25 VMs 0, executed 17867, cover 18527, signal 22336/36197, crashes 1, repro 1, triageQLen 0
2024/03/05 00:54:35 VMs 0, executed 17867, cover 18527, signal 22336/36197, crashes 1, repro 1, triageQLen 0
2024/03/05 00:54:45 VMs 0, executed 17867, cover 18527, signal 22336/36197, crashes 1, repro 1, triageQLen 0
2024/03/05 00:54:55 VMs 0, executed 17867, cover 18527, signal 22336/36197, crashes 1, repro 1, triageQLen 0
2024/03/05 00:55:05 VMs 0, executed 17867, cover 18527, signal 22336/36197, crashes 1, repro 1, triageQLen 0
2024/03/05 00:55:15 VMs 0, executed 17867, cover 18527, signal 22336/36197, crashes 1, repro 1, triageQLen 0
2024/03/05 00:55:25 VMs 0, executed 17867, cover 18527, signal 22336/36197, crashes 1, repro 1, triageQLen 0
2024/03/05 00:55:35 VMs 0, executed 17867, cover 18527, signal 22336/36197, crashes 1, repro 1, triageQLen 0
2024/03/05 00:55:45 VMs 0, executed 17867, cover 18527, signal 22336/36197, crashes 1, repro 1, triageQLen 0
2024/03/05 00:55:47 reproducing crash 'INFO: task hung in add_early_randomness': failed to boot instance (try 1): failed to create VM: can't ssh into the instance
failed to run ["ssh" "-p" "27471" "-F" "/dev/null" "-o" "UserKnownHostsFile=/dev/null" "-o" "BatchMode=yes" "-o" "IdentitiesOnly=yes" "-o" "StrictHostKeyChecking=no" "-o" "ConnectTimeout=10" "root@localhost" "pwd"]: exit status 255
Connection timed out during banner exchange
Connection to 127.0.0.1 port 27471 timed out
[    0.000000][    T0] Linux version 5.19.0-rc1-syzkaller (syzkaller@syzkaller) (gcc (Debian 12.2.0-14) 12.2.0, GNU ld (GNU Binutils for Debian) 2.40) #0 SMP PREEMPT_DYNAMIC now
[    0.000000][    T0] Command line: root=/dev/sda console=ttyS0 root=/dev/sda1
[    0.000000][    T0] KERNEL supported cpus:
[    0.000000][    T0]   Intel GenuineIntel
[    0.000000][    T0]   AMD AuthenticAMD
[    0.000000][    T0] x86/fpu: Supporting XSAVE feature 0x001: 'x87 floating point registers'
[    0.000000][    T0] x86/fpu: Supporting XSAVE feature 0x002: 'SSE registers'
[    0.000000][    T0] x86/fpu: Supporting XSAVE feature 0x004: 'AVX registers'
[    0.000000][    T0] x86/fpu: Supporting XSAVE feature 0x008: 'MPX bounds registers'
[    0.000000][    T0] x86/fpu: Supporting XSAVE feature 0x010: 'MPX CSR'
[    0.000000][    T0] x86/fpu: Supporting XSAVE feature 0x020: 'AVX-512 opmask'
[    0.000000][    T0] x86/fpu: Supporting XSAVE feature 0x040: 'AVX-512 Hi256'
[    0.000000][    T0] x86/fpu: Supporting XSAVE feature 0x080: 'AVX-512 ZMM_Hi256'
[    0.000000][    T0] x86/fpu: xstate_offset[2]:  576, xstate_sizes[2]:  256
[    0.000000][    T0] x86/fpu: xstate_offset[3]:  832, xstate_sizes[3]:   64
[    0.000000][    T0] x86/fpu: xstate_offset[4]:  896, xstate_sizes[4]:   64
[    0.000000][    T0] x86/fpu: xstate_offset[5]:  960, xstate_sizes[5]:   64
[    0.000000][    T0] x86/fpu: xstate_offset[6]: 1024, xstate_sizes[6]:  512
[    0.000000][    T0] x86/fpu: xstate_offset[7]: 1536, xstate_sizes[7]: 1024
[    0.000000][    T0] x86/fpu: Enabled xstate features 0xff, context size is 2560 bytes, using 'compacted' format.
[    0.000000][    T0] signal: max sigframe size: 3632
[    0.000000][    T0] BIOS-provided physical RAM map:
[    0.000000][    T0] BIOS-e820: [mem 0x0000000000000000-0x000000000009fbff] usable
[    0.000000][    T0] BIOS-e820: [mem 0x000000000009fc00-0x000000000009ffff] reserved
[    0.000000][    T0] BIOS-e820: [mem 0x00000000000f0000-0x00000000000fffff] reserved
[    0.000000][    T0] BIOS-e820: [mem 0x0000000000100000-0x000000007ffdffff] usable
[    0.000000][    T0] BIOS-e820: [mem 0x000000007ffe0000-0x000000007fffffff] reserved
[    0.000000][    T0] BIOS-e820: [mem 0x00000000feffc000-0x00000000feffffff] reserved
[    0.000000][    T0] BIOS-e820: [mem 0x00000000fffc0000-0x00000000ffffffff] reserved
[    0.000000][    T0] printk: bootconsole [earlyser0] enabled
[    0.000000][    T0] ERROR: earlyprintk= earlyser already used
[    0.000000][    T0] ERROR: earlyprintk= earlyser already used
[    0.000000][    T0] **********************************************************
[    0.000000][    T0] **   NOTICE NOTICE NOTICE NOTICE NOTICE NOTICE NOTICE   **
[    0.000000][    T0] **                                                      **
[    0.000000][    T0] ** This system shows unhashed kernel memory addresses   **
[    0.000000][    T0] ** via the console, logs, and other interfaces. This    **
[    0.000000][    T0] ** might reduce the security of your system.            **
[    0.000000][    T0] **                                                      **
[    0.000000][    T0] ** If you see this message and you are not debugging    **
[    0.000000][    T0] ** the kernel, report this immediately to your system   **
[    0.000000][    T0] ** administrator!                                       **
[    0.000000][    T0] **                                                      **
[    0.000000][    T0] **   NOTICE NOTICE NOTICE NOTICE NOTICE NOTICE NOTICE   **
[    0.000000][    T0] **********************************************************
[    0.000000][    T0] Malformed early option 'vsyscall'
[    0.000000][    T0] Malformed early option 'numa'
[    0.000000][    T0] nopcid: PCID feature disabled
[    0.000000][    T0] NX (Execute Disable) protection: active
[    0.000000][    T0] SMBIOS 2.8 present.
[    0.000000][    T0] DMI: QEMU Standard PC (i440FX + PIIX, 1996), BIOS 1.16.2-debian-1.16.2-1 04/01/2014
[    0.000000][    T0] Hypervisor detected: KVM
[    0.000000][    T0] kvm-clock: Using msrs 4b564d01 and 4b564d00
[    0.000010][    T0] kvm-clock: using sched offset of 1241739498 cycles
[    0.004735][    T0] clocksource: kvm-clock: mask: 0xffffffffffffffff max_cycles: 0x1cd42e4dffb, max_idle_ns: 881590591483 ns
[    0.018377][    T0] tsc: Detected 3100.318 MHz processor
[    0.027837][    T0] last_pfn = 0x7ffe0 max_arch_pfn = 0x400000000
[    0.032541][    T0] x86/PAT: Configuration [0-7]: WB  WC  UC- UC  WB  WP  UC- WT  
[    0.046774][    T0] found SMP MP-table at [mem 0x000f5b90-0x000f5b9f]
[    0.051605][    T0] Using GB pages for direct mapping
[    0.056222][    T0] ACPI: Early table checksum verification disabled
[    0.060782][    T0] ACPI: RSDP 0x00000000000F59C0 000014 (v00 BOCHS )
[    0.065616][    T0] ACPI: RSDT 0x000000007FFE1B21 000034 (v01 BOCHS  BXPC     00000001 BXPC 00000001)
[    0.072265][    T0] ACPI: FACP 0x000000007FFE19CD 000074 (v01 BOCHS  BXPC     00000001 BXPC 00000001)
[    0.079099][    T0] ACPI: DSDT 0x000000007FFE0040 00198D (v01 BOCHS  BXPC     00000001 BXPC 00000001)
[    0.085866][    T0] ACPI: FACS 0x000000007FFE0000 000040
[    0.089732][    T0] ACPI: APIC 0x000000007FFE1A41 000080 (v01 BOCHS  BXPC     00000001 BXPC 00000001)
[    0.096606][    T0] ACPI: HPET 0x000000007FFE1AC1 000038 (v01 BOCHS  BXPC     00000001 BXPC 00000001)
[    0.103330][    T0] ACPI: WAET 0x000000007FFE1AF9 000028 (v01 BOCHS  BXPC     00000001 BXPC 00000001)
[    0.110120][    T0] ACPI: Reserving FACP table memory at [mem 0x7ffe19cd-0x7ffe1a40]
[    0.115786][    T0] ACPI: Reserving DSDT table memory at [mem 0x7ffe0040-0x7ffe19cc]
[    0.121391][    T0] ACPI: Reserving FACS table memory at [mem 0x7ffe0000-0x7ffe003f]
[    0.127071][    T0] ACPI: Reserving APIC table memory at [mem 0x7ffe1a41-0x7ffe1ac0]
[    0.132778][    T0] ACPI: Reserving HPET table memory at [mem 0x7ffe1ac1-0x7ffe1af8]
[    0.138338][    T0] ACPI: Reserving WAET table memory at [mem 0x7ffe1af9-0x7ffe1b20]
[    0.146947][    T0] No NUMA configuration found
[    0.150339][    T0] Faking a node at [mem 0x0000000000000000-0x000000007ffdffff]
[    0.156317][    T0] NODE_DATA(0) allocated [mem 0x7ffdc000-0x7ffdffff]
[    0.171260][    T0] Zone ranges:
[    0.173718][    T0]   DMA      [mem 0x0000000000001000-0x0000000000ffffff]
[    0.178969][    T0]   DMA32    [mem 0x0000000001000000-0x000000007ffdffff]
[    0.184451][    T0]   Normal   empty
[    0.187287][    T0] Movable zone start for each node
[    0.191009][    T0] Early memory node ranges
[    0.194145][    T0]   node   0: [mem 0x0000000000001000-0x000000000009efff]
[    0.199206][    T0]   node   0: [mem 0x0000000000100000-0x000000007ffdffff]
[    0.204353][    T0] Initmem setup node 0 [mem 0x0000000000001000-0x000000007ffdffff]
[    0.210077][    T0] On node 0, zone DMA: 1 pages in unavailable ranges
[    0.210208][    T0] On node 0, zone DMA: 97 pages in unavailable ranges
[    0.228255][    T0] On node 0, zone DMA32: 32 pages in unavailable ranges
[    0.327157][    T0] kasan: KernelAddressSanitizer initialized
[    0.339010][    T0] ACPI: PM-Timer IO Port: 0x608
[    0.342458][    T0] ACPI: LAPIC_NMI (acpi_id[0xff] dfl dfl lint[0x1])
[    0.347296][    T0] IOAPIC[0]: apic_id 0, version 17, address 0xfec00000, GSI 0-23
[    0.353037][    T0] ACPI: INT_SRC_OVR (bus 0 bus_irq 0 global_irq 2 dfl dfl)
[    0.358570][    T0] ACPI: INT_SRC_OVR (bus 0 bus_irq 5 global_irq 5 high level)
[    0.364022][    T0] ACPI: INT_SRC_OVR (bus 0 bus_irq 9 global_irq 9 high level)
[    0.369288][    T0] ACPI: INT_SRC_OVR (bus 0 bus_irq 10 global_irq 10 high level)
[    0.374855][    T0] ACPI: INT_SRC_OVR (bus 0 bus_irq 11 global_irq 11 high level)
[    0.380675][    T0] ACPI: Using ACPI (MADT) for SMP configuration information
[    0.386445][    T0] ACPI: HPET id: 0x8086a201 base: 0xfed00000
[    0.391096][    T0] TSC deadline timer available
[    0.394856][    T0] smpboot: Allowing 2 CPUs, 0 hotplug CPUs
[    0.399496][    T0] kvm-guest: KVM setup pv remote TLB flush
[    0.404130][    T0] kvm-guest: setup PV sched yield
[    0.408097][    T0] PM: hibernation: Registered nosave memory: [mem 0x00000000-0x00000fff]
[    0.414722][    T0] PM: hibernation: Registered nosave memory: [mem 0x0009f000-0x0009ffff]
[    0.421329][    T0] PM: hibernation: Registered nosave memory: [mem 0x000a0000-0x000effff]
[    0.428020][    T0] PM: hibernation: Registered nosave memory: [mem 0x000f0000-0x000fffff]
[    0.434577][    T0] [mem 0x80000000-0xfeffbfff] available for PCI devices
[    0.439846][    T0] Booting paravirtualized kernel on KVM
[    0.444093][    T0] clocksource: refined-jiffies: mask: 0xffffffff max_cycles: 0xffffffff, max_idle_ns: 19112604462750000 ns
[    0.482077][    T0] setup_percpu: NR_CPUS:8 nr_cpumask_bits:8 nr_cpu_ids:2 nr_node_ids:1
[    0.489512][    T0] percpu: Embedded 67 pages/cpu s233632 r8192 d32608 u1048576
[    0.495580][    T0] kvm-guest: PV spinlocks enabled
[    0.499295][    T0] PV qspinlock hash table entries: 256 (order: 0, 4096 bytes, linear)
[    0.505735][    T0] Fallback order for Node 0: 0 
[    0.509513][    T0] Built 1 zonelists, mobility grouping on.  Total pages: 515808
[    0.515587][    T0] Policy zone: DMA32
[    0.518614][    T0] Kernel command line: earlyprintk=serial net.ifnames=0 sysctl.kernel.hung_task_all_cpu_backtrace=1 ima_policy=tcb nf-conntrack-ftp.ports=20000 nf-conntrack-tftp.ports=20000 nf-conntrack-sip.ports=20000 nf-conntrack-irc.ports=20000 nf-conntrack-sane.ports=20000 binder.debug_mask=0 rcupdate.rcu_expedited=1 no_hash_pointers page_owner=on sysctl.vm.nr_hugepages=4 sysctl.vm.nr_overcommit_hugepages=4 secretmem.enable=1 sysctl.max_rcu_stall_to_panic=1 msr.allow_writes=off root=/dev/sda console=ttyS0 vsyscall=native numa=fake=2 kvm-intel.nested=1 spec_store_bypass_disable=prctl nopcid vivid.n_devs=16 vivid.multiplanar=1,2,1,2,1,2,1,2,1,2,1,2,1,2,1,2 netrom.nr_ndevs=16 rose.rose_ndevs=16 dummy_hcd.num=8 smp.csd_lock_timeout=100000 watchdog_thresh=55 workqueue.watchdog_thresh=140 sysctl.net.core.netdev_unregister_timeout_secs=140 panic_on_warn=1 root=/dev/sda console=ttyS0 root=/dev/sda1
[    0.587470][    T0] Unknown kernel command line parameters "spec_store_bypass_disable=prctl", will be passed to user space.
[    0.596571][    T0] Dentry cache hash table entries: 262144 (order: 9, 2097152 bytes, linear)
[    0.603953][    T0] Inode-cache hash table entries: 131072 (order: 8, 1048576 bytes, linear)
[    0.610964][    T0] mem auto-init: stack:off, heap alloc:on, heap free:off
[    0.615792][    T0] Stack Depot early init allocating hash table with memblock_alloc, 8388608 bytes
[    0.796010][    T0] Memory: 1590412K/2096632K available (83983K kernel code, 22390K rwdata, 18900K rodata, 2200K init, 32556K bss, 505964K reserved, 0K cma-reserved)
[    0.806792][    T0] SLUB: HWalign=64, Order=0-3, MinObjects=0, CPUs=2, Nodes=1
[    0.818627][    T0] Dynamic Preempt: voluntary
[    0.822694][    T0] Running RCU self tests
[    0.825588][    T0] rcu: Preemptible hierarchical RCU implementation.
[    0.830500][    T0] rcu: 	RCU lockdep checking is enabled.
[    0.834324][    T0] rcu: 	RCU restricting CPUs from NR_CPUS=8 to nr_cpu_ids=2.
[    0.839241][    T0] rcu: 	RCU callback double-/use-after-free debug is enabled.
[    0.844526][    T0] rcu: 	RCU debug extended QS entry/exit.
[    0.848653][    T0] 	All grace periods are expedited (rcu_expedited).
[    0.853556][    T0] 	Trampoline variant of Tasks RCU enabled.
[    0.857665][    T0] rcu: RCU calculated value of scheduler-enlistment delay is 10 jiffies.
[    0.863302][    T0] rcu: Adjusting geometry for rcu_fanout_leaf=16, nr_cpu_ids=2
[    0.884436][    T0] NR_IRQS: 4352, nr_irqs: 440, preallocated irqs: 16
[    0.889709][    T0] rcu: srcu_init: Setting srcu_struct sizes based on contention.
[    0.895254][    T0] random: crng init done
[    0.943525][    T0] Console: colour VGA+ 80x25
[    0.947072][    T0] printk: console [ttyS0] enabled
[    0.947072][    T0] printk: console [ttyS0] enabled
[    0.954421][    T0] printk: bootconsole [earlyser0] disabled
[    0.954421][    T0] printk: bootconsole [earlyser0] disabled
[    0.962716][    T0] Lock dependency validator: Copyright (c) 2006 Red Hat, Inc., Ingo Molnar
[    0.969033][    T0] ... MAX_LOCKDEP_SUBCLASSES:  8
[    0.972749][    T0] ... MAX_LOCK_DEPTH:          48
[    0.976402][    T0] ... MAX_LOCKDEP_KEYS:        8192
[    0.980107][    T0] ... CLASSHASH_SIZE:          4096
[    0.983714][    T0] ... MAX_LOCKDEP_ENTRIES:     131072
[    0.987622][    T0] ... MAX_LOCKDEP_CHAINS:      262144
[    0.991607][    T0] ... CHAINHASH_SIZE:          131072
[    0.995492][    T0]  memory used by lock dependency info: 20657 kB
[    0.999962][    T0]  memory used for stack traces: 8320 kB
[    1.003887][    T0]  per task-struct memory footprint: 1920 bytes
[    1.008323][    T0] ACPI: Core revision 20220331
[    1.012659][    T0] clocksource: hpet: mask: 0xffffffff max_cycles: 0xffffffff, max_idle_ns: 19112604467 ns
[    1.019736][    T0] APIC: Switch to symmetric I/O mode setup
[    1.023322][    T0] kvm-guest: setup PV IPIs
[    1.034086][    T0] ..TIMER: vector=0x30 apic1=0 pin1=2 apic2=-1 pin2=-1
[    1.038376][    T0] clocksource: tsc-early: mask: 0xffffffffffffffff max_cycles: 0x2cb0742b7d2, max_idle_ns: 440795284580 ns
[    1.046427][    T0] Calibrating delay loop (skipped) preset value.. 6200.63 BogoMIPS (lpj=31003180)
[    1.056399][    T0] pid_max: default: 32768 minimum: 301
[    1.059996][    T0] LSM: Security Framework initializing
[    1.066466][    T0] landlock: Up and running.
[    1.069319][    T0] Yama: becoming mindful.
[    1.072130][    T0] TOMOYO Linux initialized
[    1.076413][    T0] AppArmor: AppArmor initialized
[    1.080488][    T0] Mount-cache hash table entries: 4096 (order: 3, 32768 bytes, linear)
[    1.086410][    T0] Mountpoint-cache hash table entries: 4096 (order: 3, 32768 bytes, linear)
[    1.095044][    T0] x86/cpu: User Mode Instruction Prevention (UMIP) activated
[    1.097326][    T0] Last level iTLB entries: 4KB 0, 2MB 0, 4MB 0
[    1.106396][    T0] Last level dTLB entries: 4KB 0, 2MB 0, 4MB 0, 1GB 0
[    1.110830][    T0] Spectre V1 : Mitigation: usercopy/swapgs barriers and __user pointer sanitization
[    1.116459][    T0] Spectre V2 : Mitigation: Enhanced IBRS
[    1.120512][    T0] Spectre V2 : Spectre v2 / SpectreRSB mitigation: Filling RSB on context switch
[    1.126447][    T0] Spectre V2 : mitigation: Enabling conditional Indirect Branch Prediction Barrier
[    1.132437][    T0] Speculative Store Bypass: Mitigation: Speculative Store Bypass disabled via prctl
[    1.136437][    T0] TAA: Mitigation: Clear CPU buffers
[    1.139890][    T0] MDS: Mitigation: Clear CPU buffers
[    1.148095][    T0] Freeing SMP alternatives memory: 60K
[    1.152556][    T1] smpboot: CPU0: Intel(R) Xeon(R) CPU @ 3.10GHz (family: 0x6, model: 0x55, stepping: 0x7)
[    1.156384][    T1] cblist_init_generic: Setting adjustable number of callback queues.
[    1.156406][    T1] cblist_init_generic: Setting shift to 1 and lim to 1.
[    1.161205][    T1] Running RCU-tasks wait API self tests
[    1.165341][    T1] Performance Events: unsupported p6 CPU model 85 no PMU driver, software events only.
[    1.167011][    T1] rcu: Hierarchical SRCU implementation.
[    1.167114][   T14] printk: console [ttyS0] printing thread started
[    1.177496][    T1] NMI watchdog: Perf NMI watchdog permanently disabled
[    1.177930][    T1] smp: Bringing up secondary CPUs ...
[    1.179015][    T1] x86: Booting SMP configuration:
[    1.179019][    T1] .... node  #0, CPUs:      #1
[    1.183561][    T1] smp: Brought up 1 node, 2 CPUs
[    1.183561][    T1] smpboot: Max logical packages: 1
[    1.183561][    T1] smpboot: Total of 2 processors activated (12401.27 BogoMIPS)
[    1.196344][    T1] allocated 33554432 bytes of page_ext
[    1.205109][    T1] Node 0, zone      DMA: page owner found early allocated 0 pages
[    1.212276][    T1] Node 0, zone    DMA32: page owner found early allocated 9337 pages
[    1.213849][    T1] devtmpfs: initialized
[    1.236621][    T1] clocksource: jiffies: mask: 0xffffffff max_cycles: 0xffffffff, max_idle_ns: 19112604462750000 ns
[    1.236678][    T1] futex hash table entries: 512 (order: 4, 65536 bytes, linear)
[    1.240223][    T1] PM: RTC time: 00:45:43, date: 2024-03-05
[    1.241607][    T1] NET: Registered PF_NETLINK/PF_ROUTE protocol family
[    1.246849][    T1] audit: initializing netlink subsys (disabled)
[    1.249037][    T1] thermal_sys: Registered thermal governor 'step_wise'
[    1.249046][    T1] thermal_sys: Registered thermal governor 'user_space'
[    1.249298][   T25] audit: type=2000 audit(1709599544.063:1): state=initialized audit_enabled=0 res=1
[    1.249333][    T1] cpuidle: using governor menu
[    1.270803][    T1] PCI: Using configuration type 1 for base access
[    1.392625][    T1] HugeTLB: can optimize 7 vmemmap pages for hugepages-2048kB
[    1.392625][    T1] HugeTLB registered 2.00 MiB page size, pre-allocated 0 pages
[    1.407322][    T1] ACPI: Added _OSI(Module Device)
[    1.407332][    T1] ACPI: Added _OSI(Processor Device)
[    1.407338][    T1] ACPI: Added _OSI(3.0 _SCP Extensions)
[    1.407345][    T1] ACPI: Added _OSI(Processor Aggregator Device)
[    1.407361][    T1] ACPI: Added _OSI(Linux-Dell-Video)
[    1.407375][    T1] ACPI: Added _OSI(Linux-Lenovo-NV-HDMI-Audio)
[    1.407389][    T1] ACPI: Added _OSI(Linux-HPI-Hybrid-Graphics)
[    1.469608][    T1] ACPI: 1 ACPI AML tables successfully acquired and loaded
[    1.506035][   T11] Callback from call_rcu_tasks() invoked.
[    2.747044][    T1] ACPI: Interpreter enabled
[    2.747373][    T1] ACPI: PM: (supports S0 S3 S4 S5)
[    2.747395][    T1] ACPI: Using IOAPIC for interrupt routing
[    2.747634][    T1] PCI: Using host bridge windows from ACPI; if necessary, use "pci=nocrs" and report a bug
[    2.747643][    T1] PCI: Using E820 reservations for host bridge windows
[    2.750613][    T1] ACPI: Enabled 2 GPEs in block 00 to 0F
[    2.836713][    T1] ACPI: PCI Root Bridge [PCI0] (domain 0000 [bus 00-ff])
[    2.836771][    T1] acpi PNP0A03:00: _OSC: OS supports [ASPM ClockPM Segments MSI HPX-Type3]
[    2.836789][    T1] acpi PNP0A03:00: _OSC: not requesting OS control; OS requires [ExtendedConfig ASPM ClockPM MSI]
[    2.837230][    T1] acpi PNP0A03:00: fail to add MMCONFIG information, can't access extended PCI configuration space under this bridge.
[    2.838349][    T1] PCI host bridge to bus 0000:00
[    2.838365][    T1] pci_bus 0000:00: root bus resource [io  0x0000-0x0cf7 window]
[    2.838386][    T1] pci_bus 0000:00: root bus resource [io  0x0d00-0xffff window]
[    2.838406][    T1] pci_bus 0000:00: root bus resource [mem 0x000a0000-0x000bffff window]
[    2.838426][    T1] pci_bus 0000:00: root bus resource [mem 0x80000000-0xfebfffff window]
[    2.838447][    T1] pci_bus 0000:00: root bus resource [mem 0x100000000-0x17fffffff window]
[    2.838470][    T1] pci_bus 0000:00: root bus resource [bus 00-ff]
[    2.839072][    T1] pci 0000:00:00.0: [8086:1237] type 00 class 0x060000
[    2.864882][    T1] pci 0000:00:01.0: [8086:7000] type 00 class 0x060100
[    2.894626][    T1] pci 0000:00:01.1: [8086:7010] type 00 class 0x010180
[    2.900831][    T1] pci 0000:00:01.1: reg 0x20: [io  0xc060-0xc06f]
[    2.903358][    T1] pci 0000:00:01.1: legacy IDE quirk: reg 0x10: [io  0x01f0-0x01f7]
