2024/03/05 00:26:12 loading corpus...
2024/03/05 00:26:12 successfully loaded corpus with 0 records...
2024/03/05 00:26:12 seed directory /home/am6215/syzkaller-alex/workdirs/workdir_eeb2fb00a8c1bb0e1b00714d50372d7494029392/seeds exists
2024/03/05 00:26:12 Read seed : reproducer_1
2024/03/05 00:26:12 Read seed : reproducer_2
2024/03/05 00:26:12 serving http on http://127.0.0.1:56744
2024/03/05 00:26:12 serving rpc on tcp://[::]:42959
2024/03/05 00:26:12 booting test machines...
2024/03/05 00:26:12 wait for the connection from test machine...
2024/03/05 00:27:09 machine check:
2024/03/05 00:27:09 syscalls                : 3873/4501
2024/03/05 00:27:09 code coverage           : enabled
2024/03/05 00:27:09 comparison tracing      : enabled
2024/03/05 00:27:09 extra coverage          : enabled
2024/03/05 00:27:09 delay kcov mmap         : mmap returned an invalid pointer
2024/03/05 00:27:09 setuid sandbox          : enabled
2024/03/05 00:27:09 namespace sandbox       : enabled
2024/03/05 00:27:09 Android sandbox         : /sys/fs/selinux/policy does not exist
2024/03/05 00:27:09 fault injection         : enabled
2024/03/05 00:27:09 leak checking           : CONFIG_DEBUG_KMEMLEAK is not enabled
2024/03/05 00:27:09 net packet injection    : enabled
2024/03/05 00:27:09 net device setup        : enabled
2024/03/05 00:27:09 concurrency sanitizer   : /sys/kernel/debug/kcsan does not exist
2024/03/05 00:27:09 devlink PCI setup       : PCI device 0000:00:10.0 is not available
2024/03/05 00:27:09 NIC VF setup            : PCI device 0000:00:11.0 is not available
2024/03/05 00:27:09 USB emulation           : enabled
2024/03/05 00:27:09 hci packet injection    : enabled
2024/03/05 00:27:09 wifi device emulation   : enabled
2024/03/05 00:27:09 802.15.4 emulation      : enabled
2024/03/05 00:27:09 swap file               : enabled
2024/03/05 00:27:09 corpus                  : 0 (deleted 0 broken)
2024/03/05 00:27:09 seeds                   : 2/2
2024/03/05 00:27:12 VMs 1, executed 0, cover 0, signal 0/0, crashes 0, repro 0, triageQLen 0
2024/03/05 00:27:22 VMs 2, executed 0, cover 1311, signal 1365/0, crashes 0, repro 0, triageQLen 0
2024/03/05 00:27:32 VMs 3, executed 125, cover 5587, signal 6004/9441, crashes 0, repro 0, triageQLen 0
2024/03/05 00:27:42 VMs 4, executed 1165, cover 6664, signal 7363/18947, crashes 0, repro 0, triageQLen 0
2024/03/05 00:27:52 VMs 4, executed 3102, cover 7256, signal 8588/25854, crashes 0, repro 0, triageQLen 0
2024/03/05 00:28:02 VMs 4, executed 5256, cover 8803, signal 10503/27892, crashes 0, repro 0, triageQLen 0
2024/03/05 00:28:12 VMs 4, executed 7528, cover 10402, signal 11959/28645, crashes 0, repro 0, triageQLen 0
2024/03/05 00:28:22 VMs 4, executed 9130, cover 10903, signal 12643/28964, crashes 0, repro 0, triageQLen 0
2024/03/05 00:28:32 VMs 4, executed 11087, cover 11319, signal 13087/29448, crashes 0, repro 0, triageQLen 0
2024/03/05 00:28:42 VMs 4, executed 12630, cover 12603, signal 14851/29746, crashes 0, repro 0, triageQLen 0
2024/03/05 00:28:52 VMs 4, executed 13930, cover 14064, signal 16604/30056, crashes 0, repro 0, triageQLen 0
2024/03/05 00:29:02 VMs 4, executed 15797, cover 14592, signal 17373/30339, crashes 0, repro 0, triageQLen 0
2024/03/05 00:29:12 VMs 4, executed 17431, cover 16523, signal 19982/31041, crashes 0, repro 0, triageQLen 0
2024/03/05 00:29:22 VMs 4, executed 18772, cover 17585, signal 21310/31628, crashes 0, repro 0, triageQLen 0
2024/03/05 00:29:32 VMs 4, executed 20228, cover 18382, signal 22545/35814, crashes 0, repro 0, triageQLen 0
2024/03/05 00:29:42 VMs 4, executed 21512, cover 18583, signal 22942/37567, crashes 0, repro 0, triageQLen 0
2024/03/05 00:29:52 VMs 4, executed 22667, cover 18873, signal 23508/38630, crashes 0, repro 0, triageQLen 0
2024/03/05 00:30:02 VMs 4, executed 24036, cover 18906, signal 23599/39772, crashes 0, repro 0, triageQLen 0
2024/03/05 00:30:12 VMs 4, executed 25037, cover 19206, signal 23989/41714, crashes 0, repro 0, triageQLen 0
2024/03/05 00:30:22 VMs 4, executed 26098, cover 19561, signal 24638/42501, crashes 0, repro 0, triageQLen 0
2024/03/05 00:30:32 VMs 4, executed 27490, cover 19766, signal 24950/43449, crashes 0, repro 0, triageQLen 0
2024/03/05 00:30:42 VMs 4, executed 29088, cover 20249, signal 25595/44118, crashes 0, repro 0, triageQLen 0
2024/03/05 00:30:52 VMs 4, executed 30354, cover 20631, signal 26122/44536, crashes 0, repro 0, triageQLen 0
2024/03/05 00:31:02 VMs 4, executed 31899, cover 21013, signal 26675/45867, crashes 0, repro 0, triageQLen 0
2024/03/05 00:31:12 VMs 4, executed 33561, cover 21933, signal 27989/49401, crashes 0, repro 0, triageQLen 0
2024/03/05 00:31:22 VMs 4, executed 34905, cover 22909, signal 28509/50318, crashes 0, repro 0, triageQLen 0
2024/03/05 00:31:32 VMs 4, executed 36673, cover 24145, signal 30214/51232, crashes 0, repro 0, triageQLen 0
2024/03/05 00:31:42 VMs 4, executed 38510, cover 26060, signal 32698/52852, crashes 0, repro 0, triageQLen 0
2024/03/05 00:31:52 VMs 4, executed 40076, cover 26958, signal 33941/52996, crashes 0, repro 0, triageQLen 0
2024/03/05 00:32:02 VMs 4, executed 41999, cover 27345, signal 34570/53343, crashes 0, repro 0, triageQLen 0
2024/03/05 00:32:12 VMs 4, executed 44019, cover 27819, signal 35285/53729, crashes 0, repro 0, triageQLen 0
2024/03/05 00:32:22 VMs 4, executed 45350, cover 28132, signal 35774/54785, crashes 0, repro 0, triageQLen 0
2024/03/05 00:32:32 VMs 4, executed 46717, cover 28205, signal 35917/56551, crashes 0, repro 0, triageQLen 0
2024/03/05 00:32:42 VMs 4, executed 47890, cover 28287, signal 36122/59111, crashes 0, repro 0, triageQLen 0
2024/03/05 00:32:52 VMs 4, executed 48921, cover 28422, signal 36351/60025, crashes 0, repro 0, triageQLen 0
2024/03/05 00:33:02 VMs 4, executed 50284, cover 28538, signal 36507/61442, crashes 0, repro 0, triageQLen 0
2024/03/05 00:33:12 VMs 4, executed 51345, cover 28560, signal 36538/66370, crashes 0, repro 0, triageQLen 0
2024/03/05 00:33:22 VMs 4, executed 52357, cover 28649, signal 36655/67810, crashes 0, repro 0, triageQLen 0
2024/03/05 00:33:32 VMs 4, executed 53529, cover 29114, signal 37216/69837, crashes 0, repro 0, triageQLen 0
2024/03/05 00:33:42 VMs 4, executed 54619, cover 29367, signal 37535/70625, crashes 0, repro 0, triageQLen 0
2024/03/05 00:33:52 VMs 4, executed 55819, cover 30045, signal 38478/70934, crashes 0, repro 0, triageQLen 0
2024/03/05 00:34:02 VMs 4, executed 57122, cover 31842, signal 40625/71545, crashes 0, repro 0, triageQLen 0
2024/03/05 00:34:12 VMs 4, executed 58399, cover 34500, signal 44198/71720, crashes 0, repro 0, triageQLen 0
2024/03/05 00:34:22 VMs 4, executed 59573, cover 34813, signal 44701/71837, crashes 0, repro 0, triageQLen 0
2024/03/05 00:34:32 VMs 4, executed 60916, cover 35213, signal 45530/72331, crashes 0, repro 0, triageQLen 0
2024/03/05 00:34:42 VMs 4, executed 62016, cover 36278, signal 46972/72688, crashes 0, repro 0, triageQLen 0
2024/03/05 00:34:52 VMs 4, executed 62918, cover 36874, signal 47732/73789, crashes 0, repro 0, triageQLen 0
2024/03/05 00:35:02 VMs 4, executed 64117, cover 37585, signal 48670/77011, crashes 0, repro 0, triageQLen 0
2024/03/05 00:35:12 VMs 4, executed 65081, cover 41234, signal 53495/77855, crashes 0, repro 0, triageQLen 0
2024/03/05 00:35:22 VMs 4, executed 65998, cover 41735, signal 54094/78222, crashes 0, repro 0, triageQLen 0
2024/03/05 00:35:32 VMs 4, executed 66790, cover 41878, signal 54304/78630, crashes 0, repro 0, triageQLen 0
2024/03/05 00:35:42 VMs 4, executed 67333, cover 42089, signal 54603/78780, crashes 0, repro 0, triageQLen 0
2024/03/05 00:35:52 VMs 4, executed 67937, cover 42278, signal 54933/78926, crashes 0, repro 0, triageQLen 0
2024/03/05 00:36:02 VMs 4, executed 68568, cover 42306, signal 54994/79237, crashes 0, repro 0, triageQLen 0
2024/03/05 00:36:12 VMs 4, executed 69041, cover 42590, signal 55349/79328, crashes 0, repro 0, triageQLen 0
2024/03/05 00:36:22 VMs 4, executed 69531, cover 43417, signal 56328/79416, crashes 0, repro 0, triageQLen 0
2024/03/05 00:36:32 VMs 4, executed 70145, cover 43500, signal 56467/79496, crashes 0, repro 0, triageQLen 0
2024/03/05 00:36:33 vm-3: crash: lost connection to test machine [suppressed]
2024/03/05 00:36:42 VMs 3, executed 70677, cover 43987, signal 57094/79987, crashes 1, repro 0, triageQLen 0
2024/03/05 00:36:52 VMs 3, executed 71178, cover 44029, signal 57165/80049, crashes 1, repro 0, triageQLen 0
2024/03/05 00:37:02 VMs 3, executed 71836, cover 44095, signal 57272/80108, crashes 1, repro 0, triageQLen 0
2024/03/05 00:37:12 VMs 3, executed 72344, cover 44231, signal 57458/80188, crashes 1, repro 0, triageQLen 0
2024/03/05 00:37:22 VMs 3, executed 72813, cover 44246, signal 57518/80221, crashes 1, repro 0, triageQLen 0
2024/03/05 00:37:32 VMs 3, executed 73396, cover 44353, signal 57697/80269, crashes 1, repro 0, triageQLen 0
2024/03/05 00:37:42 VMs 3, executed 74054, cover 44511, signal 57960/80331, crashes 1, repro 0, triageQLen 0
2024/03/05 00:37:52 VMs 4, executed 74616, cover 44710, signal 58231/80578, crashes 1, repro 0, triageQLen 0
2024/03/05 00:38:02 VMs 4, executed 75340, cover 44745, signal 58294/80646, crashes 1, repro 0, triageQLen 0
2024/03/05 00:38:12 VMs 4, executed 75993, cover 44808, signal 58411/80858, crashes 1, repro 0, triageQLen 0
2024/03/05 00:38:19 [ERROR] failed to symbolize report: failed to start scripts/get_maintainer.pl [scripts/get_maintainer.pl --git-min-percent=15 -f net/mac80211/sta_info.c]: fork/exec scripts/get_maintainer.pl: no such file or directory
2024/03/05 00:38:19 vm-3: crash: BUG: sleeping function called from invalid context in sta_info_move_state
2024/03/05 00:38:19 vm-0: running for 11m16.900391787s, restarting
2024/03/05 00:38:19 vm-1: running for 10m59.906938594s, restarting
2024/03/05 00:38:20 loop: starting repro of 'BUG: sleeping function called from invalid context in sta_info_move_state' on instances [3 0 1]
2024/03/05 00:38:21 reproducing crash 'BUG: sleeping function called from invalid context in sta_info_move_state': 531 programs, 3 VMs, timeouts [15s 1m40s 6m0s]
2024/03/05 00:38:22 VMs 1, executed 76659, cover 44889, signal 58680/81088, crashes 2, repro 1, triageQLen 0
2024/03/05 00:38:32 VMs 1, executed 76699, cover 44889, signal 58682/81093, crashes 2, repro 1, triageQLen 0
2024/03/05 00:38:42 VMs 1, executed 76756, cover 44889, signal 58687/81100, crashes 2, repro 1, triageQLen 0
2024/03/05 00:38:52 VMs 1, executed 76799, cover 44889, signal 58696/81113, crashes 2, repro 1, triageQLen 0
2024/03/05 00:39:02 VMs 1, executed 76836, cover 44890, signal 58704/81126, crashes 2, repro 1, triageQLen 0
2024/03/05 00:39:12 VMs 1, executed 76884, cover 44890, signal 58709/81132, crashes 2, repro 1, triageQLen 0
2024/03/05 00:39:22 VMs 1, executed 76884, cover 44894, signal 58737/81132, crashes 2, repro 1, triageQLen 0
2024/03/05 00:39:32 VMs 1, executed 76940, cover 44894, signal 58737/81140, crashes 2, repro 1, triageQLen 0
2024/03/05 00:39:42 VMs 1, executed 76990, cover 44905, signal 58770/81151, crashes 2, repro 1, triageQLen 0
2024/03/05 00:39:52 VMs 1, executed 77043, cover 44905, signal 58772/81160, crashes 2, repro 1, triageQLen 0
2024/03/05 00:40:02 VMs 1, executed 77093, cover 44906, signal 58775/81186, crashes 2, repro 1, triageQLen 0
2024/03/05 00:40:03 reproducing crash 'BUG: sleeping function called from invalid context in sta_info_move_state': failed to symbolize report: failed to start scripts/get_maintainer.pl [scripts/get_maintainer.pl --git-min-percent=15 -f net/mac80211/sta_info.c]: fork/exec scripts/get_maintainer.pl: no such file or directory
2024/03/05 00:40:12 VMs 1, executed 77149, cover 44906, signal 58778/81188, crashes 2, repro 1, triageQLen 0
2024/03/05 00:40:22 VMs 1, executed 77149, cover 44906, signal 58778/81188, crashes 2, repro 1, triageQLen 0
2024/03/05 00:40:32 VMs 1, executed 77197, cover 44906, signal 58778/81192, crashes 2, repro 1, triageQLen 0
2024/03/05 00:40:42 VMs 1, executed 77247, cover 44906, signal 58785/81198, crashes 2, repro 1, triageQLen 0
2024/03/05 00:40:52 VMs 1, executed 77314, cover 44906, signal 58785/81206, crashes 2, repro 1, triageQLen 0
2024/03/05 00:41:02 VMs 1, executed 77364, cover 44906, signal 58785/81219, crashes 2, repro 1, triageQLen 0
2024/03/05 00:41:09 reproducing crash 'BUG: sleeping function called from invalid context in sta_info_move_state': failed to symbolize report: failed to start scripts/get_maintainer.pl [scripts/get_maintainer.pl --git-min-percent=15 -f net/mac80211/sta_info.c]: fork/exec scripts/get_maintainer.pl: no such file or directory
2024/03/05 00:41:12 VMs 1, executed 77414, cover 44906, signal 58785/81229, crashes 2, repro 1, triageQLen 0
2024/03/05 00:41:22 VMs 1, executed 77414, cover 44906, signal 58785/81229, crashes 2, repro 1, triageQLen 0
2024/03/05 00:41:32 VMs 1, executed 77465, cover 44929, signal 58809/81240, crashes 2, repro 1, triageQLen 0
2024/03/05 00:41:32 reproducing crash 'BUG: sleeping function called from invalid context in sta_info_move_state': failed to symbolize report: failed to start scripts/get_maintainer.pl [scripts/get_maintainer.pl --git-min-percent=15 -f net/mac80211/sta_info.c]: fork/exec scripts/get_maintainer.pl: no such file or directory
2024/03/05 00:41:42 VMs 1, executed 77515, cover 44929, signal 58875/81257, crashes 2, repro 1, triageQLen 0
2024/03/05 00:41:52 VMs 1, executed 77563, cover 44929, signal 58875/81265, crashes 2, repro 1, triageQLen 0
2024/03/05 00:42:02 VMs 1, executed 77619, cover 44933, signal 58894/81272, crashes 2, repro 1, triageQLen 0
2024/03/05 00:42:12 VMs 1, executed 77669, cover 45003, signal 58990/81283, crashes 2, repro 1, triageQLen 0
2024/03/05 00:42:22 VMs 1, executed 77669, cover 45003, signal 58999/81283, crashes 2, repro 1, triageQLen 0
2024/03/05 00:42:32 VMs 1, executed 77719, cover 45003, signal 59004/81287, crashes 2, repro 1, triageQLen 0
2024/03/05 00:42:42 VMs 1, executed 77768, cover 45003, signal 59004/81288, crashes 2, repro 1, triageQLen 0
2024/03/05 00:42:52 VMs 1, executed 77815, cover 45003, signal 59004/81288, crashes 2, repro 1, triageQLen 0
2024/03/05 00:43:02 VMs 1, executed 77861, cover 45003, signal 59004/81289, crashes 2, repro 1, triageQLen 0
2024/03/05 00:43:12 VMs 1, executed 77910, cover 45003, signal 59008/81294, crashes 2, repro 1, triageQLen 0
2024/03/05 00:43:22 VMs 1, executed 77910, cover 45003, signal 59008/81294, crashes 2, repro 1, triageQLen 0
2024/03/05 00:43:32 VMs 1, executed 77959, cover 45003, signal 59008/81294, crashes 2, repro 1, triageQLen 0
2024/03/05 00:43:42 VMs 1, executed 78010, cover 45003, signal 59008/81294, crashes 2, repro 1, triageQLen 0
2024/03/05 00:43:52 VMs 1, executed 78059, cover 45003, signal 59008/81294, crashes 2, repro 1, triageQLen 0
2024/03/05 00:44:02 VMs 1, executed 78106, cover 45003, signal 59008/81294, crashes 2, repro 1, triageQLen 0
2024/03/05 00:44:12 VMs 1, executed 78157, cover 45003, signal 59008/81294, crashes 2, repro 1, triageQLen 0
2024/03/05 00:44:22 VMs 1, executed 78157, cover 45003, signal 59008/81294, crashes 2, repro 1, triageQLen 0
2024/03/05 00:44:32 VMs 1, executed 78207, cover 45003, signal 59008/81294, crashes 2, repro 1, triageQLen 0
2024/03/05 00:44:42 VMs 1, executed 78260, cover 45003, signal 59008/81294, crashes 2, repro 1, triageQLen 0
2024/03/05 00:44:51 reproducing crash 'BUG: sleeping function called from invalid context in sta_info_move_state': failed to symbolize report: failed to start scripts/get_maintainer.pl [scripts/get_maintainer.pl --git-min-percent=15 -f net/mac80211/sta_info.c]: fork/exec scripts/get_maintainer.pl: no such file or directory
2024/03/05 00:44:52 VMs 1, executed 78312, cover 45003, signal 59008/81295, crashes 2, repro 1, triageQLen 0
2024/03/05 00:45:02 VMs 1, executed 78359, cover 45003, signal 59008/81296, crashes 2, repro 1, triageQLen 0
2024/03/05 00:45:12 VMs 1, executed 78409, cover 45008, signal 59015/81300, crashes 2, repro 1, triageQLen 0
2024/03/05 00:45:22 VMs 1, executed 78409, cover 45009, signal 59019/81300, crashes 2, repro 1, triageQLen 0
2024/03/05 00:45:32 VMs 1, executed 78601, cover 45082, signal 59131/81309, crashes 2, repro 1, triageQLen 0
2024/03/05 00:45:42 VMs 1, executed 79082, cover 45167, signal 59294/81342, crashes 2, repro 1, triageQLen 0
2024/03/05 00:45:50 reproducing crash 'BUG: sleeping function called from invalid context in sta_info_move_state': failed to symbolize report: failed to start scripts/get_maintainer.pl [scripts/get_maintainer.pl --git-min-percent=15 -f net/mac80211/sta_info.c]: fork/exec scripts/get_maintainer.pl: no such file or directory
2024/03/05 00:45:52 VMs 1, executed 79524, cover 45253, signal 59422/81368, crashes 2, repro 1, triageQLen 0
2024/03/05 00:46:02 VMs 1, executed 80037, cover 45481, signal 59740/81426, crashes 2, repro 1, triageQLen 0
2024/03/05 00:46:12 VMs 1, executed 80310, cover 45521, signal 59806/81448, crashes 2, repro 1, triageQLen 0
2024/03/05 00:46:22 VMs 1, executed 80310, cover 45546, signal 59842/81448, crashes 2, repro 1, triageQLen 0
2024/03/05 00:46:32 VMs 1, executed 80477, cover 45563, signal 59870/81466, crashes 2, repro 1, triageQLen 0
2024/03/05 00:46:42 VMs 1, executed 80606, cover 45629, signal 59970/81475, crashes 2, repro 1, triageQLen 0
2024/03/05 00:46:49 reproducing crash 'BUG: sleeping function called from invalid context in sta_info_move_state': failed to symbolize report: failed to start scripts/get_maintainer.pl [scripts/get_maintainer.pl --git-min-percent=15 -f net/mac80211/sta_info.c]: fork/exec scripts/get_maintainer.pl: no such file or directory
2024/03/05 00:46:52 VMs 1, executed 81012, cover 45811, signal 60231/81564, crashes 2, repro 1, triageQLen 0
2024/03/05 00:47:02 VMs 1, executed 81643, cover 45843, signal 60295/81694, crashes 2, repro 1, triageQLen 0
2024/03/05 00:47:12 VMs 1, executed 82312, cover 46132, signal 60646/81895, crashes 2, repro 1, triageQLen 0
2024/03/05 00:47:22 VMs 1, executed 82312, cover 46264, signal 60840/81895, crashes 2, repro 1, triageQLen 0
2024/03/05 00:47:32 VMs 1, executed 83033, cover 46968, signal 61806/82328, crashes 2, repro 1, triageQLen 0
2024/03/05 00:47:42 VMs 1, executed 83683, cover 47170, signal 62050/82957, crashes 2, repro 1, triageQLen 0
2024/03/05 00:47:52 VMs 1, executed 84423, cover 47395, signal 62398/83125, crashes 2, repro 1, triageQLen 0
2024/03/05 00:48:02 VMs 1, executed 85129, cover 47512, signal 62592/83180, crashes 2, repro 1, triageQLen 0
2024/03/05 00:48:12 VMs 1, executed 85572, cover 47526, signal 62632/83206, crashes 2, repro 1, triageQLen 0
2024/03/05 00:48:18 reproducing crash 'BUG: sleeping function called from invalid context in sta_info_move_state': failed to symbolize report: failed to start scripts/get_maintainer.pl [scripts/get_maintainer.pl --git-min-percent=15 -f net/mac80211/sta_info.c]: fork/exec scripts/get_maintainer.pl: no such file or directory
2024/03/05 00:48:22 VMs 1, executed 85572, cover 47570, signal 62697/83206, crashes 2, repro 1, triageQLen 0
2024/03/05 00:48:32 VMs 1, executed 85994, cover 47587, signal 62720/83241, crashes 2, repro 1, triageQLen 0
2024/03/05 00:48:42 VMs 1, executed 86405, cover 47587, signal 62722/83311, crashes 2, repro 1, triageQLen 0
2024/03/05 00:48:52 VMs 1, executed 87000, cover 47587, signal 62723/83397, crashes 2, repro 1, triageQLen 0
2024/03/05 00:49:02 VMs 1, executed 87736, cover 47657, signal 62841/83501, crashes 2, repro 1, triageQLen 0
2024/03/05 00:49:12 VMs 1, executed 88346, cover 47658, signal 62865/83549, crashes 2, repro 1, triageQLen 0
2024/03/05 00:49:22 VMs 1, executed 88346, cover 47670, signal 62895/83549, crashes 2, repro 1, triageQLen 0
2024/03/05 00:49:32 VMs 1, executed 89000, cover 47688, signal 62927/83594, crashes 2, repro 1, triageQLen 0
2024/03/05 00:49:42 VMs 1, executed 89694, cover 47705, signal 62960/83652, crashes 2, repro 1, triageQLen 0
2024/03/05 00:49:49 reproducing crash 'BUG: sleeping function called from invalid context in sta_info_move_state': failed to symbolize report: failed to start scripts/get_maintainer.pl [scripts/get_maintainer.pl --git-min-percent=15 -f net/mac80211/sta_info.c]: fork/exec scripts/get_maintainer.pl: no such file or directory
2024/03/05 00:49:52 VMs 1, executed 90429, cover 47721, signal 62997/83686, crashes 2, repro 1, triageQLen 0
2024/03/05 00:50:02 VMs 1, executed 90856, cover 47721, signal 62999/83716, crashes 2, repro 1, triageQLen 0
2024/03/05 00:50:12 VMs 1, executed 91278, cover 47724, signal 63009/84055, crashes 2, repro 1, triageQLen 0
2024/03/05 00:50:22 VMs 1, executed 91278, cover 47732, signal 63020/84055, crashes 2, repro 1, triageQLen 0
2024/03/05 00:50:32 VMs 1, executed 91841, cover 47733, signal 63022/84584, crashes 2, repro 1, triageQLen 0
2024/03/05 00:50:42 VMs 1, executed 92569, cover 47802, signal 63157/85028, crashes 2, repro 1, triageQLen 0
2024/03/05 00:50:52 VMs 1, executed 93122, cover 48102, signal 63531/85565, crashes 2, repro 1, triageQLen 0
2024/03/05 00:51:02 VMs 1, executed 93289, cover 48102, signal 63535/85974, crashes 2, repro 1, triageQLen 0
2024/03/05 00:51:12 VMs 1, executed 93429, cover 48107, signal 63543/86107, crashes 2, repro 1, triageQLen 0
2024/03/05 00:51:22 VMs 1, executed 93429, cover 48107, signal 63543/86107, crashes 2, repro 1, triageQLen 0
2024/03/05 00:51:32 VMs 1, executed 93578, cover 48107, signal 63543/86134, crashes 2, repro 1, triageQLen 0
2024/03/05 00:51:42 VMs 1, executed 93728, cover 48107, signal 63543/86194, crashes 2, repro 1, triageQLen 0
2024/03/05 00:51:45 reproducing crash 'BUG: sleeping function called from invalid context in sta_info_move_state': failed to symbolize report: failed to start scripts/get_maintainer.pl [scripts/get_maintainer.pl --git-min-percent=15 -f net/mac80211/sta_info.c]: fork/exec scripts/get_maintainer.pl: no such file or directory
2024/03/05 00:51:52 VMs 1, executed 93896, cover 48107, signal 63543/86218, crashes 2, repro 1, triageQLen 0
2024/03/05 00:52:02 VMs 1, executed 94048, cover 48107, signal 63543/86310, crashes 2, repro 1, triageQLen 0
2024/03/05 00:52:12 VMs 1, executed 94181, cover 48118, signal 63568/86341, crashes 2, repro 1, triageQLen 0
2024/03/05 00:52:15 reproducing crash 'BUG: sleeping function called from invalid context in sta_info_move_state': failed to symbolize report: failed to start scripts/get_maintainer.pl [scripts/get_maintainer.pl --git-min-percent=15 -f net/mac80211/sta_info.c]: fork/exec scripts/get_maintainer.pl: no such file or directory
2024/03/05 00:52:22 VMs 1, executed 94181, cover 48609, signal 64142/86341, crashes 2, repro 1, triageQLen 0
2024/03/05 00:52:32 VMs 1, executed 94294, cover 48724, signal 64335/86387, crashes 2, repro 1, triageQLen 0
2024/03/05 00:52:42 VMs 1, executed 94354, cover 48730, signal 64360/86403, crashes 2, repro 1, triageQLen 0
2024/03/05 00:52:52 VMs 1, executed 94391, cover 48730, signal 64360/86410, crashes 2, repro 1, triageQLen 0
2024/03/05 00:53:02 VMs 1, executed 94430, cover 48730, signal 64360/86419, crashes 2, repro 1, triageQLen 0
2024/03/05 00:53:12 VMs 1, executed 94472, cover 48730, signal 64360/86436, crashes 2, repro 1, triageQLen 0
2024/03/05 00:53:14 reproducing crash 'BUG: sleeping function called from invalid context in sta_info_move_state': failed to symbolize report: failed to start scripts/get_maintainer.pl [scripts/get_maintainer.pl --git-min-percent=15 -f net/mac80211/sta_info.c]: fork/exec scripts/get_maintainer.pl: no such file or directory
2024/03/05 00:53:22 VMs 1, executed 94472, cover 48730, signal 64360/86436, crashes 2, repro 1, triageQLen 0
2024/03/05 00:53:32 VMs 1, executed 94506, cover 48742, signal 64388/86447, crashes 2, repro 1, triageQLen 0
2024/03/05 00:53:42 VMs 1, executed 94540, cover 48745, signal 64410/86459, crashes 2, repro 1, triageQLen 0
2024/03/05 00:53:42 reproducing crash 'BUG: sleeping function called from invalid context in sta_info_move_state': failed to symbolize report: failed to start scripts/get_maintainer.pl [scripts/get_maintainer.pl --git-min-percent=15 -f net/mac80211/sta_info.c]: fork/exec scripts/get_maintainer.pl: no such file or directory
2024/03/05 00:53:52 VMs 1, executed 94582, cover 48745, signal 64410/86466, crashes 2, repro 1, triageQLen 0
2024/03/05 00:54:02 VMs 1, executed 94618, cover 48745, signal 64410/86476, crashes 2, repro 1, triageQLen 0
2024/03/05 00:54:12 VMs 1, executed 94656, cover 48745, signal 64423/86487, crashes 2, repro 1, triageQLen 0
2024/03/05 00:54:22 VMs 1, executed 94656, cover 48747, signal 64442/86487, crashes 2, repro 1, triageQLen 0
2024/03/05 00:54:32 VMs 1, executed 94691, cover 48748, signal 64449/86497, crashes 2, repro 1, triageQLen 0
2024/03/05 00:54:42 VMs 1, executed 94737, cover 48748, signal 64455/86503, crashes 2, repro 1, triageQLen 0
2024/03/05 00:54:52 VMs 1, executed 94780, cover 48748, signal 64464/86513, crashes 2, repro 1, triageQLen 0
2024/03/05 00:55:02 VMs 1, executed 94814, cover 48748, signal 64464/86520, crashes 2, repro 1, triageQLen 0
2024/03/05 00:55:11 reproducing crash 'BUG: sleeping function called from invalid context in sta_info_move_state': failed to symbolize report: failed to start scripts/get_maintainer.pl [scripts/get_maintainer.pl --git-min-percent=15 -f net/mac80211/sta_info.c]: fork/exec scripts/get_maintainer.pl: no such file or directory
2024/03/05 00:55:12 VMs 1, executed 94850, cover 48748, signal 64470/86521, crashes 2, repro 1, triageQLen 0
2024/03/05 00:55:22 VMs 1, executed 94850, cover 48748, signal 64470/86521, crashes 2, repro 1, triageQLen 0
2024/03/05 00:55:32 VMs 1, executed 94908, cover 48748, signal 64470/86523, crashes 2, repro 1, triageQLen 0
2024/03/05 00:55:42 VMs 1, executed 95057, cover 48818, signal 64562/86537, crashes 2, repro 1, triageQLen 0
2024/03/05 00:55:47 reproducing crash 'BUG: sleeping function called from invalid context in sta_info_move_state': failed to symbolize report: failed to start scripts/get_maintainer.pl [scripts/get_maintainer.pl --git-min-percent=15 -f net/mac80211/sta_info.c]: fork/exec scripts/get_maintainer.pl: no such file or directory
2024/03/05 00:55:52 VMs 1, executed 95217, cover 48821, signal 64573/86565, crashes 2, repro 1, triageQLen 0
2024/03/05 00:56:02 VMs 1, executed 95345, cover 48821, signal 64573/86582, crashes 2, repro 1, triageQLen 0
2024/03/05 00:56:12 VMs 1, executed 95511, cover 48843, signal 64607/86598, crashes 2, repro 1, triageQLen 0
2024/03/05 00:56:14 reproducing crash 'BUG: sleeping function called from invalid context in sta_info_move_state': failed to symbolize report: failed to start scripts/get_maintainer.pl [scripts/get_maintainer.pl --git-min-percent=15 -f net/mac80211/sta_info.c]: fork/exec scripts/get_maintainer.pl: no such file or directory
2024/03/05 00:56:22 VMs 1, executed 95511, cover 48844, signal 64610/86598, crashes 2, repro 1, triageQLen 0
2024/03/05 00:56:32 VMs 1, executed 95639, cover 48848, signal 64622/86604, crashes 2, repro 1, triageQLen 0
2024/03/05 00:56:40 reproducing crash 'BUG: sleeping function called from invalid context in sta_info_move_state': failed to symbolize report: failed to start scripts/get_maintainer.pl [scripts/get_maintainer.pl --git-min-percent=15 -f net/mac80211/sta_info.c]: fork/exec scripts/get_maintainer.pl: no such file or directory
2024/03/05 00:56:42 VMs 1, executed 95799, cover 48861, signal 64643/86618, crashes 2, repro 1, triageQLen 0
2024/03/05 00:56:52 VMs 1, executed 95932, cover 48866, signal 64654/86635, crashes 2, repro 1, triageQLen 0
2024/03/05 00:57:02 VMs 1, executed 96097, cover 49074, signal 64906/86653, crashes 2, repro 1, triageQLen 0
2024/03/05 00:57:12 VMs 1, executed 96506, cover 49181, signal 65050/86673, crashes 2, repro 1, triageQLen 0
2024/03/05 00:57:22 VMs 1, executed 96506, cover 49334, signal 65274/86673, crashes 2, repro 1, triageQLen 0
2024/03/05 00:57:32 VMs 1, executed 97295, cover 49533, signal 65571/86725, crashes 2, repro 1, triageQLen 0
2024/03/05 00:57:42 VMs 1, executed 98129, cover 49615, signal 65736/86751, crashes 2, repro 1, triageQLen 0
2024/03/05 00:57:52 VMs 1, executed 98663, cover 49675, signal 65834/86786, crashes 2, repro 1, triageQLen 0
2024/03/05 00:58:02 VMs 1, executed 99384, cover 49744, signal 65964/86829, crashes 2, repro 1, triageQLen 0
2024/03/05 00:58:12 VMs 1, executed 100181, cover 49800, signal 66074/86852, crashes 2, repro 1, triageQLen 0
2024/03/05 00:58:22 VMs 1, executed 100181, cover 49914, signal 66228/86852, crashes 2, repro 1, triageQLen 0
2024/03/05 00:58:32 VMs 1, executed 100577, cover 49931, signal 66261/86929, crashes 2, repro 1, triageQLen 0
2024/03/05 00:58:42 VMs 1, executed 101045, cover 50018, signal 66395/87040, crashes 2, repro 1, triageQLen 0
2024/03/05 00:58:52 VMs 1, executed 101512, cover 50294, signal 66829/87154, crashes 2, repro 1, triageQLen 0
2024/03/05 00:59:02 VMs 1, executed 102251, cover 50312, signal 66875/87708, crashes 2, repro 1, triageQLen 0
2024/03/05 00:59:12 VMs 1, executed 102855, cover 50317, signal 66884/88619, crashes 2, repro 1, triageQLen 0
2024/03/05 00:59:22 VMs 1, executed 102855, cover 50317, signal 66884/88619, crashes 2, repro 1, triageQLen 0
2024/03/05 00:59:32 VMs 1, executed 103235, cover 50362, signal 66947/88752, crashes 2, repro 1, triageQLen 0
2024/03/05 00:59:42 VMs 1, executed 103439, cover 50362, signal 66947/88797, crashes 2, repro 1, triageQLen 0
2024/03/05 00:59:52 VMs 1, executed 103714, cover 50371, signal 66968/88869, crashes 2, repro 1, triageQLen 0
2024/03/05 01:00:02 VMs 1, executed 104150, cover 50393, signal 67004/89266, crashes 2, repro 1, triageQLen 0
2024/03/05 01:00:12 VMs 1, executed 104590, cover 50434, signal 67069/89366, crashes 2, repro 1, triageQLen 0
2024/03/05 01:00:22 VMs 1, executed 104590, cover 50435, signal 67076/89366, crashes 2, repro 1, triageQLen 0
2024/03/05 01:00:32 VMs 1, executed 104911, cover 50771, signal 67462/89484, crashes 2, repro 1, triageQLen 0
2024/03/05 01:00:42 VMs 1, executed 105222, cover 50848, signal 67485/89535, crashes 2, repro 1, triageQLen 0
2024/03/05 01:00:52 VMs 1, executed 105532, cover 51014, signal 67636/89576, crashes 2, repro 1, triageQLen 0
2024/03/05 01:01:02 VMs 1, executed 105794, cover 51244, signal 68034/89598, crashes 2, repro 1, triageQLen 0
2024/03/05 01:01:12 VMs 1, executed 106011, cover 51244, signal 68034/89640, crashes 2, repro 1, triageQLen 0
2024/03/05 01:01:22 VMs 1, executed 106011, cover 51273, signal 68043/89640, crashes 2, repro 1, triageQLen 0
2024/03/05 01:01:28 reproducing crash 'BUG: sleeping function called from invalid context in sta_info_move_state': failed to symbolize report: failed to start scripts/get_maintainer.pl [scripts/get_maintainer.pl --git-min-percent=15 -f net/mac80211/sta_info.c]: fork/exec scripts/get_maintainer.pl: no such file or directory
2024/03/05 01:01:32 VMs 1, executed 106157, cover 51275, signal 68047/89655, crashes 2, repro 1, triageQLen 0
2024/03/05 01:01:42 VMs 1, executed 106312, cover 51275, signal 68047/89671, crashes 2, repro 1, triageQLen 0
2024/03/05 01:01:52 VMs 1, executed 106512, cover 51299, signal 68078/89685, crashes 2, repro 1, triageQLen 0
2024/03/05 01:02:02 VMs 1, executed 106590, cover 51299, signal 68078/89704, crashes 2, repro 1, triageQLen 0
2024/03/05 01:02:12 VMs 1, executed 106670, cover 51301, signal 68105/89733, crashes 2, repro 1, triageQLen 0
2024/03/05 01:02:22 VMs 1, executed 106670, cover 51302, signal 68111/89733, crashes 2, repro 1, triageQLen 0
2024/03/05 01:02:32 VMs 1, executed 106738, cover 51302, signal 68111/89760, crashes 2, repro 1, triageQLen 0
2024/03/05 01:02:42 VMs 1, executed 106806, cover 51302, signal 68111/89776, crashes 2, repro 1, triageQLen 0
2024/03/05 01:02:52 VMs 1, executed 106873, cover 51345, signal 68169/89795, crashes 2, repro 1, triageQLen 0
2024/03/05 01:03:02 VMs 1, executed 106927, cover 51346, signal 68176/89811, crashes 2, repro 1, triageQLen 0
2024/03/05 01:03:12 VMs 1, executed 106989, cover 51408, signal 68179/89819, crashes 2, repro 1, triageQLen 0
2024/03/05 01:03:22 VMs 1, executed 106989, cover 51408, signal 68201/89819, crashes 2, repro 1, triageQLen 0
2024/03/05 01:03:32 VMs 1, executed 107059, cover 51408, signal 68201/89823, crashes 2, repro 1, triageQLen 0
2024/03/05 01:03:42 VMs 1, executed 107157, cover 51434, signal 68251/89829, crashes 2, repro 1, triageQLen 0
2024/03/05 01:03:46 reproducing crash 'BUG: sleeping function called from invalid context in sta_info_move_state': failed to symbolize report: failed to start scripts/get_maintainer.pl [scripts/get_maintainer.pl --git-min-percent=15 -f net/mac80211/sta_info.c]: fork/exec scripts/get_maintainer.pl: no such file or directory
2024/03/05 01:03:52 VMs 1, executed 107591, cover 51516, signal 68369/89867, crashes 2, repro 1, triageQLen 0
2024/03/05 01:04:02 VMs 1, executed 108168, cover 51746, signal 68726/89884, crashes 2, repro 1, triageQLen 0
2024/03/05 01:04:12 VMs 1, executed 108648, cover 51809, signal 68836/89927, crashes 2, repro 1, triageQLen 0
2024/03/05 01:04:22 VMs 1, executed 108648, cover 51900, signal 68968/89927, crashes 2, repro 1, triageQLen 0
2024/03/05 01:04:32 VMs 1, executed 109201, cover 51973, signal 69079/90022, crashes 2, repro 1, triageQLen 0
2024/03/05 01:04:42 VMs 1, executed 109709, cover 52040, signal 69186/90037, crashes 2, repro 1, triageQLen 0
2024/03/05 01:04:52 VMs 1, executed 110387, cover 52154, signal 69379/90108, crashes 2, repro 1, triageQLen 0
2024/03/05 01:05:02 VMs 1, executed 110995, cover 52189, signal 69427/90128, crashes 2, repro 1, triageQLen 0
2024/03/05 01:05:12 VMs 1, executed 111599, cover 52206, signal 69455/90602, crashes 2, repro 1, triageQLen 0
2024/03/05 01:05:22 VMs 1, executed 111599, cover 52268, signal 69536/90602, crashes 2, repro 1, triageQLen 0
2024/03/05 01:05:28 loop: repro on [3 0 1] finished 'BUG: sleeping function called from invalid context in sta_info_move_state', repro=true crepro=true desc='BUG: sleeping function called from invalid context in sta_info_move_state' hub=false from_dashboard=false
2024/03/05 01:05:32 VMs 1, executed 112171, cover 53183, signal 70647/91965, crashes 2, repro 0, triageQLen 0
2024/03/05 01:05:42 VMs 1, executed 112530, cover 53230, signal 70703/92194, crashes 2, repro 0, triageQLen 0
2024/03/05 01:05:52 VMs 1, executed 113099, cover 53244, signal 70721/92898, crashes 2, repro 0, triageQLen 0
2024/03/05 01:06:02 VMs 1, executed 113609, cover 53295, signal 70796/93709, crashes 2, repro 0, triageQLen 0
2024/03/05 01:06:12 VMs 1, executed 114145, cover 53381, signal 70929/93806, crashes 2, repro 0, triageQLen 0
2024/03/05 01:06:22 VMs 1, executed 114145, cover 53398, signal 70957/93806, crashes 2, repro 0, triageQLen 0
2024/03/05 01:06:32 VMs 1, executed 114555, cover 53988, signal 71676/93956, crashes 2, repro 0, triageQLen 0
2024/03/05 01:06:42 VMs 1, executed 114976, cover 54015, signal 71699/94084, crashes 2, repro 0, triageQLen 0
2024/03/05 01:06:52 VMs 4, executed 115392, cover 54075, signal 71818/94185, crashes 2, repro 0, triageQLen 0
2024/03/05 01:07:02 VMs 4, executed 115761, cover 54115, signal 71879/94306, crashes 2, repro 0, triageQLen 0
2024/03/05 01:07:12 VMs 4, executed 116303, cover 54214, signal 72011/95088, crashes 2, repro 0, triageQLen 0
2024/03/05 01:07:22 VMs 4, executed 117092, cover 54684, signal 72677/97475, crashes 2, repro 0, triageQLen 0
2024/03/05 01:07:32 VMs 4, executed 118235, cover 56582, signal 75029/97705, crashes 2, repro 0, triageQLen 0
2024/03/05 01:07:42 VMs 4, executed 119497, cover 57104, signal 75775/97907, crashes 2, repro 0, triageQLen 0
2024/03/05 01:07:52 VMs 4, executed 120627, cover 57359, signal 76150/98142, crashes 2, repro 0, triageQLen 0
2024/03/05 01:08:02 VMs 4, executed 121876, cover 57459, signal 76309/98211, crashes 2, repro 0, triageQLen 0
2024/03/05 01:08:12 VMs 4, executed 123007, cover 57630, signal 76572/98311, crashes 2, repro 0, triageQLen 0
2024/03/05 01:08:22 VMs 4, executed 124206, cover 57766, signal 76788/98597, crashes 2, repro 0, triageQLen 0
2024/03/05 01:08:32 VMs 4, executed 125623, cover 57869, signal 76995/99321, crashes 2, repro 0, triageQLen 0
2024/03/05 01:08:42 VMs 4, executed 127028, cover 57963, signal 77203/100026, crashes 2, repro 0, triageQLen 0
2024/03/05 01:08:52 VMs 4, executed 128160, cover 58430, signal 77972/100341, crashes 2, repro 0, triageQLen 0
2024/03/05 01:09:02 VMs 4, executed 129352, cover 58641, signal 78320/100671, crashes 2, repro 0, triageQLen 0
2024/03/05 01:09:12 VMs 4, executed 130520, cover 58826, signal 78583/101345, crashes 2, repro 0, triageQLen 0
2024/03/05 01:09:22 VMs 4, executed 131556, cover 58876, signal 78725/102293, crashes 2, repro 0, triageQLen 0
2024/03/05 01:09:32 VMs 4, executed 132742, cover 59137, signal 79089/102744, crashes 2, repro 0, triageQLen 0
2024/03/05 01:09:42 VMs 4, executed 133745, cover 59703, signal 79783/103025, crashes 2, repro 0, triageQLen 0
2024/03/05 01:09:52 VMs 4, executed 134732, cover 59748, signal 79929/103465, crashes 2, repro 0, triageQLen 0
2024/03/05 01:10:02 VMs 4, executed 136104, cover 60099, signal 80441/104391, crashes 2, repro 0, triageQLen 0
2024/03/05 01:10:12 VMs 4, executed 137028, cover 60159, signal 80523/104766, crashes 2, repro 0, triageQLen 0
2024/03/05 01:10:22 VMs 4, executed 138058, cover 60237, signal 80636/104884, crashes 2, repro 0, triageQLen 0
2024/03/05 01:10:32 VMs 4, executed 139124, cover 60466, signal 80974/105042, crashes 2, repro 0, triageQLen 0
2024/03/05 01:10:42 VMs 4, executed 140039, cover 60977, signal 81494/105397, crashes 2, repro 0, triageQLen 0
2024/03/05 01:10:52 VMs 4, executed 141206, cover 61962, signal 82401/106651, crashes 2, repro 0, triageQLen 0
2024/03/05 01:11:02 VMs 4, executed 142457, cover 62340, signal 82997/107343, crashes 2, repro 0, triageQLen 0
2024/03/05 01:11:12 VMs 4, executed 143548, cover 62731, signal 83584/107540, crashes 2, repro 0, triageQLen 0
2024/03/05 01:11:22 VMs 4, executed 144621, cover 63113, signal 84076/107643, crashes 2, repro 0, triageQLen 0
2024/03/05 01:11:32 VMs 4, executed 145928, cover 63285, signal 84280/108000, crashes 2, repro 0, triageQLen 0
2024/03/05 01:11:42 VMs 4, executed 146888, cover 63465, signal 84618/108256, crashes 2, repro 0, triageQLen 0
2024/03/05 01:11:52 VMs 4, executed 147849, cover 63567, signal 84793/108418, crashes 2, repro 0, triageQLen 0
2024/03/05 01:12:02 VMs 4, executed 149179, cover 63678, signal 84948/108722, crashes 2, repro 0, triageQLen 0
2024/03/05 01:12:12 VMs 4, executed 150101, cover 63832, signal 85175/108799, crashes 2, repro 0, triageQLen 0
2024/03/05 01:12:22 VMs 4, executed 150986, cover 63960, signal 85426/109191, crashes 2, repro 0, triageQLen 0
2024/03/05 01:12:22 [ERROR] failed to symbolize report: failed to start scripts/get_maintainer.pl [scripts/get_maintainer.pl --git-min-percent=15 -f root/ramdisk/work_dir/linux/kernel/sched/core.c]: fork/exec scripts/get_maintainer.pl: no such file or directory
2024/03/05 01:12:22 vm-3: crash: INFO: task hung in hub_port_init
2024/03/05 01:12:22 vm-2: running for 44m52.925478254s, restarting
2024/03/05 01:12:23 vm-1: running for 5m39.776256166s, restarting
2024/03/05 01:12:23 loop: starting repro of 'INFO: task hung in hub_port_init' on instances [3 2 1]
2024/03/05 01:12:24 reproducing crash 'INFO: task hung in hub_port_init': 1465 programs, 3 VMs, timeouts [6m0s]
2024/03/05 01:12:32 VMs 1, executed 151339, cover 63969, signal 85442/109231, crashes 3, repro 1, triageQLen 0
2024/03/05 01:12:42 VMs 1, executed 151711, cover 63969, signal 85442/109249, crashes 3, repro 1, triageQLen 0
2024/03/05 01:12:52 VMs 1, executed 152106, cover 63969, signal 85442/109258, crashes 3, repro 1, triageQLen 0
2024/03/05 01:13:02 VMs 1, executed 152106, cover 63969, signal 85442/109258, crashes 3, repro 1, triageQLen 0
2024/03/05 01:13:12 VMs 1, executed 152482, cover 63980, signal 85466/109273, crashes 3, repro 1, triageQLen 0
2024/03/05 01:13:22 VMs 1, executed 152766, cover 63980, signal 85470/109280, crashes 3, repro 1, triageQLen 0
2024/03/05 01:13:32 VMs 1, executed 153143, cover 64005, signal 85507/109283, crashes 3, repro 1, triageQLen 0
2024/03/05 01:13:42 VMs 1, executed 153608, cover 64047, signal 85559/109292, crashes 3, repro 1, triageQLen 0
2024/03/05 01:13:52 VMs 1, executed 154086, cover 64048, signal 85565/109427, crashes 3, repro 1, triageQLen 0
2024/03/05 01:14:02 VMs 1, executed 154086, cover 64182, signal 85727/109427, crashes 3, repro 1, triageQLen 0
2024/03/05 01:14:12 VMs 1, executed 154556, cover 64191, signal 85953/109439, crashes 3, repro 1, triageQLen 0
2024/03/05 01:14:22 VMs 1, executed 155025, cover 64191, signal 85953/109456, crashes 3, repro 1, triageQLen 0
2024/03/05 01:14:32 VMs 1, executed 155495, cover 64198, signal 85976/109476, crashes 3, repro 1, triageQLen 0
2024/03/05 01:14:42 VMs 1, executed 155986, cover 64198, signal 85985/109492, crashes 3, repro 1, triageQLen 0
2024/03/05 01:14:52 VMs 1, executed 156470, cover 64198, signal 85991/109504, crashes 3, repro 1, triageQLen 0
2024/03/05 01:15:02 VMs 1, executed 156470, cover 64199, signal 85997/109504, crashes 3, repro 1, triageQLen 0
2024/03/05 01:15:12 VMs 1, executed 156921, cover 64249, signal 86076/109510, crashes 3, repro 1, triageQLen 0
2024/03/05 01:15:22 VMs 1, executed 157334, cover 64258, signal 86090/109516, crashes 3, repro 1, triageQLen 0
2024/03/05 01:15:32 VMs 1, executed 157752, cover 64264, signal 86102/109520, crashes 3, repro 1, triageQLen 0
2024/03/05 01:15:42 VMs 1, executed 158157, cover 64280, signal 86129/109526, crashes 3, repro 1, triageQLen 0
2024/03/05 01:15:52 VMs 1, executed 158157, cover 64280, signal 86130/109526, crashes 3, repro 1, triageQLen 0
2024/03/05 01:16:02 VMs 1, executed 158560, cover 64280, signal 86130/109536, crashes 3, repro 1, triageQLen 0
2024/03/05 01:16:12 VMs 1, executed 158933, cover 64280, signal 86130/109545, crashes 3, repro 1, triageQLen 0
2024/03/05 01:16:22 VMs 1, executed 159304, cover 64280, signal 86130/109549, crashes 3, repro 1, triageQLen 0
2024/03/05 01:16:32 VMs 1, executed 159664, cover 64280, signal 86130/109550, crashes 3, repro 1, triageQLen 0
2024/03/05 01:16:42 VMs 1, executed 160034, cover 64280, signal 86130/109555, crashes 3, repro 1, triageQLen 0
2024/03/05 01:16:52 VMs 1, executed 160387, cover 64280, signal 86130/109556, crashes 3, repro 1, triageQLen 0
2024/03/05 01:17:02 VMs 1, executed 160387, cover 64280, signal 86130/109556, crashes 3, repro 1, triageQLen 0
2024/03/05 01:17:12 VMs 1, executed 160769, cover 64280, signal 86130/109562, crashes 3, repro 1, triageQLen 0
2024/03/05 01:17:22 VMs 1, executed 161174, cover 64280, signal 86130/109568, crashes 3, repro 1, triageQLen 0
2024/03/05 01:17:32 VMs 1, executed 161524, cover 64280, signal 86130/109570, crashes 3, repro 1, triageQLen 0
2024/03/05 01:17:42 VMs 1, executed 161909, cover 64280, signal 86130/109574, crashes 3, repro 1, triageQLen 0
2024/03/05 01:17:52 VMs 1, executed 161909, cover 64280, signal 86130/109574, crashes 3, repro 1, triageQLen 0
2024/03/05 01:18:02 VMs 1, executed 162288, cover 64280, signal 86130/109579, crashes 3, repro 1, triageQLen 0
2024/03/05 01:18:12 VMs 1, executed 162650, cover 64280, signal 86130/109580, crashes 3, repro 1, triageQLen 0
2024/03/05 01:18:22 VMs 1, executed 163018, cover 64280, signal 86130/109584, crashes 3, repro 1, triageQLen 0
2024/03/05 01:18:32 VMs 1, executed 163417, cover 64280, signal 86130/109587, crashes 3, repro 1, triageQLen 0
2024/03/05 01:18:42 VMs 1, executed 163789, cover 64280, signal 86130/109590, crashes 3, repro 1, triageQLen 0
2024/03/05 01:18:52 VMs 1, executed 164177, cover 64280, signal 86130/109593, crashes 3, repro 1, triageQLen 0
2024/03/05 01:19:02 VMs 1, executed 164177, cover 64280, signal 86130/109593, crashes 3, repro 1, triageQLen 0
2024/03/05 01:19:12 VMs 1, executed 164556, cover 64280, signal 86130/109595, crashes 3, repro 1, triageQLen 0
2024/03/05 01:19:22 VMs 1, executed 164950, cover 64280, signal 86130/109598, crashes 3, repro 1, triageQLen 0
2024/03/05 01:19:32 VMs 1, executed 165344, cover 64280, signal 86130/109598, crashes 3, repro 1, triageQLen 0
2024/03/05 01:19:42 VMs 1, executed 165707, cover 64280, signal 86130/109601, crashes 3, repro 1, triageQLen 0
2024/03/05 01:19:52 VMs 1, executed 165707, cover 64280, signal 86130/109601, crashes 3, repro 1, triageQLen 0
2024/03/05 01:20:02 VMs 1, executed 166063, cover 64280, signal 86130/109604, crashes 3, repro 1, triageQLen 0
2024/03/05 01:20:12 VMs 1, executed 166406, cover 64280, signal 86130/109607, crashes 3, repro 1, triageQLen 0
2024/03/05 01:20:22 VMs 1, executed 166751, cover 64280, signal 86130/109612, crashes 3, repro 1, triageQLen 0
2024/03/05 01:20:32 VMs 1, executed 167072, cover 64280, signal 86130/109612, crashes 3, repro 1, triageQLen 0
2024/03/05 01:20:42 VMs 1, executed 167434, cover 64280, signal 86130/109614, crashes 3, repro 1, triageQLen 0
2024/03/05 01:20:52 VMs 1, executed 167434, cover 64280, signal 86130/109614, crashes 3, repro 1, triageQLen 0
2024/03/05 01:21:02 VMs 1, executed 167798, cover 64280, signal 86130/109615, crashes 3, repro 1, triageQLen 0
2024/03/05 01:21:12 VMs 1, executed 168163, cover 64280, signal 86130/109618, crashes 3, repro 1, triageQLen 0
2024/03/05 01:21:22 VMs 1, executed 168490, cover 64280, signal 86130/109619, crashes 3, repro 1, triageQLen 0
2024/03/05 01:21:32 VMs 1, executed 168862, cover 64280, signal 86130/109620, crashes 3, repro 1, triageQLen 0
2024/03/05 01:21:42 VMs 1, executed 169230, cover 64280, signal 86130/109628, crashes 3, repro 1, triageQLen 0
2024/03/05 01:21:52 VMs 1, executed 169598, cover 64280, signal 86130/109631, crashes 3, repro 1, triageQLen 0
2024/03/05 01:22:02 VMs 1, executed 169598, cover 64280, signal 86130/109631, crashes 3, repro 1, triageQLen 0
2024/03/05 01:22:12 VMs 1, executed 169987, cover 64280, signal 86130/109634, crashes 3, repro 1, triageQLen 0
2024/03/05 01:22:22 VMs 1, executed 170368, cover 64280, signal 86130/109639, crashes 3, repro 1, triageQLen 0
2024/03/05 01:22:32 VMs 1, executed 170713, cover 64280, signal 86130/109641, crashes 3, repro 1, triageQLen 0
2024/03/05 01:22:42 VMs 1, executed 171076, cover 64280, signal 86130/109645, crashes 3, repro 1, triageQLen 0
2024/03/05 01:22:52 VMs 1, executed 171076, cover 64280, signal 86130/109645, crashes 3, repro 1, triageQLen 0
2024/03/05 01:23:02 VMs 1, executed 171462, cover 64280, signal 86130/109651, crashes 3, repro 1, triageQLen 0
2024/03/05 01:23:12 VMs 1, executed 171827, cover 64280, signal 86130/109651, crashes 3, repro 1, triageQLen 0
2024/03/05 01:23:22 VMs 1, executed 172190, cover 64280, signal 86130/109653, crashes 3, repro 1, triageQLen 0
2024/03/05 01:23:32 VMs 1, executed 172542, cover 64280, signal 86130/109655, crashes 3, repro 1, triageQLen 0
2024/03/05 01:23:42 VMs 1, executed 172881, cover 64280, signal 86130/109656, crashes 3, repro 1, triageQLen 0
2024/03/05 01:23:52 VMs 1, executed 172881, cover 64280, signal 86130/109656, crashes 3, repro 1, triageQLen 0
2024/03/05 01:24:02 VMs 1, executed 173234, cover 64280, signal 86130/109659, crashes 3, repro 1, triageQLen 0
2024/03/05 01:24:12 VMs 1, executed 173586, cover 64280, signal 86130/109662, crashes 3, repro 1, triageQLen 0
2024/03/05 01:24:22 VMs 1, executed 173931, cover 64280, signal 86130/109663, crashes 3, repro 1, triageQLen 0
2024/03/05 01:24:32 VMs 1, executed 174274, cover 64280, signal 86130/109663, crashes 3, repro 1, triageQLen 0
2024/03/05 01:24:42 VMs 1, executed 174620, cover 64280, signal 86130/109665, crashes 3, repro 1, triageQLen 0
2024/03/05 01:24:52 VMs 1, executed 174986, cover 64280, signal 86130/109667, crashes 3, repro 1, triageQLen 0
2024/03/05 01:25:02 VMs 1, executed 174986, cover 64280, signal 86130/109667, crashes 3, repro 1, triageQLen 0
2024/03/05 01:25:12 VMs 1, executed 175345, cover 64280, signal 86130/109671, crashes 3, repro 1, triageQLen 0
2024/03/05 01:25:22 VMs 1, executed 175689, cover 64280, signal 86130/109674, crashes 3, repro 1, triageQLen 0
2024/03/05 01:25:32 VMs 1, executed 176025, cover 64280, signal 86130/109675, crashes 3, repro 1, triageQLen 0
2024/03/05 01:25:42 VMs 1, executed 176388, cover 64280, signal 86130/109676, crashes 3, repro 1, triageQLen 0
2024/03/05 01:25:52 VMs 1, executed 176730, cover 64280, signal 86130/109678, crashes 3, repro 1, triageQLen 0
2024/03/05 01:26:02 VMs 1, executed 176730, cover 64280, signal 86130/109678, crashes 3, repro 1, triageQLen 0
2024/03/05 01:26:12 VMs 1, executed 177079, cover 64280, signal 86130/109679, crashes 3, repro 1, triageQLen 0
2024/03/05 01:26:22 VMs 1, executed 177411, cover 64280, signal 86130/109682, crashes 3, repro 1, triageQLen 0
2024/03/05 01:26:32 VMs 1, executed 177711, cover 64280, signal 86130/109685, crashes 3, repro 1, triageQLen 0
2024/03/05 01:26:42 VMs 1, executed 178033, cover 64280, signal 86130/109685, crashes 3, repro 1, triageQLen 0
2024/03/05 01:26:52 VMs 1, executed 178033, cover 64280, signal 86130/109685, crashes 3, repro 1, triageQLen 0
2024/03/05 01:27:02 VMs 1, executed 178376, cover 64280, signal 86130/109688, crashes 3, repro 1, triageQLen 0
2024/03/05 01:27:12 VMs 1, executed 178718, cover 64280, signal 86130/109689, crashes 3, repro 1, triageQLen 0
2024/03/05 01:27:22 VMs 1, executed 179079, cover 64280, signal 86130/109690, crashes 3, repro 1, triageQLen 0
2024/03/05 01:27:32 VMs 1, executed 179413, cover 64280, signal 86130/109692, crashes 3, repro 1, triageQLen 0
2024/03/05 01:27:42 VMs 1, executed 179803, cover 64280, signal 86130/109694, crashes 3, repro 1, triageQLen 0
2024/03/05 01:27:52 VMs 1, executed 179803, cover 64280, signal 86130/109694, crashes 3, repro 1, triageQLen 0
2024/03/05 01:28:02 VMs 1, executed 180170, cover 64280, signal 86130/109696, crashes 3, repro 1, triageQLen 0
2024/03/05 01:28:12 VMs 1, executed 180546, cover 64280, signal 86130/109698, crashes 3, repro 1, triageQLen 0
2024/03/05 01:28:22 VMs 1, executed 180895, cover 64280, signal 86130/109701, crashes 3, repro 1, triageQLen 0
2024/03/05 01:28:32 VMs 1, executed 181239, cover 64280, signal 86130/109701, crashes 3, repro 1, triageQLen 0
2024/03/05 01:28:42 VMs 1, executed 181578, cover 64280, signal 86130/109701, crashes 3, repro 1, triageQLen 0
2024/03/05 01:28:52 VMs 1, executed 181930, cover 64280, signal 86130/109702, crashes 3, repro 1, triageQLen 0
2024/03/05 01:29:02 VMs 1, executed 181930, cover 64280, signal 86130/109702, crashes 3, repro 1, triageQLen 0
2024/03/05 01:29:12 VMs 1, executed 182351, cover 64280, signal 86130/109703, crashes 3, repro 1, triageQLen 0
2024/03/05 01:29:22 VMs 1, executed 182780, cover 64280, signal 86130/109708, crashes 3, repro 1, triageQLen 0
2024/03/05 01:29:32 VMs 1, executed 183185, cover 64280, signal 86130/109713, crashes 3, repro 1, triageQLen 0
2024/03/05 01:29:42 VMs 1, executed 183567, cover 64280, signal 86130/109715, crashes 3, repro 1, triageQLen 0
2024/03/05 01:29:52 VMs 1, executed 183567, cover 64280, signal 86130/109715, crashes 3, repro 1, triageQLen 0
2024/03/05 01:30:02 VMs 1, executed 183912, cover 64280, signal 86130/109719, crashes 3, repro 1, triageQLen 0
2024/03/05 01:30:12 VMs 1, executed 184237, cover 64280, signal 86130/109722, crashes 3, repro 1, triageQLen 0
2024/03/05 01:30:22 VMs 1, executed 184577, cover 64280, signal 86130/109722, crashes 3, repro 1, triageQLen 0
2024/03/05 01:30:32 VMs 1, executed 184915, cover 64280, signal 86130/109723, crashes 3, repro 1, triageQLen 0
2024/03/05 01:30:42 VMs 1, executed 185246, cover 64280, signal 86130/109725, crashes 3, repro 1, triageQLen 0
2024/03/05 01:30:52 VMs 1, executed 185246, cover 64280, signal 86130/109725, crashes 3, repro 1, triageQLen 0
2024/03/05 01:31:02 VMs 1, executed 185567, cover 64280, signal 86130/109726, crashes 3, repro 1, triageQLen 0
2024/03/05 01:31:12 VMs 1, executed 185854, cover 64280, signal 86130/109726, crashes 3, repro 1, triageQLen 0
2024/03/05 01:31:22 VMs 1, executed 186144, cover 64280, signal 86130/109727, crashes 3, repro 1, triageQLen 0
2024/03/05 01:31:32 VMs 1, executed 186416, cover 64280, signal 86130/109727, crashes 3, repro 1, triageQLen 0
2024/03/05 01:31:42 VMs 1, executed 186710, cover 64280, signal 86130/109727, crashes 3, repro 1, triageQLen 0
2024/03/05 01:31:52 VMs 1, executed 186710, cover 64280, signal 86130/109727, crashes 3, repro 1, triageQLen 0
2024/03/05 01:32:02 VMs 1, executed 186975, cover 64280, signal 86130/109729, crashes 3, repro 1, triageQLen 0
2024/03/05 01:32:12 VMs 1, executed 187237, cover 64280, signal 86130/109729, crashes 3, repro 1, triageQLen 0
2024/03/05 01:32:22 VMs 1, executed 187493, cover 64280, signal 86130/109732, crashes 3, repro 1, triageQLen 0
2024/03/05 01:32:32 VMs 1, executed 187750, cover 64280, signal 86130/109733, crashes 3, repro 1, triageQLen 0
2024/03/05 01:32:42 VMs 1, executed 188001, cover 64280, signal 86130/109734, crashes 3, repro 1, triageQLen 0
2024/03/05 01:32:52 VMs 1, executed 188001, cover 64280, signal 86130/109734, crashes 3, repro 1, triageQLen 0
2024/03/05 01:33:02 VMs 1, executed 188272, cover 64280, signal 86130/109736, crashes 3, repro 1, triageQLen 0
2024/03/05 01:33:12 VMs 1, executed 188544, cover 64280, signal 86130/109739, crashes 3, repro 1, triageQLen 0
2024/03/05 01:33:22 VMs 1, executed 188820, cover 64280, signal 86130/109741, crashes 3, repro 1, triageQLen 0
2024/03/05 01:33:32 VMs 1, executed 189106, cover 64280, signal 86130/109742, crashes 3, repro 1, triageQLen 0
2024/03/05 01:33:42 VMs 1, executed 189386, cover 64280, signal 86130/109743, crashes 3, repro 1, triageQLen 0
2024/03/05 01:33:52 VMs 1, executed 189386, cover 64280, signal 86130/109743, crashes 3, repro 1, triageQLen 0
2024/03/05 01:34:02 VMs 1, executed 189661, cover 64280, signal 86130/109743, crashes 3, repro 1, triageQLen 0
2024/03/05 01:34:12 VMs 1, executed 189951, cover 64280, signal 86130/109745, crashes 3, repro 1, triageQLen 0
2024/03/05 01:34:22 VMs 1, executed 190231, cover 64280, signal 86130/109745, crashes 3, repro 1, triageQLen 0
2024/03/05 01:34:32 VMs 1, executed 190521, cover 64280, signal 86130/109746, crashes 3, repro 1, triageQLen 0
2024/03/05 01:34:42 VMs 1, executed 190803, cover 64280, signal 86130/109747, crashes 3, repro 1, triageQLen 0
2024/03/05 01:34:52 VMs 1, executed 190803, cover 64280, signal 86130/109747, crashes 3, repro 1, triageQLen 0
2024/03/05 01:35:02 VMs 1, executed 191077, cover 64280, signal 86130/109749, crashes 3, repro 1, triageQLen 0
2024/03/05 01:35:12 VMs 1, executed 191369, cover 64280, signal 86130/109751, crashes 3, repro 1, triageQLen 0
2024/03/05 01:35:22 VMs 1, executed 191660, cover 64280, signal 86130/109751, crashes 3, repro 1, triageQLen 0
2024/03/05 01:35:32 VMs 1, executed 191950, cover 64280, signal 86130/109752, crashes 3, repro 1, triageQLen 0
2024/03/05 01:35:42 VMs 1, executed 192254, cover 64280, signal 86130/109752, crashes 3, repro 1, triageQLen 0
2024/03/05 01:35:52 VMs 1, executed 192254, cover 64280, signal 86130/109752, crashes 3, repro 1, triageQLen 0
2024/03/05 01:36:02 VMs 1, executed 192539, cover 64280, signal 86130/109752, crashes 3, repro 1, triageQLen 0
2024/03/05 01:36:12 VMs 1, executed 192830, cover 64280, signal 86130/109753, crashes 3, repro 1, triageQLen 0
2024/03/05 01:36:22 VMs 1, executed 193124, cover 64280, signal 86130/109755, crashes 3, repro 1, triageQLen 0
2024/03/05 01:36:32 VMs 1, executed 193419, cover 64280, signal 86130/109757, crashes 3, repro 1, triageQLen 0
2024/03/05 01:36:42 VMs 1, executed 193714, cover 64376, signal 86281/109758, crashes 3, repro 1, triageQLen 0
2024/03/05 01:36:52 VMs 1, executed 193714, cover 64376, signal 86281/109758, crashes 3, repro 1, triageQLen 0
2024/03/05 01:37:02 VMs 1, executed 193980, cover 64376, signal 86281/109758, crashes 3, repro 1, triageQLen 0
2024/03/05 01:37:12 VMs 1, executed 194258, cover 64376, signal 86281/109759, crashes 3, repro 1, triageQLen 0
2024/03/05 01:37:22 VMs 1, executed 194525, cover 64376, signal 86281/109759, crashes 3, repro 1, triageQLen 0
2024/03/05 01:37:32 VMs 1, executed 194803, cover 64376, signal 86281/109760, crashes 3, repro 1, triageQLen 0
2024/03/05 01:37:42 VMs 1, executed 195075, cover 64376, signal 86281/109763, crashes 3, repro 1, triageQLen 0
2024/03/05 01:37:52 VMs 1, executed 195075, cover 64376, signal 86281/109763, crashes 3, repro 1, triageQLen 0
2024/03/05 01:38:02 VMs 1, executed 195326, cover 64376, signal 86281/109766, crashes 3, repro 1, triageQLen 0
2024/03/05 01:38:12 VMs 1, executed 195570, cover 64376, signal 86281/109767, crashes 3, repro 1, triageQLen 0
2024/03/05 01:38:22 VMs 1, executed 195837, cover 64376, signal 86281/109767, crashes 3, repro 1, triageQLen 0
2024/03/05 01:38:32 VMs 1, executed 196070, cover 64376, signal 86281/109771, crashes 3, repro 1, triageQLen 0
2024/03/05 01:38:42 VMs 1, executed 196321, cover 64376, signal 86281/109774, crashes 3, repro 1, triageQLen 0
2024/03/05 01:38:52 VMs 1, executed 196321, cover 64376, signal 86281/109774, crashes 3, repro 1, triageQLen 0
2024/03/05 01:39:02 VMs 1, executed 196593, cover 64376, signal 86281/109776, crashes 3, repro 1, triageQLen 0
2024/03/05 01:39:12 VMs 1, executed 196841, cover 64376, signal 86281/109777, crashes 3, repro 1, triageQLen 0
2024/03/05 01:39:22 VMs 1, executed 197135, cover 64376, signal 86281/109777, crashes 3, repro 1, triageQLen 0
2024/03/05 01:39:32 VMs 1, executed 197405, cover 64376, signal 86281/109778, crashes 3, repro 1, triageQLen 0
2024/03/05 01:39:42 VMs 1, executed 197684, cover 64376, signal 86281/109779, crashes 3, repro 1, triageQLen 0
2024/03/05 01:39:52 VMs 1, executed 197684, cover 64376, signal 86281/109779, crashes 3, repro 1, triageQLen 0
2024/03/05 01:40:02 VMs 1, executed 197947, cover 64376, signal 86281/109780, crashes 3, repro 1, triageQLen 0
2024/03/05 01:40:12 VMs 1, executed 198215, cover 64376, signal 86281/109780, crashes 3, repro 1, triageQLen 0
2024/03/05 01:40:22 VMs 1, executed 198489, cover 64376, signal 86281/109781, crashes 3, repro 1, triageQLen 0
2024/03/05 01:40:32 VMs 1, executed 198772, cover 64376, signal 86281/109781, crashes 3, repro 1, triageQLen 0
2024/03/05 01:40:42 VMs 1, executed 199056, cover 64376, signal 86281/109781, crashes 3, repro 1, triageQLen 0
2024/03/05 01:40:52 VMs 1, executed 199056, cover 64376, signal 86281/109781, crashes 3, repro 1, triageQLen 0
2024/03/05 01:41:02 VMs 1, executed 199337, cover 64376, signal 86281/109783, crashes 3, repro 1, triageQLen 0
2024/03/05 01:41:12 VMs 1, executed 199615, cover 64376, signal 86281/109785, crashes 3, repro 1, triageQLen 0
2024/03/05 01:41:22 VMs 1, executed 199889, cover 64376, signal 86281/109787, crashes 3, repro 1, triageQLen 0
2024/03/05 01:41:32 VMs 1, executed 200172, cover 64376, signal 86281/109787, crashes 3, repro 1, triageQLen 0
2024/03/05 01:41:42 VMs 1, executed 200449, cover 64376, signal 86281/109788, crashes 3, repro 1, triageQLen 0
2024/03/05 01:41:52 VMs 1, executed 200449, cover 64376, signal 86281/109788, crashes 3, repro 1, triageQLen 0
2024/03/05 01:42:02 VMs 1, executed 200725, cover 64376, signal 86281/109789, crashes 3, repro 1, triageQLen 0
2024/03/05 01:42:12 VMs 1, executed 200997, cover 64376, signal 86281/109792, crashes 3, repro 1, triageQLen 0
2024/03/05 01:42:22 VMs 1, executed 201275, cover 64376, signal 86281/109795, crashes 3, repro 1, triageQLen 0
2024/03/05 01:42:32 VMs 1, executed 201556, cover 64376, signal 86281/109795, crashes 3, repro 1, triageQLen 0
2024/03/05 01:42:42 VMs 1, executed 201828, cover 64376, signal 86281/109795, crashes 3, repro 1, triageQLen 0
2024/03/05 01:42:52 VMs 1, executed 201828, cover 64376, signal 86281/109795, crashes 3, repro 1, triageQLen 0
2024/03/05 01:43:02 VMs 1, executed 202100, cover 64376, signal 86281/109795, crashes 3, repro 1, triageQLen 0
2024/03/05 01:43:12 VMs 1, executed 202379, cover 64376, signal 86281/109796, crashes 3, repro 1, triageQLen 0
2024/03/05 01:43:22 VMs 1, executed 202656, cover 64376, signal 86281/109797, crashes 3, repro 1, triageQLen 0
2024/03/05 01:43:32 VMs 1, executed 202928, cover 64376, signal 86281/109797, crashes 3, repro 1, triageQLen 0
2024/03/05 01:43:42 VMs 1, executed 203201, cover 64376, signal 86281/109798, crashes 3, repro 1, triageQLen 0
2024/03/05 01:43:52 VMs 1, executed 203201, cover 64376, signal 86281/109798, crashes 3, repro 1, triageQLen 0
2024/03/05 01:44:02 VMs 1, executed 203472, cover 64376, signal 86281/109798, crashes 3, repro 1, triageQLen 0
2024/03/05 01:44:12 VMs 1, executed 203730, cover 64376, signal 86281/109799, crashes 3, repro 1, triageQLen 0
2024/03/05 01:44:22 VMs 1, executed 203988, cover 64376, signal 86281/109799, crashes 3, repro 1, triageQLen 0
SIGINT: shutting down...
2024/03/05 01:44:27 vm-0: running for 37m44.141428594s, restarting
SIGINT: shutting down harder...
2024/03/05 01:44:31 reproducing crash 'INFO: task hung in hub_port_init': failed to boot instance (try 1): failed to create VM: shutdown in progress
[    0.000000][    T0] Linux version 5.10.0-rc2-syzkaller (syzkaller@syzkaller) (gcc (Debian 12.2.0-14) 12.2.0, GNU ld (GNU Binutils for Debian) 2.40) #0 SMP PREEMPT now
[    0.000000][    T0] Command line: root=/dev/sda console=ttyS0 root=/dev/sda1
[    0.000000][    T0] KERNEL supported cpus:
[    0.000000][    T0]   Intel GenuineIntel
[    0.000000][    T0]   AMD AuthenticAMD
[    0.000000][    T0] x86/fpu: Supporting XSAVE feature 0x001: 'x87 floating point registers'
[    0.000000][    T0] x86/fpu: Supporting XSAVE feature 0x002: 'SSE registers'
[    0.000000][    T0] x86/fpu: Supporting XSAVE feature 0x004: 'AVX registers'
[    0.000000][    T0] x86/fpu: Supporting XSAVE feature 0x008: 'MPX bounds registers'
[    0.000000][    T0] x86/fpu: Supporting XSAVE feature 0x010: 'MPX CSR'
[    0.000000][    T0] x86/fpu: Supporting XSAVE feature 0x020: 'AVX-512 opmask'
[    0.000000][    T0] x86/fpu: Supporting XSAVE feature 0x040: 'AVX-512 Hi256'
[    0.000000][    T0] x86/fpu: Supporting XSAVE feature 0x080: 'AVX-512 ZMM_Hi256'
[    0.000000][    T0] x86/fpu: xstate_offset[2]:  576, xstate_sizes[2]:  256
[    0.000000][    T0] x86/fpu: xstate_offset[3]:  832, xstate_sizes[3]:   64
[    0.000000][    T0] x86/fpu: xstate_offset[4]:  896, xstate_sizes[4]:   64
[    0.000000][    T0] x86/fpu: xstate_offset[5]:  960, xstate_sizes[5]:   64
[    0.000000][    T0] x86/fpu: xstate_offset[6]: 1024, xstate_sizes[6]:  512
[    0.000000][    T0] x86/fpu: xstate_offset[7]: 1536, xstate_sizes[7]: 1024
[    0.000000][    T0] x86/fpu: Enabled xstate features 0xff, context size is 2560 bytes, using 'compacted' format.
[    0.000000][    T0] BIOS-provided physical RAM map:
[    0.000000][    T0] BIOS-e820: [mem 0x0000000000000000-0x000000000009fbff] usable
[    0.000000][    T0] BIOS-e820: [mem 0x000000000009fc00-0x000000000009ffff] reserved
[    0.000000][    T0] BIOS-e820: [mem 0x00000000000f0000-0x00000000000fffff] reserved
[    0.000000][    T0] BIOS-e820: [mem 0x0000000000100000-0x000000007ffdffff] usable
[    0.000000][    T0] BIOS-e820: [mem 0x000000007ffe0000-0x000000007fffffff] reserved
[    0.000000][    T0] BIOS-e820: [mem 0x00000000feffc000-0x00000000feffffff] reserved
[    0.000000][    T0] BIOS-e820: [mem 0x00000000fffc0000-0x00000000ffffffff] reserved
[    0.000000][    T0] nopcid: PCID feature disabled
[    0.000000][    T0] NX (Execute Disable) protection: active
[    0.000000][    T0] SMBIOS 2.8 present.
[    0.000000][    T0] DMI: QEMU Standard PC (i440FX + PIIX, 1996), BIOS 1.16.2-debian-1.16.2-1 04/01/2014
[    0.000000][    T0] Hypervisor detected: KVM
[    0.000000][    T0] kvm-clock: Using msrs 4b564d01 and 4b564d00
[    0.000000][    T0] kvm-clock: cpu 0, msr e46a001, primary cpu clock
[    0.000005][    T0] kvm-clock: using sched offset of 1673460298 cycles
[    0.000021][    T0] clocksource: kvm-clock: mask: 0xffffffffffffffff max_cycles: 0x1cd42e4dffb, max_idle_ns: 881590591483 ns
[    0.000044][    T0] tsc: Detected 3100.318 MHz processor
[    0.005984][    T0] last_pfn = 0x7ffe0 max_arch_pfn = 0x400000000
[    0.006564][    T0] x86/PAT: Configuration [0-7]: WB  WC  UC- UC  WB  WP  UC- WT  
[    0.017710][    T0] found SMP MP-table at [mem 0x000f5b90-0x000f5b9f]
[    0.017985][    T0] Using GB pages for direct mapping
[    0.019265][    T0] ACPI: Early table checksum verification disabled
[    0.019312][    T0] ACPI: RSDP 0x00000000000F59C0 000014 (v00 BOCHS )
[    0.019392][    T0] ACPI: RSDT 0x000000007FFE1B21 000034 (v01 BOCHS  BXPC     00000001 BXPC 00000001)
[    0.019435][    T0] ACPI: FACP 0x000000007FFE19CD 000074 (v01 BOCHS  BXPC     00000001 BXPC 00000001)
[    0.019481][    T0] ACPI: DSDT 0x000000007FFE0040 00198D (v01 BOCHS  BXPC     00000001 BXPC 00000001)
[    0.019519][    T0] ACPI: FACS 0x000000007FFE0000 000040
[    0.019551][    T0] ACPI: APIC 0x000000007FFE1A41 000080 (v01 BOCHS  BXPC     00000001 BXPC 00000001)
[    0.019588][    T0] ACPI: HPET 0x000000007FFE1AC1 000038 (v01 BOCHS  BXPC     00000001 BXPC 00000001)
[    0.019625][    T0] ACPI: WAET 0x000000007FFE1AF9 000028 (v01 BOCHS  BXPC     00000001 BXPC 00000001)
[    0.022769][    T0] No NUMA configuration found
[    0.022786][    T0] Faking a node at [mem 0x0000000000000000-0x000000007ffdffff]
[    0.022809][    T0] Faking node 0 at [mem 0x0000000000000000-0x000000003fffffff] (1024MB)
[    0.022826][    T0] Faking node 1 at [mem 0x0000000040000000-0x000000007ffdffff] (1023MB)
[    0.023417][    T0] NODE_DATA(0) allocated [mem 0x3fffb000-0x3fffffff]
[    0.024115][    T0] NODE_DATA(1) allocated [mem 0x7ffda000-0x7ffdefff]
[    0.036025][    T0] Zone ranges:
[    0.036047][    T0]   DMA      [mem 0x0000000000001000-0x0000000000ffffff]
[    0.036068][    T0]   DMA32    [mem 0x0000000001000000-0x000000007ffdffff]
[    0.036085][    T0]   Normal   empty
[    0.036100][    T0]   Device   empty
[    0.036116][    T0] Movable zone start for each node
[    0.036127][    T0] Early memory node ranges
[    0.036141][    T0]   node   0: [mem 0x0000000000001000-0x000000000009efff]
[    0.036155][    T0]   node   0: [mem 0x0000000000100000-0x000000003fffffff]
[    0.036170][    T0]   node   1: [mem 0x0000000040000000-0x000000007ffdffff]
[    0.036196][    T0] Zeroed struct page in unavailable ranges: 130 pages
[    0.036206][    T0] Initmem setup node 0 [mem 0x0000000000001000-0x000000003fffffff]
[    0.046843][    T0] Initmem setup node 1 [mem 0x0000000040000000-0x000000007ffdffff]
[    0.167481][    T0] kasan: KernelAddressSanitizer initialized
[    0.170769][    T0] ACPI: PM-Timer IO Port: 0x608
[    0.170818][    T0] ACPI: LAPIC_NMI (acpi_id[0xff] dfl dfl lint[0x1])
[    0.171080][    T0] IOAPIC[0]: apic_id 0, version 17, address 0xfec00000, GSI 0-23
[    0.171110][    T0] ACPI: INT_SRC_OVR (bus 0 bus_irq 0 global_irq 2 dfl dfl)
[    0.171154][    T0] ACPI: INT_SRC_OVR (bus 0 bus_irq 5 global_irq 5 high level)
[    0.171170][    T0] ACPI: INT_SRC_OVR (bus 0 bus_irq 9 global_irq 9 high level)
[    0.171185][    T0] ACPI: INT_SRC_OVR (bus 0 bus_irq 10 global_irq 10 high level)
[    0.171200][    T0] ACPI: INT_SRC_OVR (bus 0 bus_irq 11 global_irq 11 high level)
[    0.171258][    T0] Using ACPI (MADT) for SMP configuration information
[    0.171273][    T0] ACPI: HPET id: 0x8086a201 base: 0xfed00000
[    0.171293][    T0] TSC deadline timer available
[    0.171351][    T0] smpboot: Allowing 2 CPUs, 0 hotplug CPUs
[    0.171461][    T0] kvm-guest: KVM setup pv remote TLB flush
[    0.171556][    T0] kvm-guest: setup PV sched yield
[    0.171644][    T0] PM: hibernation: Registered nosave memory: [mem 0x00000000-0x00000fff]
[    0.171664][    T0] PM: hibernation: Registered nosave memory: [mem 0x0009f000-0x0009ffff]
[    0.171677][    T0] PM: hibernation: Registered nosave memory: [mem 0x000a0000-0x000effff]
[    0.171690][    T0] PM: hibernation: Registered nosave memory: [mem 0x000f0000-0x000fffff]
[    0.171710][    T0] [mem 0x80000000-0xfeffbfff] available for PCI devices
[    0.171721][    T0] Booting paravirtualized kernel on KVM
[    0.171769][    T0] clocksource: refined-jiffies: mask: 0xffffffff max_cycles: 0xffffffff, max_idle_ns: 19112604462750000 ns
[    0.228780][    T0] setup_percpu: NR_CPUS:8 nr_cpumask_bits:8 nr_cpu_ids:2 nr_node_ids:2
[    0.230398][    T0] percpu: Embedded 64 pages/cpu s222408 r8192 d31544 u2097152
[    0.230637][    T0] kvm-guest: KVM setup async PF for cpu 0
[    0.230691][    T0] kvm-guest: stealtime: cpu 0, msr 2d01fb80
[    0.230732][    T0] kvm-guest: PV spinlocks enabled
[    0.230755][    T0] PV qspinlock hash table entries: 256 (order: 0, 4096 bytes, linear)
[    0.230801][    T0] Built 2 zonelists, mobility grouping on.  Total pages: 515945
[    0.230812][    T0] Policy zone: DMA32
[    0.230834][    T0] Kernel command line: ima_policy=tcb watchdog_thresh=55 workqueue.watchdog_thresh=140 kvm-intel.nested=1 nf-conntrack-ftp.ports=20000 nf-conntrack-tftp.ports=20000 nf-conntrack-sip.ports=20000 nf-conntrack-irc.ports=20000 nf-conntrack-sane.ports=20000 vivid.n_devs=16 vivid.multiplanar=1,2,1,2,1,2,1,2,1,2,1,2,1,2,1,2 netrom.nr_ndevs=16 rose.rose_ndevs=16 spec_store_bypass_disable=prctl numa=fake=2 nopcid dummy_hcd.num=8 binder.debug_mask=0 rcupdate.rcu_expedited=1 root=/dev/sda console=ttyS0 root=/dev/sda1
[    0.233723][    T0] mem auto-init: stack:off, heap alloc:on, heap free:off
[    0.452130][    T0] Memory: 1528560K/2096632K available (133151K kernel code, 31687K rwdata, 28120K rodata, 2620K init, 24320K bss, 567816K reserved, 0K cma-reserved)
[    0.453405][    T0] SLUB: HWalign=64, Order=0-3, MinObjects=0, CPUs=2, Nodes=2
[    0.456619][    T0] Running RCU self tests
[    0.456662][    T0] rcu: Preemptible hierarchical RCU implementation.
[    0.456674][    T0] rcu: 	RCU lockdep checking is enabled.
[    0.456687][    T0] rcu: 	RCU restricting CPUs from NR_CPUS=8 to nr_cpu_ids=2.
[    0.456698][    T0] rcu: 	RCU callback double-/use-after-free debug enabled.
[    0.456710][    T0] rcu: 	RCU debug extended QS entry/exit.
[    0.456722][    T0] 	All grace periods are expedited (rcu_expedited).
[    0.456732][    T0] 	Trampoline variant of Tasks RCU enabled.
[    0.456742][    T0] 	Tracing variant of Tasks RCU enabled.
[    0.456755][    T0] rcu: RCU calculated value of scheduler-enlistment delay is 10 jiffies.
[    0.456767][    T0] rcu: Adjusting geometry for rcu_fanout_leaf=16, nr_cpu_ids=2
[    0.482901][    T0] NR_IRQS: 4352, nr_irqs: 440, preallocated irqs: 16
[    0.483933][    T0] random: crng done (trusting CPU's manufacturer)
[    0.533710][    T0] Console: colour VGA+ 80x25
[    1.318079][    T0] printk: console [ttyS0] enabled
[    1.323384][    T0] Lock dependency validator: Copyright (c) 2006 Red Hat, Inc., Ingo Molnar
[    1.332832][    T0] ... MAX_LOCKDEP_SUBCLASSES:  8
[    1.337880][    T0] ... MAX_LOCK_DEPTH:          48
[    1.344830][    T0] ... MAX_LOCKDEP_KEYS:        8192
[    1.350071][    T0] ... CLASSHASH_SIZE:          4096
[    1.356094][    T0] ... MAX_LOCKDEP_ENTRIES:     32768
[    1.361276][    T0] ... MAX_LOCKDEP_CHAINS:      65536
[    1.366385][    T0] ... CHAINHASH_SIZE:          32768
[    1.371570][    T0]  memory used by lock dependency info: 6365 kB
[    1.377580][    T0]  memory used for stack traces: 4224 kB
[    1.383086][    T0]  per task-struct memory footprint: 1920 bytes
[    1.389329][    T0] mempolicy: Enabling automatic NUMA balancing. Configure with numa_balancing= or the kernel.numa_balancing sysctl
[    1.401228][    T0] ACPI: Core revision 20200925
[    1.407291][    T0] clocksource: hpet: mask: 0xffffffff max_cycles: 0xffffffff, max_idle_ns: 19112604467 ns
[    1.418064][    T0] APIC: Switch to symmetric I/O mode setup
[    1.423960][    T0] kvm-guest: setup PV IPIs
[    1.439681][    T0] ..TIMER: vector=0x30 apic1=0 pin1=2 apic2=-1 pin2=-1
[    1.446639][    T0] clocksource: tsc-early: mask: 0xffffffffffffffff max_cycles: 0x2cb0742b7d2, max_idle_ns: 440795284580 ns
[    1.458616][    T0] Calibrating delay loop (skipped) preset value.. 6200.63 BogoMIPS (lpj=31003180)
[    1.467725][    T0] pid_max: default: 32768 minimum: 301
[    1.468988][    T0] LSM: Security Framework initializing
[    1.478758][    T0] Yama: becoming mindful.
[    1.483831][    T0] TOMOYO Linux initialized
[    1.489299][    T0] AppArmor: AppArmor initialized
[    1.498658][    T0] LSM support for eBPF active
[    1.507321][    T0] Dentry cache hash table entries: 262144 (order: 9, 2097152 bytes, vmalloc)
[    1.509331][    T0] Inode-cache hash table entries: 131072 (order: 8, 1048576 bytes, vmalloc)
[    1.518763][    T0] Mount-cache hash table entries: 4096 (order: 3, 32768 bytes, vmalloc)
[    1.528754][    T0] Mountpoint-cache hash table entries: 4096 (order: 3, 32768 bytes, vmalloc)
[    1.543572][    T0] x86/cpu: User Mode Instruction Prevention (UMIP) activated
[    1.549610][    T0] Last level iTLB entries: 4KB 0, 2MB 0, 4MB 0
[    1.558627][    T0] Last level dTLB entries: 4KB 0, 2MB 0, 4MB 0, 1GB 0
[    1.564947][    T0] Spectre V1 : Mitigation: usercopy/swapgs barriers and __user pointer sanitization
[    1.568762][    T0] Spectre V2 : Mitigation: Enhanced IBRS
[    1.578623][    T0] Spectre V2 : Spectre v2 / SpectreRSB mitigation: Filling RSB on context switch
[    1.588653][    T0] Spectre V2 : mitigation: Enabling conditional Indirect Branch Prediction Barrier
[    1.597150][    T0] Speculative Store Bypass: Mitigation: Speculative Store Bypass disabled via prctl
[    1.598653][    T0] TAA: Mitigation: Clear CPU buffers
[    1.608671][    T0] MDS: Mitigation: Clear CPU buffers
[    1.614779][    T0] Freeing SMP alternatives memory: 104K
[    1.619988][    T1] smpboot: CPU0: Intel(R) Xeon(R) CPU @ 3.10GHz (family: 0x6, model: 0x55, stepping: 0x7)
[    1.635921][    T1] Performance Events: unsupported p6 CPU model 85 no PMU driver, software events only.
[    1.639344][    T1] rcu: Hierarchical SRCU implementation.
[    1.651857][    T1] NMI watchdog: Perf NMI watchdog permanently disabled
[    1.659484][    T1] smp: Bringing up secondary CPUs ...
[    1.666334][    T1] x86: Booting SMP configuration:
[    1.668711][    T1] .... node  #1, CPUs:      #1
[    0.954820][    T0] kvm-clock: cpu 1, msr e46a041, secondary cpu clock
[    1.692561][   T15] kvm-guest: KVM setup async PF for cpu 1
[    1.695708][   T15] kvm-guest: stealtime: cpu 1, msr 7ec1fb80
[    1.741473][    T1] smp: Brought up 2 nodes, 2 CPUs
[    1.746608][    T1] smpboot: Max logical packages: 1
[    1.748649][    T1] smpboot: Total of 2 processors activated (12401.27 BogoMIPS)
[    1.770358][    T1] devtmpfs: initialized
[    1.772884][    T1] x86/mm: Memory block size: 128MB
[    1.809639][    T1] clocksource: jiffies: mask: 0xffffffff max_cycles: 0xffffffff, max_idle_ns: 19112604462750000 ns
[    1.818129][    T1] futex hash table entries: 512 (order: 4, 65536 bytes, vmalloc)
[    1.819631][   T24] kworker/u5:0 (24) used greatest stack depth: 27760 bytes left
[    1.832870][    T1] PM: RTC time: 01:43:44, date: 2024-03-05
[    1.840477][   T28] kworker/u5:1 (28) used greatest stack depth: 27328 bytes left
[    1.851445][    T1] NET: Registered protocol family 16
[    1.861471][    T1] audit: initializing netlink subsys (disabled)
[    1.868034][   T35] audit: type=2000 audit(1709603024.090:1): state=initialized audit_enabled=0 res=1
[    1.875996][    T1] thermal_sys: Registered thermal governor 'step_wise'
[    1.876009][    T1] thermal_sys: Registered thermal governor 'user_space'
[    1.887506][    T1] cpuidle: using governor menu
[    1.892958][    T1] NET: Registered protocol family 42
[    1.908862][    T1] ACPI: bus type PCI registered
[    1.915164][    T1] PCI: Using configuration type 1 for base access
[    2.599646][ T1120] kworker/u6:0 (1120) used greatest stack depth: 27008 bytes left
[    2.971226][    T1] HugeTLB registered 1.00 GiB page size, pre-allocated 0 pages
[    2.971226][    T1] HugeTLB registered 2.00 MiB page size, pre-allocated 0 pages
[    3.022312][    T1] cryptd: max_cpu_qlen set to 1000
[    3.090120][    T1] raid6: skip pq benchmark and using algorithm avx512x4
[    3.098660][    T1] raid6: using avx512x2 recovery algorithm
[    3.107429][    T1] ACPI: Added _OSI(Module Device)
[    3.111094][    T1] ACPI: Added _OSI(Processor Device)
[    3.115600][    T1] ACPI: Added _OSI(3.0 _SCP Extensions)
[    3.119262][    T1] ACPI: Added _OSI(Processor Aggregator Device)
[    3.124673][    T1] ACPI: Added _OSI(Linux-Dell-Video)
[    3.128838][    T1] ACPI: Added _OSI(Linux-Lenovo-NV-HDMI-Audio)
[    3.134205][    T1] ACPI: Added _OSI(Linux-HPI-Hybrid-Graphics)
[    3.182382][    T1] ACPI: 1 ACPI AML tables successfully acquired and loaded
[    3.241023][    T1] ACPI: Interpreter enabled
[    3.246754][    T1] ACPI: (supports S0 S3 S4 S5)
[    3.248863][    T1] ACPI: Using IOAPIC for interrupt routing
[    3.255447][    T1] PCI: Using host bridge windows from ACPI; if necessary, use "pci=nocrs" and report a bug
[    3.262114][    T1] ACPI: Enabled 2 GPEs in block 00 to 0F
[    3.420490][    T1] ACPI: PCI Root Bridge [PCI0] (domain 0000 [bus 00-ff])
[    3.428526][    T1] acpi PNP0A03:00: _OSC: OS supports [ASPM ClockPM Segments MSI HPX-Type3]
[    3.429813][    T1] acpi PNP0A03:00: fail to add MMCONFIG information, can't access extended PCI configuration space under this bridge.
[    3.440517][    T1] PCI host bridge to bus 0000:00
[    3.446046][    T1] pci_bus 0000:00: Unknown NUMA node; performance will be reduced
[    3.450362][    T1] pci_bus 0000:00: root bus resource [io  0x0000-0x0cf7 window]
[    3.459415][    T1] pci_bus 0000:00: root bus resource [io  0x0d00-0xffff window]
[    3.467846][    T1] pci_bus 0000:00: root bus resource [mem 0x000a0000-0x000bffff window]
[    3.468908][    T1] pci_bus 0000:00: root bus resource [mem 0x80000000-0xfebfffff window]
[    3.479203][    T1] pci_bus 0000:00: root bus resource [mem 0x100000000-0x17fffffff window]
[    3.488900][    T1] pci_bus 0000:00: root bus resource [bus 00-ff]
[    3.499314][    T1] pci 0000:00:00.0: [8086:1237] type 00 class 0x060000
[    3.520909][    T1] pci 0000:00:01.0: [8086:7000] type 00 class 0x060100
[    3.539867][    T1] pci 0000:00:01.1: [8086:7010] type 00 class 0x010180
[    3.558018][    T1] pci 0000:00:01.1: reg 0x20: [io  0xc060-0xc06f]
[    3.560564][    T1] pci 0000:00:01.1: legacy IDE quirk: reg 0x10: [io  0x01f0-0x01f7]
[    3.567326][    T1] pci 0000:00:01.1: legacy IDE quirk: reg 0x14: [io  0x03f6]
[    3.569017][    T1] pci 0000:00:01.1: legacy IDE quirk: reg 0x18: [io  0x0170-0x0177]
[    3.578010][    T1] pci 0000:00:01.1: legacy IDE quirk: reg 0x1c: [io  0x0376]
[    3.583298][    T1] pci 0000:00:01.3: [8086:7113] type 00 class 0x068000
[    3.593328][    T1] pci 0000:00:01.3: quirk: [io  0x0600-0x063f] claimed by PIIX4 ACPI
[    3.599370][    T1] pci 0000:00:01.3: quirk: [io  0x0700-0x070f] claimed by PIIX4 SMB
[    3.609128][    T1] pci 0000:00:01.3: quirk_piix4_acpi+0x0/0x200 took 19531 usecs
[    3.623268][    T1] pci 0000:00:02.0: [1234:1111] type 00 class 0x030000
[    3.647161][    T1] pci 0000:00:02.0: reg 0x10: [mem 0xfd000000-0xfdffffff pref]
[    3.657426][    T1] pci 0000:00:02.0: reg 0x18: [mem 0xfebf0000-0xfebf0fff]
[    3.674229][    T1] pci 0000:00:02.0: reg 0x30: [mem 0xfebe0000-0xfebeffff pref]
[    3.688823][    T1] pci 0000:00:03.0: [1af4:1005] type 00 class 0x00ff00
[    3.696111][    T1] pci 0000:00:03.0: reg 0x10: [io  0xc040-0xc05f]
[    3.707161][    T1] pci 0000:00:03.0: reg 0x14: [mem 0xfebf1000-0xfebf1fff]
[    3.718294][    T1] pci 0000:00:03.0: reg 0x20: [mem 0xfe000000-0xfe003fff 64bit pref]
[    3.730421][    T1] pci 0000:00:04.0: [8086:100e] type 00 class 0x020000
[    3.737896][    T1] pci 0000:00:04.0: reg 0x10: [mem 0xfebc0000-0xfebdffff]
[    3.741194][    T1] pci 0000:00:04.0: reg 0x14: [io  0xc000-0xc03f]
[    3.752211][    T1] pci 0000:00:04.0: reg 0x30: [mem 0xfeb80000-0xfebbffff pref]
[    3.783689][    T1] ACPI: PCI Interrupt Link [LNKA] (IRQs 5 *10 11)
[    3.793990][    T1] ACPI: PCI Interrupt Link [LNKB] (IRQs 5 *10 11)
[    3.802027][    T1] ACPI: PCI Interrupt Link [LNKC] (IRQs 5 10 *11)
[    3.812405][    T1] ACPI: PCI Interrupt Link [LNKD] (IRQs 5 10 *11)
[    3.819264][    T1] ACPI: PCI Interrupt Link [LNKS] (IRQs *9)
[    3.839816][    T1] iommu: Default domain type: Translated 
[    3.850769][    T1] pci 0000:00:02.0: vgaarb: setting as boot VGA device
[    3.858601][    T1] pci 0000:00:02.0: vgaarb: VGA device added: decodes=io+mem,owns=io+mem,locks=none
[    3.859183][    T1] pci 0000:00:02.0: vgaarb: bridge control possible
[    3.864948][    T1] vgaarb: loaded
[    3.878554][    T1] SCSI subsystem initialized
[    3.893542][    T1] ACPI: bus type USB registered
[    3.902696][    T1] usbcore: registered new interface driver usbfs
[    3.910737][    T1] usbcore: registered new interface driver hub
[    3.918281][    T1] usbcore: registered new device driver usb
[    3.922907][    T1] mc: Linux media interface: v0.10
[    3.935595][    T1] videodev: Linux video capture interface: v2.00
[    3.940469][    T1] pps_core: LinuxPPS API ver. 1 registered
[    3.946535][    T1] pps_core: Software ver. 5.3.6 - Copyright 2005-2007 Rodolfo Giometti <giometti@linux.it>
[    3.952746][    T1] PTP clock support registered
[    3.958794][    T1] EDAC MC: Ver: 3.0.0
[    3.974274][    T1] Advanced Linux Sound Architecture Driver Initialized.
[    3.987965][    T1] Bluetooth: Core ver 2.22
[    3.989200][    T1] NET: Registered protocol family 31
[    3.993496][    T1] Bluetooth: HCI device and connection manager initialized
[    4.002252][    T1] Bluetooth: HCI socket layer initialized
[    4.007776][    T1] Bluetooth: L2CAP socket layer initialized
[    4.008995][    T1] Bluetooth: SCO socket layer initialized
[    4.016638][    T1] NET: Registered protocol family 8
[    4.020571][    T1] NET: Registered protocol family 20
[    4.026799][    T1] NetLabel: Initializing
[    4.028711][    T1] NetLabel:  domain hash size = 128
[    4.034458][    T1] NetLabel:  protocols = UNLABELED CIPSOv4 CALIPSO
[    4.040759][    T1] NetLabel:  unlabeled traffic allowed by default
[    4.050089][    T1] nfc: nfc_init: NFC Core ver 0.1
[    4.057750][    T1] NET: Registered protocol family 39
[    4.058942][    T1] PCI: Using ACPI for IRQ routing
[    4.074451][    T1] hpet0: at MMIO 0xfed00000, IRQs 2, 8, 0
[    4.074915][    T1] hpet0: 3 comparators, 64-bit 100.000000 MHz counter
[    4.079313][    T1] clocksource: Switched to clocksource kvm-clock
[    7.423609][    T1] VFS: Disk quotas dquot_6.6.0
[    7.428556][    T1] VFS: Dquot-cache hash table entries: 512 (order 0, 4096 bytes)
[    7.437684][    T1] FS-Cache: Loaded
[    7.448149][    T1] CacheFiles: Loaded
[    7.453973][    T1] TOMOYO: 2.6.0
[    7.457409][    T1] Mandatory Access Control activated.
[    7.471871][    T1] AppArmor: AppArmor Filesystem Enabled
[    7.478210][    T1] pnp: PnP ACPI init
[    7.514949][    T1] pnp: PnP ACPI: found 6 devices
[    7.663529][    T1] clocksource: acpi_pm: mask: 0xffffff max_cycles: 0xffffff, max_idle_ns: 2085701024 ns
[    7.682066][    T1] NET: Registered protocol family 2
[    7.703402][    T1] tcp_listen_portaddr_hash hash table entries: 1024 (order: 4, 81920 bytes, vmalloc)
[    7.718931][    T1] TCP established hash table entries: 16384 (order: 5, 131072 bytes, vmalloc)
[    7.727806][    T1] TCP bind hash table entries: 16384 (order: 8, 1179648 bytes, vmalloc)
[    7.741901][    T1] TCP: Hash tables configured (established 16384 bind 16384)
[    7.753636][    T1] MPTCP token hash table entries: 2048 (order: 5, 180224 bytes, vmalloc)
[    7.766861][    T1] UDP hash table entries: 1024 (order: 5, 163840 bytes, vmalloc)
[    7.777331][    T1] UDP-Lite hash table entries: 1024 (order: 5, 163840 bytes, vmalloc)
[    7.790853][    T1] NET: Registered protocol family 1
[    7.803476][    T1] RPC: Registered named UNIX socket transport module.
[    7.809711][    T1] RPC: Registered udp transport module.
[    7.814405][    T1] RPC: Registered tcp transport module.
[    7.835376][    T1] RPC: Registered tcp NFSv4.1 backchannel transport module.
[    7.844492][    T1] NET: Registered protocol family 44
[    7.866291][    T1] pci_bus 0000:00: resource 4 [io  0x0000-0x0cf7 window]
[    7.873927][    T1] pci_bus 0000:00: resource 5 [io  0x0d00-0xffff window]
[    7.881702][    T1] pci_bus 0000:00: resource 6 [mem 0x000a0000-0x000bffff window]
[    7.889940][    T1] pci_bus 0000:00: resource 7 [mem 0x80000000-0xfebfffff window]
[    7.897673][    T1] pci_bus 0000:00: resource 8 [mem 0x100000000-0x17fffffff window]
[    7.906671][    T1] pci 0000:00:01.0: PIIX3: Enabling Passive Release
[    7.913456][    T1] pci 0000:00:00.0: Limiting direct PCI/PCI transfers
[    7.921502][    T1] pci 0000:00:01.0: Activating ISA DMA hang workarounds
[    7.929196][    T1] pci 0000:00:02.0: Video device with shadowed ROM at [mem 0x000c0000-0x000dffff]
[    7.938449][    T1] PCI: CLS 0 bytes, default 64
[    7.953486][    T1] RAPL PMU: API unit is 2^-32 Joules, 0 fixed counters, 10737418240 ms ovfl timer
[    7.973834][    T1] kvm: already loaded the other module
[    7.978306][    T1] clocksource: tsc: mask: 0xffffffffffffffff max_cycles: 0x2cb0742b7d2, max_idle_ns: 440795284580 ns
[    7.994589][    T1] clocksource: Switched to clocksource tsc
[    8.167672][    T1] Initialise system trusted keyrings
[    8.179688][    T1] workingset: timestamp_bits=40 max_order=19 bucket_order=0
[    8.246913][    T1] zbud: loaded
[    8.261404][    T1] DLM installed
[    8.274326][    T1] squashfs: version 4.0 (2009/01/31) Phillip Lougher
[    8.292701][    T1] FS-Cache: Netfs 'nfs' registered for caching
[    8.306232][    T1] NFS: Registering the id_resolver key type
[    8.311674][    T1] Key type id_resolver registered
[    8.315794][    T1] Key type id_legacy registered
[    8.320874][    T1] nfs4filelayout_init: NFSv4 File Layout Driver Registering...
[    8.327122][    T1] Installing knfsd (copyright (C) 1996 okir@monad.swb.de).
[    8.353590][    T1] FS-Cache: Netfs 'cifs' registered for caching
[    8.364639][    T1] Key type cifs.spnego registered
[    8.368887][    T1] Key type cifs.idmap registered
[    8.373300][    T1] ntfs: driver 2.1.32 [Flags: R/W].
[    8.379823][    T1] efs: 1.0a - http://aeschi.ch.eu.org/efs/
[    8.384952][    T1] jffs2: version 2.2. (NAND) (SUMMARY)   2001-2006 Red Hat, Inc.
[    8.399626][    T1] romfs: ROMFS MTD (C) 2007 Red Hat, Inc.
[    8.406541][    T1] QNX4 filesystem 0.2.3 registered.
[    8.413590][    T1] qnx6: QNX6 filesystem 1.0.0 registered.
[    8.420357][    T1] fuse: init (API version 7.32)
[    8.430156][    T1] orangefs_debugfs_init: called with debug mask: :none: :0:
[    8.438429][    T1] orangefs_init: module version upstream loaded
[    8.447810][    T1] JFS: nTxBlock = 8192, nTxLock = 65536
[    8.474179][    T1] SGI XFS with ACLs, security attributes, realtime, quota, no debug enabled
[    8.507490][    T1] 9p: Installing v9fs 9p2000 file system support
[    8.515584][    T1] FS-Cache: Netfs '9p' registered for caching
[    8.523186][    T1] NILFS version 2 loaded
[    8.526924][    T1] befs: version: 0.9.3
[    8.533082][    T1] ocfs2: Registered cluster interface o2cb
[    8.539642][    T1] ocfs2: Registered cluster interface user
[    8.550370][    T1] OCFS2 User DLM kernel interface loaded
[    8.586105][    T1] gfs2: GFS2 installed
[    8.614193][    T1] FS-Cache: Netfs 'ceph' registered for caching
[    8.621804][    T1] ceph: loaded (mds proto 32)
[    8.656970][    T1] NET: Registered protocol family 38
[    8.666221][    T1] xor: automatically using best checksumming function   avx       
[    8.674767][    T1] async_tx: api initialized (async)
[    8.680312][    T1] Key type asymmetric registered
[    8.685266][    T1] Asymmetric key parser 'x509' registered
[    8.691517][    T1] Asymmetric key parser 'pkcs8' registered
[    8.697351][    T1] Key type pkcs7_test registered
[    8.702764][    T1] Asymmetric key parser 'tpm_parser' registered
[    8.711456][    T1] Block layer SCSI generic (bsg) driver version 0.4 loaded (major 241)
[    8.723973][    T1] io scheduler mq-deadline registered
[    8.730471][    T1] io scheduler kyber registered
[    8.736897][    T1] io scheduler bfq registered
[    8.758594][    T1] usbcore: registered new interface driver udlfb
[    8.790583][    T1] usbcore: registered new interface driver smscufx
[    8.821112][    T1] uvesafb: failed to execute /sbin/v86d
[    8.827738][    T1] uvesafb: make sure that the v86d helper is installed and executable
[    8.858875][    T1] uvesafb: Getting VBE info block failed (eax=0x4f00, err=-2)
[    8.865406][    T1] uvesafb: vbe_init() failed with -22
[    8.869975][    T1] uvesafb: probe of uvesafb.0 failed with error -22
[    8.879493][    T1] vga16fb: mapped to 0x000000004eb76eac
[   15.077328][    T1] Console: switching to colour frame buffer device 80x30
[   18.940763][    T1] fb0: VGA16 VGA frame buffer device
[   18.947258][    T1] input: Power Button as /devices/LNXSYSTM:00/LNXPWRBN:00/input/input0
[   18.961331][    T1] ACPI: Power Button [PWRF]
[   21.365258][    T1] PCI Interrupt Link [LNKC] enabled at IRQ 11
[   22.147333][    T1] N_HDLC line discipline registered with maxframe=4096
[   22.160100][    T1] Serial: 8250/16550 driver, 4 ports, IRQ sharing enabled
[   22.167494][    T1] 00:04: ttyS0 at I/O 0x3f8 (irq = 4, base_baud = 115200) is a 16550A
[   22.199722][    T1] Cyclades driver 2.6
[   22.204625][    T1] Initializing Nozomi driver 2.1d
[   22.214978][    T1] RocketPort device driver module, version 2.09, 12-June-2003
[   22.224480][    T1] No rocketport ports found; unloading driver
[   22.235236][    T1] Non-volatile memory driver v1.3
[   22.286238][    T1] Linux agpgart interface v0.103
[   22.332324][    T1] [drm] Initialized vgem 1.0.0 20120112 for vgem on minor 0
[   22.346472][    T1] [drm] Initialized vkms 1.0.0 20180514 for vkms on minor 1
[   22.363955][    T1] usbcore: registered new interface driver udl
[   22.377440][    T1] fb0: switching to bochsdrmfb from VGA16 VGA
[   24.773175][    T1] Console: switching to colour VGA+ 80x25
[   24.786944][    T1] bochs-drm 0000:00:02.0: vgaarb: deactivate vga console
[   24.817033][    T1] Console: switching to colour dummy device 80x25
[   24.845220][    T1] [drm] Found bochs VGA, ID 0xb0c5.
[   24.849975][    T1] [drm] Framebuffer size 16384 kB @ 0xfd000000, mmio @ 0xfebf0000.
[   24.859701][    T1] [TTM] Zone  kernel: Available graphics memory: 764460 KiB
[   24.867080][    T1] [TTM] Initializing pool allocator
[   24.872099][    T1] [TTM] Initializing DMA pool allocator
[   24.887031][    T1] [drm] Found EDID data blob.
[   24.894849][    T1] [drm] Initialized bochs-drm 1.0.0 20130925 for 0000:00:02.0 on minor 2
[   24.912171][    T1] fbcon: bochs-drmdrmfb (fb0) is primary device
[   24.976824][    T1] Console: switching to colour frame buffer device 160x50
[   25.013903][    T1] bochs-drm 0000:00:02.0: [drm] fb0: bochs-drmdrmfb frame buffer device
[   25.052094][  T160] Floppy drive(s): fd0 is 2.88M AMI BIOS
[   25.097140][  T160] FDC 0 is a S82078B
[   25.137788][    T1] brd: module loaded
[   25.250278][    T1] loop: module loaded
[   25.441996][    T1] zram: Added device: zram0
[   25.457896][    T1] null_blk: module loaded
[   25.464364][    T1] Guest personality initialized and is inactive
[   25.471868][    T1] VMCI host device registered (name=vmci, major=10, minor=56)
[   25.478413][    T1] Initialized host personality
[   25.484440][    T1] usbcore: registered new interface driver rtsx_usb
[   25.491806][    T1] usbcore: registered new interface driver viperboard
[   25.500284][    T1] usbcore: registered new interface driver dln2
[   25.508759][    T1] usbcore: registered new interface driver pn533_usb
[   25.524995][    T1] nfcsim 0.2 initialized
[   25.533784][    T1] usbcore: registered new interface driver port100
[   25.542687][    T1] usbcore: registered new interface driver nfcmrvl
[   25.555909][    T1] Loading iSCSI transport class v2.0-870.
[   25.588581][    T1] st: Version 20160209, fixed bufsize 32768, s/g segs 256
[   25.648181][    T1] scsi host0: ata_piix
[   25.663506][    T1] scsi host1: ata_piix
[   25.672188][    T1] ata1: PATA max MWDMA2 cmd 0x1f0 ctl 0x3f6 bmdma 0xc060 irq 14
[   25.680563][    T1] ata2: PATA max MWDMA2 cmd 0x170 ctl 0x376 bmdma 0xc068 irq 15
[   25.701277][    T1] Rounding down aligned max_sectors from 4294967295 to 4294967288
[   25.712277][    T1] db_root: cannot open: /etc/target
[   25.718540][    T1] slram: not enough parameters.
[   25.728472][    T1] ftl_cs: FTL header not found.
[   25.794941][    T1] wireguard: WireGuard 1.0.0 loaded. See www.wireguard.com for information.
[   25.805012][    T1] wireguard: Copyright (C) 2015-2019 Jason A. Donenfeld <Jason@zx2c4.com>. All Rights Reserved.
[   25.830656][    T1] eql: Equalizer2002: Simon Janes (simon@ncm.com) and David S. Miller (davem@redhat.com)
[   25.848462][    T1] MACsec IEEE 802.1AE
[   25.858419][    T1] libphy: Fixed MDIO Bus: probed
[   25.879141][    T1] tun: Universal TUN/TAP device driver, 1.6
[   25.891613][ T3088] ata1.00: ATA-7: QEMU HARDDISK, 2.5+, max UDMA/100
[   25.897153][ T3088] ata1.00: 2097458 sectors, multi 16: LBA48 
[   25.900848][    T1] vcan: Virtual CAN interface driver
[   25.920241][ T3093] ata2.00: ATAPI: QEMU DVD-ROM, 2.5+, max UDMA/100
[   25.939186][    T1] vxcan: Virtual CAN Tunnel driver
[   25.941661][  T160] scsi 0:0:0:0: Direct-Access     ATA      QEMU HARDDISK    2.5+ PQ: 0 ANSI: 5
[   25.959800][    T1] slcan: serial line CAN interface driver
[   25.959808][    T1] slcan: 10 dynamic interface channels.
[   25.959827][    T1] CAN device driver interface
[   25.960189][    T1] usbcore: registered new interface driver usb_8dev
[   25.960464][    T1] usbcore: registered new interface driver ems_usb
[   25.960781][    T1] usbcore: registered new interface driver esd_usb2
[   25.961069][    T1] usbcore: registered new interface driver gs_usb
[   25.961353][    T1] usbcore: registered new interface driver kvaser_usb
[   25.961670][    T1] usbcore: registered new interface driver mcba_usb
[   25.961974][    T1] usbcore: registered new interface driver peak_usb
[   25.962610][    T1] e100: Intel(R) PRO/100 Network Driver
[   25.962616][    T1] e100: Copyright(c) 1999-2006 Intel Corporation
[   25.962945][    T1] e1000: Intel(R) PRO/1000 Network Driver
[   25.962951][    T1] e1000: Copyright (c) 1999-2006 Intel Corporation.
[   26.088977][    T8] sd 0:0:0:0: [sda] 2097458 512-byte logical blocks: (1.07 GB/1.00 GiB)
[   26.100574][  T160] sd 0:0:0:0: Attached scsi generic sg0 type 0
[   26.110378][    T8] sd 0:0:0:0: [sda] Write Protect is off
[   26.121632][  T110] scsi 1:0:0:0: CD-ROM            QEMU     QEMU DVD-ROM     2.5+ PQ: 0 ANSI: 5
[   26.132279][    T8] sd 0:0:0:0: [sda] Write cache: enabled, read cache: enabled, doesn't support DPO or FUA
[   26.168066][    T8]  sda: sda1
[   26.178416][    T8] sd 0:0:0:0: [sda] Attached SCSI disk
[   26.232329][  T110] sr 1:0:0:0: [sr0] scsi3-mmc drive: 4x/4x cd/rw xa/form2 tray
[   26.238893][  T110] cdrom: Uniform CD-ROM driver Revision: 3.20
[   26.343091][  T110] sr 1:0:0:0: Attached scsi generic sg1 type 5
[   28.451121][    T1] PCI Interrupt Link [LNKD] enabled at IRQ 10
[   29.217931][    T1] e1000 0000:00:04.0 eth0: (PCI:33MHz:32-bit) 52:54:00:12:34:56
[   29.230018][    T1] e1000 0000:00:04.0 eth0: Intel(R) PRO/1000 Network Connection
[   29.244303][    T1] e1000e: Intel(R) PRO/1000 Network Driver
[   29.250494][    T1] e1000e: Copyright(c) 1999 - 2015 Intel Corporation.
[   29.270983][    T1] mkiss: AX.25 Multikiss, Hans Albas PE1AYX
[   29.276045][    T1] AX.25: 6pack driver, Revision: 0.3.0
[   29.282888][    T1] AX.25: bpqether driver version 004
[   29.299753][    T1] PPP generic driver version 2.4.2
[   29.311779][    T1] PPP BSD Compression module registered
[   29.316250][    T1] PPP Deflate Compression module registered
[   29.321936][    T1] PPP MPPE Compression module registered
[   29.332346][    T1] NET: Registered protocol family 24
[   29.337468][    T1] PPTP driver version 0.8.5
[   29.347748][    T1] SLIP: version 0.8.4-NET3.019-NEWTTY (dynamic channels, max=256) (6 bit encapsulation enabled).
[   29.358286][    T1] CSLIP: code copyright 1989 Regents of the University of California.
[   29.365970][    T1] SLIP linefill/keepalive option.
[   29.378852][    T1] hdlc: HDLC support module revision 1.22
[   29.384623][    T1] x25_asy: X.25 async: version 0.00 ALPHA (dynamic channels, max=256)
[   29.393217][    T1] DLCI driver v0.35, 4 Jan 1997, mike.mclagan@linux.org.
[   29.401322][    T1] LAPB Ethernet driver version 0.02
[   29.409946][    T1] usbcore: registered new interface driver ath9k_htc
[   29.420968][    T1] usbcore: registered new interface driver carl9170
[   29.427901][    T1] usbcore: registered new interface driver ath6kl_usb
[   29.437135][    T1] usbcore: registered new interface driver ar5523
[   29.446663][    T1] usbcore: registered new interface driver ath10k_usb
[   29.453673][    T1] usbcore: registered new interface driver rndis_wlan
[   29.461879][    T1] mac80211_hwsim: initializing netlink
[   29.507330][    T1] usbcore: registered new interface driver i2400m_usb
[   29.515780][    T1] fakelb driver is marked as deprecated, please use mac802154_hwsim!
[   29.531185][    T1] ieee802154fakelb ieee802154fakelb: added 2 fake ieee802154 hardware devices
[   29.545050][    T1] usbcore: registered new interface driver atusb
[   29.567039][    T1] mac802154_hwsim mac802154_hwsim: Added 2 mac802154 hwsim hardware radios
[   29.578159][    T1] VMware vmxnet3 virtual NIC driver - version 1.5.0.0-k-NAPI
[   29.589472][    T1] usbcore: registered new interface driver catc
[   29.595639][    T1] usbcore: registered new interface driver kaweth
[   29.601464][    T1] pegasus: v0.9.3 (2013/04/25), Pegasus/Pegasus II USB Ethernet driver
[   29.612873][    T1] usbcore: registered new interface driver pegasus
[   29.621607][    T1] usbcore: registered new interface driver rtl8150
[   29.629814][    T1] usbcore: registered new interface driver r8152
[   29.635856][    T1] hso: drivers/net/usb/hso.c: Option Wireless
[   29.644396][    T1] usbcore: registered new interface driver hso
[   29.650736][    T1] usbcore: registered new interface driver lan78xx
[   29.657803][    T1] usbcore: registered new interface driver asix
[   29.664816][    T1] usbcore: registered new interface driver ax88179_178a
[   29.673001][    T1] usbcore: registered new interface driver cdc_ether
[   29.681931][    T1] usbcore: registered new interface driver cdc_eem
[   29.689875][    T1] usbcore: registered new interface driver dm9601
[   29.698417][    T1] usbcore: registered new interface driver sr9700
[   29.705361][    T1] usbcore: registered new interface driver CoreChips
[   29.712120][    T1] usbcore: registered new interface driver smsc75xx
[   29.720192][    T1] usbcore: registered new interface driver smsc95xx
[   29.726529][    T1] usbcore: registered new interface driver gl620a
[   29.734777][    T1] usbcore: registered new interface driver net1080
[   29.743050][    T1] usbcore: registered new interface driver plusb
[   29.749527][    T1] usbcore: registered new interface driver rndis_host
[   29.756935][    T1] usbcore: registered new interface driver cdc_subset
[   29.764824][    T1] usbcore: registered new interface driver zaurus
[   29.772455][    T1] usbcore: registered new interface driver MOSCHIP usb-ethernet driver
[   29.783413][    T1] usbcore: registered new interface driver int51x1
[   29.791571][    T1] usbcore: registered new interface driver cdc_phonet
[   29.799159][    T1] usbcore: registered new interface driver kalmia
[   29.806206][    T1] usbcore: registered new interface driver ipheth
[   29.813036][    T1] usbcore: registered new interface driver sierra_net
[   29.819975][    T1] usbcore: registered new interface driver cx82310_eth
