2024/03/04 23:52:07 loading corpus...
2024/03/04 23:52:07 successfully loaded corpus with 0 records...
2024/03/04 23:52:07 seed directory /home/am6215/syzkaller-alex/workdirs/workdir_1cd11df5d984c694e3e7fc9fe271389b2340bed0/seeds exists
2024/03/04 23:52:07 Read seed : reproducer_1
2024/03/04 23:52:07 serving http on http://127.0.0.1:56742
2024/03/04 23:52:07 serving rpc on tcp://[::]:34871
2024/03/04 23:52:07 booting test machines...
2024/03/04 23:52:07 wait for the connection from test machine...
2024/03/04 23:52:49 machine check:
2024/03/04 23:52:49 syscalls                : 3931/4501
2024/03/04 23:52:49 code coverage           : enabled
2024/03/04 23:52:49 comparison tracing      : enabled
2024/03/04 23:52:49 extra coverage          : enabled
2024/03/04 23:52:49 delay kcov mmap         : enabled
2024/03/04 23:52:49 setuid sandbox          : enabled
2024/03/04 23:52:49 namespace sandbox       : enabled
2024/03/04 23:52:49 Android sandbox         : /sys/fs/selinux/policy does not exist
2024/03/04 23:52:49 fault injection         : enabled
2024/03/04 23:52:49 leak checking           : CONFIG_DEBUG_KMEMLEAK is not enabled
2024/03/04 23:52:49 net packet injection    : enabled
2024/03/04 23:52:49 net device setup        : enabled
2024/03/04 23:52:49 concurrency sanitizer   : /sys/kernel/debug/kcsan does not exist
2024/03/04 23:52:49 devlink PCI setup       : PCI device 0000:00:10.0 is not available
2024/03/04 23:52:49 NIC VF setup            : PCI device 0000:00:11.0 is not available
2024/03/04 23:52:49 USB emulation           : enabled
2024/03/04 23:52:49 hci packet injection    : enabled
2024/03/04 23:52:49 wifi device emulation   : enabled
2024/03/04 23:52:49 802.15.4 emulation      : enabled
2024/03/04 23:52:49 swap file               : enabled
2024/03/04 23:52:49 corpus                  : 0 (deleted 0 broken)
2024/03/04 23:52:49 seeds                   : 1/1
2024/03/04 23:52:57 VMs 2, executed 0, cover 0, signal 0/0, crashes 0, repro 0, triageQLen 0
2024/03/04 23:53:07 VMs 2, executed 139, cover 6347, signal 7213/13777, crashes 0, repro 0, triageQLen 0
2024/03/04 23:53:17 VMs 2, executed 3157, cover 9756, signal 11427/20974, crashes 0, repro 0, triageQLen 0
2024/03/04 23:53:27 VMs 2, executed 4467, cover 10079, signal 12010/21392, crashes 0, repro 0, triageQLen 0
2024/03/04 23:53:37 VMs 2, executed 5765, cover 12058, signal 14527/22420, crashes 0, repro 0, triageQLen 0
2024/03/04 23:53:47 VMs 2, executed 7806, cover 14818, signal 17931/24168, crashes 0, repro 0, triageQLen 0
2024/03/04 23:53:57 VMs 2, executed 8695, cover 14923, signal 18114/24294, crashes 0, repro 0, triageQLen 0
2024/03/04 23:54:07 VMs 2, executed 9536, cover 15927, signal 19414/24979, crashes 0, repro 0, triageQLen 0
2024/03/04 23:54:17 VMs 2, executed 10877, cover 16038, signal 19635/25176, crashes 0, repro 0, triageQLen 0
2024/03/04 23:54:27 VMs 2, executed 12048, cover 16592, signal 20425/26477, crashes 0, repro 0, triageQLen 0
2024/03/04 23:54:37 VMs 2, executed 13294, cover 16985, signal 20928/28903, crashes 0, repro 0, triageQLen 0
2024/03/04 23:54:47 VMs 2, executed 14607, cover 18159, signal 22318/30193, crashes 0, repro 0, triageQLen 0
2024/03/04 23:54:57 VMs 2, executed 15158, cover 18212, signal 22420/33873, crashes 0, repro 0, triageQLen 0
2024/03/04 23:55:07 VMs 2, executed 15624, cover 18481, signal 22739/34073, crashes 0, repro 0, triageQLen 0
2024/03/04 23:55:17 VMs 2, executed 17120, cover 18834, signal 23234/34360, crashes 0, repro 0, triageQLen 0
2024/03/04 23:55:27 VMs 2, executed 17781, cover 18930, signal 23453/34488, crashes 0, repro 0, triageQLen 0
2024/03/04 23:55:37 VMs 1, executed 17961, cover 19012, signal 23567/34527, crashes 0, repro 0, triageQLen 0
2024/03/04 23:55:38 [ERROR] failed to symbolize report: failed to start scripts/get_maintainer.pl [scripts/get_maintainer.pl --git-min-percent=15 -f root/ramdisk/work_dir/linux/kernel/sched/core.c]: fork/exec scripts/get_maintainer.pl: no such file or directory
2024/03/04 23:55:38 vm-0: crash: INFO: task hung in add_early_randomness
2024/03/04 23:55:38 vm-1: running for 2m44.947812627s, restarting
2024/03/04 23:55:47 VMs 0, executed 17961, cover 19012, signal 23567/34527, crashes 1, repro 0, triageQLen 0
2024/03/04 23:55:57 VMs 0, executed 17961, cover 19012, signal 23567/34527, crashes 1, repro 0, triageQLen 0
2024/03/04 23:56:07 VMs 0, executed 17961, cover 19012, signal 23567/34527, crashes 1, repro 0, triageQLen 0
2024/03/04 23:56:17 VMs 0, executed 17961, cover 19012, signal 23567/34527, crashes 1, repro 0, triageQLen 0
2024/03/04 23:56:27 VMs 0, executed 17961, cover 19012, signal 23567/34527, crashes 1, repro 0, triageQLen 0
2024/03/04 23:56:37 VMs 0, executed 17961, cover 19012, signal 23567/34527, crashes 1, repro 0, triageQLen 0
2024/03/04 23:56:47 VMs 0, executed 17961, cover 19012, signal 23567/34527, crashes 1, repro 0, triageQLen 0
2024/03/04 23:56:57 VMs 0, executed 17961, cover 19012, signal 23567/34527, crashes 1, repro 0, triageQLen 0
2024/03/04 23:57:07 VMs 0, executed 17961, cover 19012, signal 23567/34527, crashes 1, repro 0, triageQLen 0
2024/03/04 23:57:17 VMs 0, executed 17961, cover 19012, signal 23567/34527, crashes 1, repro 0, triageQLen 0
2024/03/04 23:57:27 VMs 0, executed 17961, cover 19012, signal 23567/34527, crashes 1, repro 0, triageQLen 0
2024/03/04 23:57:37 VMs 0, executed 17961, cover 19012, signal 23567/34527, crashes 1, repro 0, triageQLen 0
2024/03/04 23:57:47 VMs 0, executed 17961, cover 19012, signal 23567/34527, crashes 1, repro 0, triageQLen 0
2024/03/04 23:57:57 VMs 0, executed 17961, cover 19012, signal 23567/34527, crashes 1, repro 0, triageQLen 0
2024/03/04 23:58:07 VMs 0, executed 17961, cover 19012, signal 23567/34527, crashes 1, repro 0, triageQLen 0
2024/03/04 23:58:17 VMs 0, executed 17961, cover 19012, signal 23567/34527, crashes 1, repro 0, triageQLen 0
2024/03/04 23:58:27 VMs 0, executed 17961, cover 19012, signal 23567/34527, crashes 1, repro 0, triageQLen 0
2024/03/04 23:58:37 VMs 0, executed 17961, cover 19012, signal 23567/34527, crashes 1, repro 0, triageQLen 0
2024/03/04 23:58:47 VMs 0, executed 17961, cover 19012, signal 23567/34527, crashes 1, repro 0, triageQLen 0
2024/03/04 23:58:57 VMs 0, executed 17961, cover 19012, signal 23567/34527, crashes 1, repro 0, triageQLen 0
2024/03/04 23:59:07 VMs 0, executed 17961, cover 19012, signal 23567/34527, crashes 1, repro 0, triageQLen 0
2024/03/04 23:59:17 VMs 0, executed 17961, cover 19012, signal 23567/34527, crashes 1, repro 0, triageQLen 0
2024/03/04 23:59:27 VMs 0, executed 17961, cover 19012, signal 23567/34527, crashes 1, repro 0, triageQLen 0
2024/03/04 23:59:37 VMs 0, executed 17961, cover 19012, signal 23567/34527, crashes 1, repro 0, triageQLen 0
2024/03/04 23:59:47 VMs 0, executed 17961, cover 19012, signal 23567/34527, crashes 1, repro 0, triageQLen 0
2024/03/04 23:59:57 VMs 0, executed 17961, cover 19012, signal 23567/34527, crashes 1, repro 0, triageQLen 0
2024/03/05 00:00:07 VMs 0, executed 17961, cover 19012, signal 23567/34527, crashes 1, repro 0, triageQLen 0
2024/03/05 00:00:17 VMs 0, executed 17961, cover 19012, signal 23567/34527, crashes 1, repro 0, triageQLen 0
2024/03/05 00:00:27 VMs 0, executed 17961, cover 19012, signal 23567/34527, crashes 1, repro 0, triageQLen 0
2024/03/05 00:00:37 VMs 0, executed 17961, cover 19012, signal 23567/34527, crashes 1, repro 0, triageQLen 0
2024/03/05 00:00:47 VMs 0, executed 17961, cover 19012, signal 23567/34527, crashes 1, repro 0, triageQLen 0
2024/03/05 00:00:57 VMs 0, executed 17961, cover 19012, signal 23567/34527, crashes 1, repro 0, triageQLen 0
2024/03/05 00:01:07 VMs 0, executed 17961, cover 19012, signal 23567/34527, crashes 1, repro 0, triageQLen 0
2024/03/05 00:01:17 VMs 0, executed 17961, cover 19012, signal 23567/34527, crashes 1, repro 0, triageQLen 0
2024/03/05 00:01:27 VMs 0, executed 17961, cover 19012, signal 23567/34527, crashes 1, repro 0, triageQLen 0
2024/03/05 00:01:37 VMs 0, executed 17961, cover 19012, signal 23567/34527, crashes 1, repro 0, triageQLen 0
2024/03/05 00:01:47 VMs 0, executed 17961, cover 19012, signal 23567/34527, crashes 1, repro 0, triageQLen 0
2024/03/05 00:01:57 VMs 0, executed 17961, cover 19012, signal 23567/34527, crashes 1, repro 0, triageQLen 0
2024/03/05 00:02:07 VMs 0, executed 17961, cover 19012, signal 23567/34527, crashes 1, repro 0, triageQLen 0
2024/03/05 00:02:17 VMs 0, executed 17961, cover 19012, signal 23567/34527, crashes 1, repro 0, triageQLen 0
2024/03/05 00:02:27 VMs 0, executed 17961, cover 19012, signal 23567/34527, crashes 1, repro 0, triageQLen 0
2024/03/05 00:02:33 failed to create instance: can't ssh into the instance
failed to run ["ssh" "-p" "13392" "-F" "/dev/null" "-o" "UserKnownHostsFile=/dev/null" "-o" "BatchMode=yes" "-o" "IdentitiesOnly=yes" "-o" "StrictHostKeyChecking=no" "-o" "ConnectTimeout=10" "root@localhost" "pwd"]: exit status 255
Connection timed out during banner exchange
Connection to 127.0.0.1 port 13392 timed out
[    0.000000][    T0] Linux version 5.18.0-syzkaller-13760-g032dcf09e2bf (syzkaller@syzkaller) (gcc (Debian 12.2.0-14) 12.2.0, GNU ld (GNU Binutils for Debian) 2.40) #0 SMP PREEMPT_DYNAMIC now
[    0.000000][    T0] Command line: root=/dev/sda console=ttyS0 root=/dev/sda1
[    0.000000][    T0] KERNEL supported cpus:
[    0.000000][    T0]   Intel GenuineIntel
[    0.000000][    T0]   AMD AuthenticAMD
[    0.000000][    T0] x86/fpu: Supporting XSAVE feature 0x001: 'x87 floating point registers'
[    0.000000][    T0] x86/fpu: Supporting XSAVE feature 0x002: 'SSE registers'
[    0.000000][    T0] x86/fpu: Supporting XSAVE feature 0x004: 'AVX registers'
[    0.000000][    T0] x86/fpu: Supporting XSAVE feature 0x008: 'MPX bounds registers'
[    0.000000][    T0] x86/fpu: Supporting XSAVE feature 0x010: 'MPX CSR'
[    0.000000][    T0] x86/fpu: Supporting XSAVE feature 0x020: 'AVX-512 opmask'
[    0.000000][    T0] x86/fpu: Supporting XSAVE feature 0x040: 'AVX-512 Hi256'
[    0.000000][    T0] x86/fpu: Supporting XSAVE feature 0x080: 'AVX-512 ZMM_Hi256'
[    0.000000][    T0] x86/fpu: xstate_offset[2]:  576, xstate_sizes[2]:  256
[    0.000000][    T0] x86/fpu: xstate_offset[3]:  832, xstate_sizes[3]:   64
[    0.000000][    T0] x86/fpu: xstate_offset[4]:  896, xstate_sizes[4]:   64
[    0.000000][    T0] x86/fpu: xstate_offset[5]:  960, xstate_sizes[5]:   64
[    0.000000][    T0] x86/fpu: xstate_offset[6]: 1024, xstate_sizes[6]:  512
[    0.000000][    T0] x86/fpu: xstate_offset[7]: 1536, xstate_sizes[7]: 1024
[    0.000000][    T0] x86/fpu: Enabled xstate features 0xff, context size is 2560 bytes, using 'compacted' format.
[    0.000000][    T0] signal: max sigframe size: 3632
[    0.000000][    T0] BIOS-provided physical RAM map:
[    0.000000][    T0] BIOS-e820: [mem 0x0000000000000000-0x000000000009fbff] usable
[    0.000000][    T0] BIOS-e820: [mem 0x000000000009fc00-0x000000000009ffff] reserved
[    0.000000][    T0] BIOS-e820: [mem 0x00000000000f0000-0x00000000000fffff] reserved
[    0.000000][    T0] BIOS-e820: [mem 0x0000000000100000-0x000000007ffdffff] usable
[    0.000000][    T0] BIOS-e820: [mem 0x000000007ffe0000-0x000000007fffffff] reserved
[    0.000000][    T0] BIOS-e820: [mem 0x00000000feffc000-0x00000000feffffff] reserved
[    0.000000][    T0] BIOS-e820: [mem 0x00000000fffc0000-0x00000000ffffffff] reserved
[    0.000000][    T0] printk: bootconsole [earlyser0] enabled
[    0.000000][    T0] ERROR: earlyprintk= earlyser already used
[    0.000000][    T0] ERROR: earlyprintk= earlyser already used
[    0.000000][    T0] **********************************************************
[    0.000000][    T0] **   NOTICE NOTICE NOTICE NOTICE NOTICE NOTICE NOTICE   **
[    0.000000][    T0] **                                                      **
[    0.000000][    T0] ** This system shows unhashed kernel memory addresses   **
[    0.000000][    T0] ** via the console, logs, and other interfaces. This    **
[    0.000000][    T0] ** might reduce the security of your system.            **
[    0.000000][    T0] **                                                      **
[    0.000000][    T0] ** If you see this message and you are not debugging    **
[    0.000000][    T0] ** the kernel, report this immediately to your system   **
[    0.000000][    T0] ** administrator!                                       **
[    0.000000][    T0] **                                                      **
[    0.000000][    T0] **   NOTICE NOTICE NOTICE NOTICE NOTICE NOTICE NOTICE   **
[    0.000000][    T0] **********************************************************
[    0.000000][    T0] Malformed early option 'vsyscall'
[    0.000000][    T0] nopcid: PCID feature disabled
[    0.000000][    T0] NX (Execute Disable) protection: active
[    0.000000][    T0] SMBIOS 2.8 present.
[    0.000000][    T0] DMI: QEMU Standard PC (i440FX + PIIX, 1996), BIOS 1.16.2-debian-1.16.2-1 04/01/2014
[    0.000000][    T0] Hypervisor detected: KVM
[    0.000000][    T0] kvm-clock: Using msrs 4b564d01 and 4b564d00
[    0.000007][    T0] kvm-clock: using sched offset of 1594204381 cycles
[    0.004094][    T0] clocksource: kvm-clock: mask: 0xffffffffffffffff max_cycles: 0x1cd42e4dffb, max_idle_ns: 881590591483 ns
[    0.016308][    T0] tsc: Detected 3100.318 MHz processor
[    0.025021][    T0] last_pfn = 0x7ffe0 max_arch_pfn = 0x400000000
[    0.029671][    T0] x86/PAT: Configuration [0-7]: WB  WC  UC- UC  WB  WP  UC- WT  
[    0.043779][    T0] found SMP MP-table at [mem 0x000f5b90-0x000f5b9f]
[    0.048342][    T0] Using GB pages for direct mapping
[    0.052608][    T0] ACPI: Early table checksum verification disabled
[    0.056972][    T0] ACPI: RSDP 0x00000000000F59C0 000014 (v00 BOCHS )
[    0.061436][    T0] ACPI: RSDT 0x000000007FFE1B21 000034 (v01 BOCHS  BXPC     00000001 BXPC 00000001)
[    0.067794][    T0] ACPI: FACP 0x000000007FFE19CD 000074 (v01 BOCHS  BXPC     00000001 BXPC 00000001)
[    0.074147][    T0] ACPI: DSDT 0x000000007FFE0040 00198D (v01 BOCHS  BXPC     00000001 BXPC 00000001)
[    0.080505][    T0] ACPI: FACS 0x000000007FFE0000 000040
[    0.084162][    T0] ACPI: APIC 0x000000007FFE1A41 000080 (v01 BOCHS  BXPC     00000001 BXPC 00000001)
[    0.090533][    T0] ACPI: HPET 0x000000007FFE1AC1 000038 (v01 BOCHS  BXPC     00000001 BXPC 00000001)
[    0.096921][    T0] ACPI: WAET 0x000000007FFE1AF9 000028 (v01 BOCHS  BXPC     00000001 BXPC 00000001)
[    0.103265][    T0] ACPI: Reserving FACP table memory at [mem 0x7ffe19cd-0x7ffe1a40]
[    0.108615][    T0] ACPI: Reserving DSDT table memory at [mem 0x7ffe0040-0x7ffe19cc]
[    0.113936][    T0] ACPI: Reserving FACS table memory at [mem 0x7ffe0000-0x7ffe003f]
[    0.119234][    T0] ACPI: Reserving APIC table memory at [mem 0x7ffe1a41-0x7ffe1ac0]
[    0.124827][    T0] ACPI: Reserving HPET table memory at [mem 0x7ffe1ac1-0x7ffe1af8]
[    0.130192][    T0] ACPI: Reserving WAET table memory at [mem 0x7ffe1af9-0x7ffe1b20]
[    0.138039][    T0] No NUMA configuration found
[    0.141169][    T0] Faking a node at [mem 0x0000000000000000-0x000000007ffdffff]
[    0.146268][    T0] Faking node 0 at [mem 0x0000000000000000-0x000000003fffffff] (1024MB)
[    0.151958][    T0] Faking node 1 at [mem 0x0000000040000000-0x000000007ffdffff] (1023MB)
[    0.158060][    T0] NODE_DATA(0) allocated [mem 0x3fffa000-0x3fffffff]
[    0.163148][    T0] NODE_DATA(1) allocated [mem 0x7ffd9000-0x7ffdefff]
[    0.177054][    T0] Zone ranges:
[    0.179377][    T0]   DMA      [mem 0x0000000000001000-0x0000000000ffffff]
[    0.184209][    T0]   DMA32    [mem 0x0000000001000000-0x000000007ffdffff]
[    0.189121][    T0]   Normal   empty
[    0.191597][    T0]   Device   empty
[    0.194056][    T0] Movable zone start for each node
[    0.197502][    T0] Early memory node ranges
[    0.200473][    T0]   node   0: [mem 0x0000000000001000-0x000000000009efff]
[    0.205287][    T0]   node   0: [mem 0x0000000000100000-0x000000003fffffff]
[    0.210124][    T0]   node   1: [mem 0x0000000040000000-0x000000007ffdffff]
[    0.214940][    T0] Initmem setup node 0 [mem 0x0000000000001000-0x000000003fffffff]
[    0.220336][    T0] Initmem setup node 1 [mem 0x0000000040000000-0x000000007ffdffff]
[    0.225701][    T0] On node 0, zone DMA: 1 pages in unavailable ranges
[    0.225815][    T0] On node 0, zone DMA: 97 pages in unavailable ranges
[    0.243344][    T0] On node 1, zone DMA32: 32 pages in unavailable ranges
[    0.335760][    T0] kasan: KernelAddressSanitizer initialized
[    0.347340][    T0] ACPI: PM-Timer IO Port: 0x608
[    0.350685][    T0] ACPI: LAPIC_NMI (acpi_id[0xff] dfl dfl lint[0x1])
[    0.355375][    T0] IOAPIC[0]: apic_id 0, version 17, address 0xfec00000, GSI 0-23
[    0.360679][    T0] ACPI: INT_SRC_OVR (bus 0 bus_irq 0 global_irq 2 dfl dfl)
[    0.365613][    T0] ACPI: INT_SRC_OVR (bus 0 bus_irq 5 global_irq 5 high level)
[    0.370728][    T0] ACPI: INT_SRC_OVR (bus 0 bus_irq 9 global_irq 9 high level)
[    0.375870][    T0] ACPI: INT_SRC_OVR (bus 0 bus_irq 10 global_irq 10 high level)
[    0.381106][    T0] ACPI: INT_SRC_OVR (bus 0 bus_irq 11 global_irq 11 high level)
[    0.386367][    T0] ACPI: Using ACPI (MADT) for SMP configuration information
[    0.391364][    T0] ACPI: HPET id: 0x8086a201 base: 0xfed00000
[    0.395441][    T0] TSC deadline timer available
[    0.398685][    T0] smpboot: Allowing 2 CPUs, 0 hotplug CPUs
[    0.402748][    T0] kvm-guest: KVM setup pv remote TLB flush
[    0.406744][    T0] kvm-guest: setup PV sched yield
[    0.410182][    T0] PM: hibernation: Registered nosave memory: [mem 0x00000000-0x00000fff]
[    0.415960][    T0] PM: hibernation: Registered nosave memory: [mem 0x0009f000-0x0009ffff]
[    0.421723][    T0] PM: hibernation: Registered nosave memory: [mem 0x000a0000-0x000effff]
[    0.427516][    T0] PM: hibernation: Registered nosave memory: [mem 0x000f0000-0x000fffff]
[    0.433303][    T0] [mem 0x80000000-0xfeffbfff] available for PCI devices
[    0.438022][    T0] Booting paravirtualized kernel on KVM
[    0.441819][    T0] clocksource: refined-jiffies: mask: 0xffffffff max_cycles: 0xffffffff, max_idle_ns: 19112604462750000 ns
[    0.495861][    T0] setup_percpu: NR_CPUS:8 nr_cpumask_bits:8 nr_cpu_ids:2 nr_node_ids:2
[    0.503000][    T0] percpu: Embedded 69 pages/cpu s243784 r8192 d30648 u2097152
[    0.508506][    T0] kvm-guest: PV spinlocks enabled
[    0.512011][    T0] PV qspinlock hash table entries: 256 (order: 0, 4096 bytes, linear)
[    0.517785][    T0] Fallback order for Node 0: 0 1 
[    0.521291][    T0] Fallback order for Node 1: 1 0 
[    0.524811][    T0] Built 2 zonelists, mobility grouping on.  Total pages: 515808
[    0.530143][    T0] Policy zone: DMA32
[    0.532790][    T0] Kernel command line: earlyprintk=serial net.ifnames=0 sysctl.kernel.hung_task_all_cpu_backtrace=1 ima_policy=tcb nf-conntrack-ftp.ports=20000 nf-conntrack-tftp.ports=20000 nf-conntrack-sip.ports=20000 nf-conntrack-irc.ports=20000 nf-conntrack-sane.ports=20000 binder.debug_mask=0 rcupdate.rcu_expedited=1 no_hash_pointers page_owner=on sysctl.vm.nr_hugepages=4 sysctl.vm.nr_overcommit_hugepages=4 secretmem.enable=1 sysctl.max_rcu_stall_to_panic=1 msr.allow_writes=off root=/dev/sda console=ttyS0 vsyscall=native numa=fake=2 kvm-intel.nested=1 spec_store_bypass_disable=prctl nopcid vivid.n_devs=16 vivid.multiplanar=1,2,1,2,1,2,1,2,1,2,1,2,1,2,1,2 netrom.nr_ndevs=16 rose.rose_ndevs=16 dummy_hcd.num=8 smp.csd_lock_timeout=100000 watchdog_thresh=55 workqueue.watchdog_thresh=140 sysctl.net.core.netdev_unregister_timeout_secs=140 panic_on_warn=1 root=/dev/sda console=ttyS0 root=/dev/sda1
[    0.592413][    T0] Unknown kernel command line parameters "spec_store_bypass_disable=prctl", will be passed to user space.
[    0.601120][    T0] mem auto-init: stack:off, heap alloc:on, heap free:off
[    0.605399][    T0] Stack Depot early init allocating hash table with memblock_alloc, 8388608 bytes
[    0.752334][    T0] Memory: 1490008K/2096632K available (141342K kernel code, 34674K rwdata, 30136K rodata, 2712K init, 34460K bss, 606368K reserved, 0K cma-reserved)
[    0.762587][    T0] SLUB: HWalign=64, Order=0-3, MinObjects=0, CPUs=2, Nodes=2
[    0.768604][    T0] Dynamic Preempt: full
[    0.771835][    T0] Running RCU self tests
[    0.774378][    T0] rcu: Preemptible hierarchical RCU implementation.
[    0.778369][    T0] rcu: 	RCU lockdep checking is enabled.
[    0.781759][    T0] rcu: 	RCU restricting CPUs from NR_CPUS=8 to nr_cpu_ids=2.
[    0.786284][    T0] rcu: 	RCU callback double-/use-after-free debug is enabled.
[    0.790847][    T0] rcu: 	RCU debug extended QS entry/exit.
[    0.794306][    T0] 	All grace periods are expedited (rcu_expedited).
[    0.798270][    T0] 	Trampoline variant of Tasks RCU enabled.
[    0.801783][    T0] 	Tracing variant of Tasks RCU enabled.
[    0.805161][    T0] rcu: RCU calculated value of scheduler-enlistment delay is 10 jiffies.
[    0.810221][    T0] rcu: Adjusting geometry for rcu_fanout_leaf=16, nr_cpu_ids=2
[    0.842556][    T0] NR_IRQS: 4352, nr_irqs: 440, preallocated irqs: 16
[    0.847222][    T0] rcu: srcu_init: Setting srcu_struct sizes based on contention.
[    0.852152][    T0] kfence: initialized - using 2097152 bytes for 255 objects at 0xffff88807ea00000-0xffff88807ec00000
[    0.858851][    T0] random: crng init done
[    0.900455][    T0] Console: colour VGA+ 80x25
[    0.903425][    T0] printk: console [ttyS0] enabled
[    0.903425][    T0] printk: console [ttyS0] enabled
[    0.909534][    T0] printk: bootconsole [earlyser0] disabled
[    0.909534][    T0] printk: bootconsole [earlyser0] disabled
[    0.916628][    T0] Lock dependency validator: Copyright (c) 2006 Red Hat, Inc., Ingo Molnar
[    0.921918][    T0] ... MAX_LOCKDEP_SUBCLASSES:  8
[    0.924977][    T0] ... MAX_LOCK_DEPTH:          48
[    0.928136][    T0] ... MAX_LOCKDEP_KEYS:        8192
[    0.931397][    T0] ... CLASSHASH_SIZE:          4096
[    0.934633][    T0] ... MAX_LOCKDEP_ENTRIES:     131072
[    0.937901][    T0] ... MAX_LOCKDEP_CHAINS:      262144
[    0.941211][    T0] ... CHAINHASH_SIZE:          131072
[    0.944514][    T0]  memory used by lock dependency info: 20657 kB
[    0.948390][    T0]  memory used for stack traces: 8320 kB
[    0.951843][    T0]  per task-struct memory footprint: 1920 bytes
[    0.955816][    T0] mempolicy: Enabling automatic NUMA balancing. Configure with numa_balancing= or the kernel.numa_balancing sysctl
[    0.963261][    T0] ACPI: Core revision 20220331
[    0.967089][    T0] clocksource: hpet: mask: 0xffffffff max_cycles: 0xffffffff, max_idle_ns: 19112604467 ns
[    0.973772][    T0] APIC: Switch to symmetric I/O mode setup
[    0.977374][    T0] kvm-guest: setup PV IPIs
[    0.988102][    T0] ..TIMER: vector=0x30 apic1=0 pin1=2 apic2=-1 pin2=-1
[    0.992478][    T0] clocksource: tsc-early: mask: 0xffffffffffffffff max_cycles: 0x2cb0742b7d2, max_idle_ns: 440795284580 ns
[    0.999564][    T0] Calibrating delay loop (skipped) preset value.. 6200.63 BogoMIPS (lpj=31003180)
[    1.009561][    T0] pid_max: default: 32768 minimum: 301
[    1.013219][    T0] LSM: Security Framework initializing
[    1.016651][    T0] landlock: Up and running.
[    1.019560][    T0] Yama: becoming mindful.
[    1.022354][    T0] TOMOYO Linux initialized
[    1.025284][    T0] AppArmor: AppArmor initialized
[    1.029579][    T0] LSM support for eBPF active
[    1.033739][    T0] Dentry cache hash table entries: 262144 (order: 9, 2097152 bytes, vmalloc)
[    1.040384][    T0] Inode-cache hash table entries: 131072 (order: 8, 1048576 bytes, vmalloc)
[    1.045845][    T0] Mount-cache hash table entries: 4096 (order: 3, 32768 bytes, vmalloc)
[    1.049589][    T0] Mountpoint-cache hash table entries: 4096 (order: 3, 32768 bytes, vmalloc)
[    1.057777][    T0] x86/cpu: User Mode Instruction Prevention (UMIP) activated
[    1.060301][    T0] Last level iTLB entries: 4KB 0, 2MB 0, 4MB 0
[    1.064059][    T0] Last level dTLB entries: 4KB 0, 2MB 0, 4MB 0, 1GB 0
[    1.069608][    T0] Spectre V1 : Mitigation: usercopy/swapgs barriers and __user pointer sanitization
[    1.075377][    T0] Spectre V2 : WARNING: Unprivileged eBPF is enabled with eIBRS on, data leaks possible via Spectre v2 BHB attacks!
[    1.079573][    T0] Spectre V2 : Mitigation: Enhanced IBRS
[    1.083031][    T0] Spectre V2 : Spectre v2 / SpectreRSB mitigation: Filling RSB on context switch
[    1.089593][    T0] Spectre V2 : mitigation: Enabling conditional Indirect Branch Prediction Barrier
[    1.099607][    T0] Speculative Store Bypass: Mitigation: Speculative Store Bypass disabled via prctl
[    1.105349][    T0] TAA: Mitigation: Clear CPU buffers
[    1.109558][    T0] MDS: Mitigation: Clear CPU buffers
[    1.114481][    T0] Freeing SMP alternatives memory: 108K
[    1.119237][    T1] smpboot: CPU0: Intel(R) Xeon(R) CPU @ 3.10GHz (family: 0x6, model: 0x55, stepping: 0x7)
[    1.119551][    T1] cblist_init_generic: Setting adjustable number of callback queues.
[    1.119572][    T1] cblist_init_generic: Setting shift to 1 and lim to 1.
[    1.124194][    T1] cblist_init_generic: Setting shift to 1 and lim to 1.
[    1.128675][    T1] Running RCU-tasks wait API self tests
[    1.239955][    T1] Performance Events: unsupported p6 CPU model 85 no PMU driver, software events only.
[    1.246837][    T1] rcu: Hierarchical SRCU implementation.
[    1.246961][   T18] printk: console [ttyS0] printing thread started
[    1.256350][    T1] NMI watchdog: Perf NMI watchdog permanently disabled
[    1.256811][    T1] smp: Bringing up secondary CPUs ...
[    1.257989][    T1] x86: Booting SMP configuration:
[    1.257993][    T1] .... node  #1, CPUs:      #1
[    1.272951][    T1] smp: Brought up 2 nodes, 2 CPUs
[    1.272951][    T1] smpboot: Max logical packages: 1
[    1.272951][    T1] smpboot: Total of 2 processors activated (12401.27 BogoMIPS)
[    1.289645][   T14] Callback from call_rcu_tasks_trace() invoked.
[    1.295700][    T1] allocated 33554432 bytes of page_ext
[    1.295929][    T1] Node 0, zone      DMA: page owner found early allocated 0 pages
[    1.301664][    T1] Node 0, zone    DMA32: page owner found early allocated 5555 pages
[    1.302861][    T1] Node 1, zone    DMA32: page owner found early allocated 5017 pages
[    1.304593][    T1] devtmpfs: initialized
[    1.305113][    T1] x86/mm: Memory block size: 128MB
[    1.323140][    T1] clocksource: jiffies: mask: 0xffffffff max_cycles: 0xffffffff, max_idle_ns: 19112604462750000 ns
[    1.323140][    T1] futex hash table entries: 512 (order: 4, 65536 bytes, vmalloc)
[    1.323140][    T1] PM: RTC time: 23:52:29, date: 2024-03-04
[    1.335548][    T1] NET: Registered PF_NETLINK/PF_ROUTE protocol family
[    1.339491][    T1] audit: initializing netlink subsys (disabled)
[    1.341388][    T1] thermal_sys: Registered thermal governor 'step_wise'
[    1.341395][    T1] thermal_sys: Registered thermal governor 'user_space'
[    1.341609][   T31] audit: type=2000 audit(1709596350.584:1): state=initialized audit_enabled=0 res=1
[    1.343780][    T1] cpuidle: using governor menu
[    1.343780][    T1] NET: Registered PF_QIPCRTR protocol family
[    1.343780][    T1] HugeTLB: can optimize 4095 vmemmap pages for hugepages-1048576kB
[    1.350030][    T1] PCI: Using configuration type 1 for base access
[    1.490804][    T1] HugeTLB: can optimize 7 vmemmap pages for hugepages-2048kB
[    1.490823][    T1] HugeTLB registered 1.00 GiB page size, pre-allocated 0 pages
[    1.490830][    T1] HugeTLB registered 2.00 MiB page size, pre-allocated 0 pages
[    1.511441][    T1] cryptd: max_cpu_qlen set to 1000
[    1.513548][    T1] raid6: skipped pq benchmark and selected avx512x4
[    1.513554][    T1] raid6: using avx512x2 recovery algorithm
[    1.514072][    T1] ACPI: Added _OSI(Module Device)
[    1.514077][    T1] ACPI: Added _OSI(Processor Device)
[    1.514081][    T1] ACPI: Added _OSI(3.0 _SCP Extensions)
[    1.514086][    T1] ACPI: Added _OSI(Processor Aggregator Device)
[    1.514104][    T1] ACPI: Added _OSI(Linux-Dell-Video)
[    1.514113][    T1] ACPI: Added _OSI(Linux-Lenovo-NV-HDMI-Audio)
[    1.514158][    T1] ACPI: Added _OSI(Linux-HPI-Hybrid-Graphics)
[    1.547514][    T1] ACPI: 1 ACPI AML tables successfully acquired and loaded
[    1.579664][   T13] Callback from call_rcu_tasks() invoked.
[    1.596846][    T1] ACPI: Interpreter enabled
[    1.597063][    T1] ACPI: PM: (supports S0 S3 S4 S5)
[    1.597080][    T1] ACPI: Using IOAPIC for interrupt routing
[    1.597208][    T1] PCI: Using host bridge windows from ACPI; if necessary, use "pci=nocrs" and report a bug
[    1.597214][    T1] PCI: Using E820 reservations for host bridge windows
[    1.598868][    T1] ACPI: Enabled 2 GPEs in block 00 to 0F
[    1.670592][    T1] ACPI: PCI Root Bridge [PCI0] (domain 0000 [bus 00-ff])
[    1.670628][    T1] acpi PNP0A03:00: _OSC: OS supports [ASPM ClockPM Segments MSI HPX-Type3]
[    1.670640][    T1] acpi PNP0A03:00: _OSC: not requesting OS control; OS requires [ExtendedConfig ASPM ClockPM MSI]
[    1.670860][    T1] acpi PNP0A03:00: fail to add MMCONFIG information, can't access extended PCI configuration space under this bridge.
[    1.671495][    T1] PCI host bridge to bus 0000:00
[    1.671501][    T1] pci_bus 0000:00: Unknown NUMA node; performance will be reduced
[    1.671512][    T1] pci_bus 0000:00: root bus resource [io  0x0000-0x0cf7 window]
[    1.671524][    T1] pci_bus 0000:00: root bus resource [io  0x0d00-0xffff window]
[    1.671536][    T1] pci_bus 0000:00: root bus resource [mem 0x000a0000-0x000bffff window]
[    1.671548][    T1] pci_bus 0000:00: root bus resource [mem 0x80000000-0xfebfffff window]
[    1.671560][    T1] pci_bus 0000:00: root bus resource [mem 0x100000000-0x17fffffff window]
[    1.671574][    T1] pci_bus 0000:00: root bus resource [bus 00-ff]
[    1.671985][    T1] pci 0000:00:00.0: [8086:1237] type 00 class 0x060000
[    1.698574][    T1] pci 0000:00:01.0: [8086:7000] type 00 class 0x060100
[    1.735521][    T1] pci 0000:00:01.1: [8086:7010] type 00 class 0x010180
[    1.739247][    T1] pci 0000:00:01.1: reg 0x20: [io  0xc060-0xc06f]
[    1.750735][    T1] pci 0000:00:01.1: legacy IDE quirk: reg 0x10: [io  0x01f0-0x01f7]
[    1.750748][    T1] pci 0000:00:01.1: legacy IDE quirk: reg 0x14: [io  0x03f6]
[    1.750755][    T1] pci 0000:00:01.1: legacy IDE quirk: reg 0x18: [io  0x0170-0x0177]
[    1.750763][    T1] pci 0000:00:01.1: legacy IDE quirk: reg 0x1c: [io  0x0376]
[    1.751953][    T1] pci 0000:00:01.3: [8086:7113] type 00 class 0x068000
[    1.754806][    T1] pci 0000:00:01.3: quirk: [io  0x0600-0x063f] claimed by PIIX4 ACPI
[    1.754868][    T1] pci 0000:00:01.3: quirk: [io  0x0700-0x070f] claimed by PIIX4 SMB
[    1.756278][    T1] pci 0000:00:02.0: [1234:1111] type 00 class 0x030000
[    1.760667][    T1] pci 0000:00:02.0: reg 0x10: [mem 0xfd000000-0xfdffffff pref]
[    1.765847][    T1] pci 0000:00:02.0: reg 0x18: [mem 0xfebf0000-0xfebf0fff]
[    1.775364][    T1] pci 0000:00:02.0: reg 0x30: [mem 0xfebe0000-0xfebeffff pref]
[    1.776640][    T1] pci 0000:00:02.0: Video device with shadowed ROM at [mem 0x000c0000-0x000dffff]
[    1.791958][    T1] pci 0000:00:03.0: [1af4:1005] type 00 class 0x00ff00
[    1.793732][    T1] pci 0000:00:03.0: reg 0x10: [io  0xc040-0xc05f]
[    1.795086][    T1] pci 0000:00:03.0: reg 0x14: [mem 0xfebf1000-0xfebf1fff]
[    1.799582][    T1] pci 0000:00:03.0: reg 0x20: [mem 0xfe000000-0xfe003fff 64bit pref]
[    1.818703][    T1] pci 0000:00:04.0: [8086:100e] type 00 class 0x020000
[    1.820970][    T1] pci 0000:00:04.0: reg 0x10: [mem 0xfebc0000-0xfebdffff]
[    1.822295][    T1] pci 0000:00:04.0: reg 0x14: [io  0xc000-0xc03f]
[    1.828435][    T1] pci 0000:00:04.0: reg 0x30: [mem 0xfeb80000-0xfebbffff pref]
[    1.868690][    T1] ACPI: PCI: Interrupt link LNKA configured for IRQ 10
[    1.880341][    T1] ACPI: PCI: Interrupt link LNKB configured for IRQ 10
[    1.881866][    T1] ACPI: PCI: Interrupt link LNKC configured for IRQ 11
[    1.883342][    T1] ACPI: PCI: Interrupt link LNKD configured for IRQ 11
[    1.883980][    T1] ACPI: PCI: Interrupt link LNKS configured for IRQ 9
[    1.904346][    T1] iommu: Default domain type: Translated 
[    1.904354][    T1] iommu: DMA domain TLB invalidation policy: lazy mode 
[    1.906736][    T1] SCSI subsystem initialized
[    1.920982][    T1] ACPI: bus type USB registered
[    1.921381][    T1] usbcore: registered new interface driver usbfs
[    1.921581][    T1] usbcore: registered new interface driver hub
[    1.921708][    T1] usbcore: registered new device driver usb
[    1.922791][    T1] mc: Linux media interface: v0.10
[    1.922909][    T1] videodev: Linux video capture interface: v2.00
[    1.923494][    T1] pps_core: LinuxPPS API ver. 1 registered
[    1.923502][    T1] pps_core: Software ver. 5.3.6 - Copyright 2005-2007 Rodolfo Giometti <giometti@linux.it>
[    1.923564][    T1] PTP clock support registered
[    1.935174][    T1] EDAC MC: Ver: 3.0.0
[    1.952018][    T1] Advanced Linux Sound Architecture Driver Initialized.
[    1.955385][    T1] Bluetooth: Core ver 2.22
[    1.955561][    T1] NET: Registered PF_BLUETOOTH protocol family
[    1.955568][    T1] Bluetooth: HCI device and connection manager initialized
[    1.955688][    T1] Bluetooth: HCI socket layer initialized
[    1.955705][    T1] Bluetooth: L2CAP socket layer initialized
[    1.955767][    T1] Bluetooth: SCO socket layer initialized
[    1.955845][    T1] NET: Registered PF_ATMPVC protocol family
[    1.955849][    T1] NET: Registered PF_ATMSVC protocol family
[    1.956039][    T1] NetLabel: Initializing
[    1.956041][    T1] NetLabel:  domain hash size = 128
[    1.956045][    T1] NetLabel:  protocols = UNLABELED CIPSOv4 CALIPSO
[    1.956234][    T1] NetLabel:  unlabeled traffic allowed by default
[    1.960362][    T1] nfc: nfc_init: NFC Core ver 0.1
[    1.960660][    T1] NET: Registered PF_NFC protocol family
[    1.960754][    T1] PCI: Using ACPI for IRQ routing
[    1.966306][    T1] pci 0000:00:02.0: vgaarb: setting as boot VGA device
[    1.966315][    T1] pci 0000:00:02.0: vgaarb: bridge control possible
[    1.966321][    T1] pci 0000:00:02.0: vgaarb: VGA device added: decodes=io+mem,owns=io+mem,locks=none
[    1.966333][    T1] vgaarb: loaded
[    1.969413][    T1] hpet0: at MMIO 0xfed00000, IRQs 2, 8, 0
[    1.969432][    T1] hpet0: 3 comparators, 64-bit 100.000000 MHz counter
[    1.972300][    T1] clocksource: Switched to clocksource kvm-clock
[    1.979551][    T1] VFS: Disk quotas dquot_6.6.0
[    1.979551][    T1] VFS: Dquot-cache hash table entries: 512 (order 0, 4096 bytes)
[    1.979551][    T1] FS-Cache: Loaded
[    1.980214][    T1] CacheFiles: Loaded
[    1.980706][    T1] TOMOYO: 2.6.0
[    1.980711][    T1] Mandatory Access Control activated.
[    1.982551][    T1] AppArmor: AppArmor Filesystem Enabled
[    1.982790][    T1] pnp: PnP ACPI init
[    1.988458][    T1] pnp: PnP ACPI: found 6 devices
[    2.023222][    T1] clocksource: acpi_pm: mask: 0xffffff max_cycles: 0xffffff, max_idle_ns: 2085701024 ns
[    2.024010][    T1] NET: Registered PF_INET protocol family
[    2.024930][    T1] IP idents hash table entries: 32768 (order: 6, 262144 bytes, vmalloc)
[    2.028944][    T1] tcp_listen_portaddr_hash hash table entries: 1024 (order: 4, 73728 bytes, vmalloc)
[    2.029415][    T1] TCP established hash table entries: 16384 (order: 5, 131072 bytes, vmalloc)
[    2.033443][    T1] TCP bind bhash tables hash table entries: 16384 (order: 8, 1310720 bytes, vmalloc)
[    2.034490][    T1] TCP: Hash tables configured (established 16384 bind 16384)
[    2.035573][    T1] MPTCP token hash table entries: 2048 (order: 5, 180224 bytes, vmalloc)
[    2.036217][    T1] UDP hash table entries: 1024 (order: 5, 163840 bytes, vmalloc)
[    2.036686][    T1] UDP-Lite hash table entries: 1024 (order: 5, 163840 bytes, vmalloc)
[    2.037443][    T1] NET: Registered PF_UNIX/PF_LOCAL protocol family
[    2.039147][    T1] RPC: Registered named UNIX socket transport module.
[    2.039154][    T1] RPC: Registered udp transport module.
[    2.039159][    T1] RPC: Registered tcp transport module.
[    2.039165][    T1] RPC: Registered tcp NFSv4.1 backchannel transport module.
[    2.041129][    T1] NET: Registered PF_XDP protocol family
[    2.041166][    T1] pci_bus 0000:00: resource 4 [io  0x0000-0x0cf7 window]
[    2.041187][    T1] pci_bus 0000:00: resource 5 [io  0x0d00-0xffff window]
[    2.041203][    T1] pci_bus 0000:00: resource 6 [mem 0x000a0000-0x000bffff window]
[    2.041220][    T1] pci_bus 0000:00: resource 7 [mem 0x80000000-0xfebfffff window]
[    2.041236][    T1] pci_bus 0000:00: resource 8 [mem 0x100000000-0x17fffffff window]
[    2.042124][    T1] pci 0000:00:01.0: PIIX3: Enabling Passive Release
[    2.042211][    T1] pci 0000:00:00.0: Limiting direct PCI/PCI transfers
[    2.042309][    T1] pci 0000:00:01.0: Activating ISA DMA hang workarounds
[    2.042803][    T1] PCI: CLS 0 bytes, default 64
[    2.042980][    T1] ACPI: bus type thunderbolt registered
[    2.058170][    T1] RAPL PMU: API unit is 2^-32 Joules, 0 fixed counters, 10737418240 ms ovfl timer
[    2.070636][   T62] kworker/u5:1 (62) used greatest stack depth: 26720 bytes left
[    2.166095][    T1] kvm: already loaded vendor module 'kvm_intel'
[    2.166107][    T1] clocksource: tsc: mask: 0xffffffffffffffff max_cycles: 0x2cb0742b7d2, max_idle_ns: 440795284580 ns
[    2.166198][    T1] clocksource: Switched to clocksource tsc
[    4.537895][    T1] Initialise system trusted keyrings
[    4.539655][    T1] workingset: timestamp_bits=40 max_order=19 bucket_order=0
[    4.579128][    T1] zbud: loaded
[    4.587286][    T1] DLM installed
[    4.591949][    T1] squashfs: version 4.0 (2009/01/31) Phillip Lougher
[    4.599274][    T1] NFS: Registering the id_resolver key type
[    4.599322][    T1] Key type id_resolver registered
[    4.599326][    T1] Key type id_legacy registered
[    4.599729][    T1] nfs4filelayout_init: NFSv4 File Layout Driver Registering...
[    4.599794][    T1] nfs4flexfilelayout_init: NFSv4 Flexfile Layout Driver Registering...
[    4.599799][    T1] Installing knfsd (copyright (C) 1996 okir@monad.swb.de).
[    4.610877][    T1] Key type cifs.spnego registered
[    4.610970][    T1] Key type cifs.idmap registered
[    4.611453][    T1] ntfs: driver 2.1.32 [Flags: R/W].
[    4.612424][    T1] ntfs3: Max link count 4000
[    4.612428][    T1] ntfs3: Enabled Linux POSIX ACLs support
[    4.612431][    T1] ntfs3: Read-only LZX/Xpress compression included
[    4.613576][    T1] efs: 1.0a - http://aeschi.ch.eu.org/efs/
[    4.613775][    T1] jffs2: version 2.2. (NAND) (SUMMARY)  Â© 2001-2006 Red Hat, Inc.
[    4.616722][    T1] romfs: ROMFS MTD (C) 2007 Red Hat, Inc.
[    4.617103][    T1] QNX4 filesystem 0.2.3 registered.
[    4.617298][    T1] qnx6: QNX6 filesystem 1.0.0 registered.
[    4.618495][    T1] fuse: init (API version 7.36)
[    4.621088][    T1] orangefs_debugfs_init: called with debug mask: :none: :0:
[    4.621423][    T1] orangefs_init: module version upstream loaded
[    4.622153][    T1] JFS: nTxBlock = 8192, nTxLock = 65536
[    4.635614][    T1] SGI XFS with ACLs, security attributes, realtime, quota, fatal assert, debug enabled
[    4.644501][    T1] 9p: Installing v9fs 9p2000 file system support
[    4.645494][    T1] NILFS version 2 loaded
[    4.645497][    T1] befs: version: 0.9.3
[    4.646617][    T1] ocfs2: Registered cluster interface o2cb
[    4.647002][    T1] ocfs2: Registered cluster interface user
[    4.648014][    T1] OCFS2 User DLM kernel interface loaded
[    4.656750][    T1] gfs2: GFS2 installed
[    4.665095][    T1] ceph: loaded (mds proto 32)
[    4.689721][    T1] NET: Registered PF_ALG protocol family
[    4.689823][    T1] xor: automatically using best checksumming function   avx       
[    4.689850][    T1] async_tx: api initialized (async)
[    4.689864][    T1] Key type asymmetric registered
[    4.689891][    T1] Asymmetric key parser 'x509' registered
[    4.689896][    T1] Asymmetric key parser 'pkcs8' registered
[    4.689900][    T1] Key type pkcs7_test registered
[    4.692219][    T1] alg: self-tests for CTR-KDF (hmac(sha256)) passed
[    4.692364][    T1] Block layer SCSI generic (bsg) driver version 0.4 loaded (major 240)
[    4.693083][    T1] io scheduler mq-deadline registered
[    4.693088][    T1] io scheduler kyber registered
[    4.693546][    T1] io scheduler bfq registered
[    4.721394][    T1] input: Power Button as /devices/LNXSYSTM:00/LNXPWRBN:00/input/input0
[    4.762559][    T1] ACPI: button: Power Button [PWRF]
[    6.009318][    T1] ACPI: \_SB_.LNKC: Enabled at IRQ 11
[    6.284475][    T1] N_HDLC line discipline registered with maxframe=4096
[    6.284515][    T1] Serial: 8250/16550 driver, 4 ports, IRQ sharing enabled
[    6.285436][    T1] 00:04: ttyS0 at I/O 0x3f8 (irq = 4, base_baud = 115200) is a 16550A
[    6.312887][    T1] Non-volatile memory driver v1.3
[  285.609706][   T32] INFO: task swapper/0:1 blocked for more than 143 seconds.
[  285.614220][   T32]       Not tainted 5.18.0-syzkaller-13760-g032dcf09e2bf #0
[  285.618652][   T32] "echo 0 > /proc/sys/kernel/hung_task_timeout_secs" disables this message.
[  285.624013][   T32] task:swapper/0       state:D stack:23200 pid:    1 ppid:     0 flags:0x00004000
[  285.629784][   T32] Call Trace:
[  285.631848][   T32]  <TASK>
[  285.633656][   T32]  __schedule+0xd07/0x4d90
[  285.636428][   T32]  ? io_schedule_timeout+0x150/0x150
[  285.639736][   T32]  schedule+0xdb/0x200
[  285.642329][   T32]  schedule_preempt_disabled+0xf/0x20
[  285.645580][   T32]  __mutex_lock+0x910/0x12d0
[  285.648370][   T32]  ? add_early_randomness+0x1a/0x170
[  285.651663][   T32]  ? mutex_lock_io_nested+0x1130/0x1130
[  285.655097][   T32]  ? __mutex_unlock_slowpath+0x15c/0x630
[  285.658490][   T32]  ? set_current_rng+0x2b2/0x380
[  285.661543][   T32]  ? drop_current_rng+0x110/0x110
[  285.664636][   T32]  ? add_early_randomness+0x1a/0x170
[  285.667878][   T32]  add_early_randomness+0x1a/0x170
[  285.671081][   T32]  hwrng_register+0x36a/0x4f0
[  285.674005][   T32]  virtrng_scan+0x37/0x90
[  285.676646][   T32]  ? devm_hwrng_release+0x40/0x40
[  285.679798][   T32]  virtio_dev_probe+0x629/0x900
[  285.682862][   T32]  ? virtio_features_ok+0x100/0x100
[  285.686024][   T32]  really_probe+0x22a/0xb80
[  285.688745][   T32]  __driver_probe_device+0x337/0x4d0
[  285.692004][   T32]  driver_probe_device+0x4c/0x1a0
[  285.695064][   T32]  __driver_attach+0x23c/0x550
[  285.697965][   T32]  ? __device_attach_driver+0x2f0/0x2f0
[  285.701420][   T32]  bus_for_each_dev+0x148/0x1d0
[  285.704391][   T32]  ? subsys_dev_iter_exit+0x20/0x20
[  285.707558][   T32]  bus_add_driver+0x422/0x640
[  285.710481][   T32]  driver_register+0x23a/0x3d0
[  285.713406][   T32]  ? hwrng_modinit+0xf9/0xf9
[  285.716208][   T32]  do_one_initcall+0x105/0x650
[  285.719102][   T32]  ? trace_event_raw_event_initcall_level+0x1f0/0x1f0
[  285.723293][   T32]  ? parameq+0xc0/0x170
[  285.725904][   T32]  kernel_init_freeable+0x6bc/0x743
[  285.729074][   T32]  ? rest_init+0x270/0x270
[  285.731853][   T32]  kernel_init+0x18/0x1d0
[  285.734516][   T32]  ? rest_init+0x270/0x270
[  285.737206][   T32]  ret_from_fork+0x1f/0x30
[  285.739994][   T32]  </TASK>
[  285.741872][   T32] 
[  285.741872][   T32] Showing all locks held in the system:
[  285.746635][   T32] 2 locks held by swapper/0/1:
[  285.749490][   T32]  #0: ffff888017b5d170 (&dev->mutex){....}-{3:3}, at: __driver_attach+0x231/0x550
[  285.755213][   T32]  #1: ffffffff8c836b28 (reading_mutex){+.+.}-{3:3}, at: add_early_randomness+0x1a/0x170
[  285.761320][   T32] 2 locks held by kworker/u5:1/16:
[  285.764418][   T32]  #0: ffff888011869138 ((wq_completion)events_unbound){+.+.}-{0:0}, at: process_one_work+0x8d9/0x1630
[  285.771175][   T32]  #1: ffffc9000041fda0 ((work_completion)(&(&kfence_timer)->work)){+.+.}-{0:0}, at: process_one_work+0x90d/0x1630
[  285.778547][   T32] 1 lock held by khungtaskd/32:
[  285.781559][   T32]  #0: ffffffff8bd87820 (rcu_read_lock){....}-{1:2}, at: debug_show_all_locks+0x53/0x260
[  285.787600][   T32] 1 lock held by hwrng/749:
[  285.790452][   T32]  #0: ffffffff8c836b28 (reading_mutex){+.+.}-{3:3}, at: hwrng_fillfn+0x141/0x370
[  285.796145][   T32] 
[  285.797551][   T32] =============================================
[  285.797551][   T32] 
[  285.802719][   T32] Kernel panic - not syncing: hung_task: blocked tasks
[  285.806953][   T32] CPU: 1 PID: 32 Comm: khungtaskd Not tainted 5.18.0-syzkaller-13760-g032dcf09e2bf #0
[  285.812686][   T32] Hardware name: QEMU Standard PC (i440FX + PIIX, 1996), BIOS 1.16.2-debian-1.16.2-1 04/01/2014
[  285.812686][   T32] Call Trace:
[  285.812686][   T32]  <TASK>
[  285.812686][   T32]  dump_stack_lvl+0xfc/0x174
[  285.812686][   T32]  panic+0x2cf/0x61f
[  285.812686][   T32]  ? panic_print_sys_info.part.0+0x10b/0x10b
[  285.812686][   T32]  ? watchdog.cold+0x5/0x161
[  285.812686][   T32]  watchdog.cold+0x16/0x161
[  285.812686][   T32]  ? proc_dohung_task_timeout_secs+0x80/0x80
[  285.812686][   T32]  kthread+0x2e0/0x390
[  285.812686][   T32]  ? kthread_complete_and_exit+0x40/0x40
[  285.812686][   T32]  ret_from_fork+0x1f/0x30
[  285.812686][   T32]  </TASK>
[  285.812686][   T32] Kernel Offset: disabled
[  285.812686][   T32] Rebooting in 86400 seconds..
2024/03/05 00:02:33 loop: starting repro of 'INFO: task hung in add_early_randomness' on instances [0 1 2]
2024/03/05 00:02:34 reproducing crash 'INFO: task hung in add_early_randomness': 1008 programs, 3 VMs, timeouts [6m0s]
2024/03/05 00:02:37 VMs 0, executed 17961, cover 19012, signal 23567/34527, crashes 1, repro 1, triageQLen 0
2024/03/05 00:02:43 failed to create instance: can't ssh into the instance
failed to run ["ssh" "-p" "38771" "-F" "/dev/null" "-o" "UserKnownHostsFile=/dev/null" "-o" "BatchMode=yes" "-o" "IdentitiesOnly=yes" "-o" "StrictHostKeyChecking=no" "-o" "ConnectTimeout=10" "root@localhost" "pwd"]: exit status 255
Connection timed out during banner exchange
Connection to 127.0.0.1 port 38771 timed out
[    0.000000][    T0] Linux version 5.18.0-syzkaller-13760-g032dcf09e2bf (syzkaller@syzkaller) (gcc (Debian 12.2.0-14) 12.2.0, GNU ld (GNU Binutils for Debian) 2.40) #0 SMP PREEMPT_DYNAMIC now
[    0.000000][    T0] Command line: root=/dev/sda console=ttyS0 root=/dev/sda1
[    0.000000][    T0] KERNEL supported cpus:
[    0.000000][    T0]   Intel GenuineIntel
[    0.000000][    T0]   AMD AuthenticAMD
[    0.000000][    T0] x86/fpu: Supporting XSAVE feature 0x001: 'x87 floating point registers'
[    0.000000][    T0] x86/fpu: Supporting XSAVE feature 0x002: 'SSE registers'
[    0.000000][    T0] x86/fpu: Supporting XSAVE feature 0x004: 'AVX registers'
[    0.000000][    T0] x86/fpu: Supporting XSAVE feature 0x008: 'MPX bounds registers'
[    0.000000][    T0] x86/fpu: Supporting XSAVE feature 0x010: 'MPX CSR'
[    0.000000][    T0] x86/fpu: Supporting XSAVE feature 0x020: 'AVX-512 opmask'
[    0.000000][    T0] x86/fpu: Supporting XSAVE feature 0x040: 'AVX-512 Hi256'
[    0.000000][    T0] x86/fpu: Supporting XSAVE feature 0x080: 'AVX-512 ZMM_Hi256'
[    0.000000][    T0] x86/fpu: xstate_offset[2]:  576, xstate_sizes[2]:  256
[    0.000000][    T0] x86/fpu: xstate_offset[3]:  832, xstate_sizes[3]:   64
[    0.000000][    T0] x86/fpu: xstate_offset[4]:  896, xstate_sizes[4]:   64
[    0.000000][    T0] x86/fpu: xstate_offset[5]:  960, xstate_sizes[5]:   64
[    0.000000][    T0] x86/fpu: xstate_offset[6]: 1024, xstate_sizes[6]:  512
[    0.000000][    T0] x86/fpu: xstate_offset[7]: 1536, xstate_sizes[7]: 1024
[    0.000000][    T0] x86/fpu: Enabled xstate features 0xff, context size is 2560 bytes, using 'compacted' format.
[    0.000000][    T0] signal: max sigframe size: 3632
[    0.000000][    T0] BIOS-provided physical RAM map:
[    0.000000][    T0] BIOS-e820: [mem 0x0000000000000000-0x000000000009fbff] usable
[    0.000000][    T0] BIOS-e820: [mem 0x000000000009fc00-0x000000000009ffff] reserved
[    0.000000][    T0] BIOS-e820: [mem 0x00000000000f0000-0x00000000000fffff] reserved
[    0.000000][    T0] BIOS-e820: [mem 0x0000000000100000-0x000000007ffdffff] usable
[    0.000000][    T0] BIOS-e820: [mem 0x000000007ffe0000-0x000000007fffffff] reserved
[    0.000000][    T0] BIOS-e820: [mem 0x00000000feffc000-0x00000000feffffff] reserved
[    0.000000][    T0] BIOS-e820: [mem 0x00000000fffc0000-0x00000000ffffffff] reserved
[    0.000000][    T0] printk: bootconsole [earlyser0] enabled
[    0.000000][    T0] ERROR: earlyprintk= earlyser already used
[    0.000000][    T0] ERROR: earlyprintk= earlyser already used
[    0.000000][    T0] **********************************************************
[    0.000000][    T0] **   NOTICE NOTICE NOTICE NOTICE NOTICE NOTICE NOTICE   **
[    0.000000][    T0] **                                                      **
[    0.000000][    T0] ** This system shows unhashed kernel memory addresses   **
[    0.000000][    T0] ** via the console, logs, and other interfaces. This    **
[    0.000000][    T0] ** might reduce the security of your system.            **
[    0.000000][    T0] **                                                      **
[    0.000000][    T0] ** If you see this message and you are not debugging    **
[    0.000000][    T0] ** the kernel, report this immediately to your system   **
[    0.000000][    T0] ** administrator!                                       **
[    0.000000][    T0] **                                                      **
[    0.000000][    T0] **   NOTICE NOTICE NOTICE NOTICE NOTICE NOTICE NOTICE   **
[    0.000000][    T0] **********************************************************
[    0.000000][    T0] Malformed early option 'vsyscall'
[    0.000000][    T0] nopcid: PCID feature disabled
[    0.000000][    T0] NX (Execute Disable) protection: active
[    0.000000][    T0] SMBIOS 2.8 present.
[    0.000000][    T0] DMI: QEMU Standard PC (i440FX + PIIX, 1996), BIOS 1.16.2-debian-1.16.2-1 04/01/2014
[    0.000000][    T0] Hypervisor detected: KVM
[    0.000000][    T0] kvm-clock: Using msrs 4b564d01 and 4b564d00
[    0.000010][    T0] kvm-clock: using sched offset of 1565872453 cycles
[    0.004333][    T0] clocksource: kvm-clock: mask: 0xffffffffffffffff max_cycles: 0x1cd42e4dffb, max_idle_ns: 881590591483 ns
[    0.017207][    T0] tsc: Detected 3100.318 MHz processor
[    0.026128][    T0] last_pfn = 0x7ffe0 max_arch_pfn = 0x400000000
[    0.031016][    T0] x86/PAT: Configuration [0-7]: WB  WC  UC- UC  WB  WP  UC- WT  
[    0.045399][    T0] found SMP MP-table at [mem 0x000f5b90-0x000f5b9f]
[    0.050213][    T0] Using GB pages for direct mapping
[    0.054710][    T0] ACPI: Early table checksum verification disabled
[    0.059364][    T0] ACPI: RSDP 0x00000000000F59C0 000014 (v00 BOCHS )
[    0.064128][    T0] ACPI: RSDT 0x000000007FFE1B21 000034 (v01 BOCHS  BXPC     00000001 BXPC 00000001)
[    0.070819][    T0] ACPI: FACP 0x000000007FFE19CD 000074 (v01 BOCHS  BXPC     00000001 BXPC 00000001)
[    0.077569][    T0] ACPI: DSDT 0x000000007FFE0040 00198D (v01 BOCHS  BXPC     00000001 BXPC 00000001)
[    0.084276][    T0] ACPI: FACS 0x000000007FFE0000 000040
[    0.088191][    T0] ACPI: APIC 0x000000007FFE1A41 000080 (v01 BOCHS  BXPC     00000001 BXPC 00000001)
[    0.094922][    T0] ACPI: HPET 0x000000007FFE1AC1 000038 (v01 BOCHS  BXPC     00000001 BXPC 00000001)
[    0.101624][    T0] ACPI: WAET 0x000000007FFE1AF9 000028 (v01 BOCHS  BXPC     00000001 BXPC 00000001)
[    0.108370][    T0] ACPI: Reserving FACP table memory at [mem 0x7ffe19cd-0x7ffe1a40]
[    0.114009][    T0] ACPI: Reserving DSDT table memory at [mem 0x7ffe0040-0x7ffe19cc]
[    0.119631][    T0] ACPI: Reserving FACS table memory at [mem 0x7ffe0000-0x7ffe003f]
[    0.125236][    T0] ACPI: Reserving APIC table memory at [mem 0x7ffe1a41-0x7ffe1ac0]
[    0.130887][    T0] ACPI: Reserving HPET table memory at [mem 0x7ffe1ac1-0x7ffe1af8]
[    0.136669][    T0] ACPI: Reserving WAET table memory at [mem 0x7ffe1af9-0x7ffe1b20]
[    0.144868][    T0] No NUMA configuration found
[    0.148183][    T0] Faking a node at [mem 0x0000000000000000-0x000000007ffdffff]
[    0.153580][    T0] Faking node 0 at [mem 0x0000000000000000-0x000000003fffffff] (1024MB)
[    0.159558][    T0] Faking node 1 at [mem 0x0000000040000000-0x000000007ffdffff] (1023MB)
[    0.165927][    T0] NODE_DATA(0) allocated [mem 0x3fffa000-0x3fffffff]
[    0.171233][    T0] NODE_DATA(1) allocated [mem 0x7ffd9000-0x7ffdefff]
[    0.185260][    T0] Zone ranges:
[    0.187722][    T0]   DMA      [mem 0x0000000000001000-0x0000000000ffffff]
[    0.192780][    T0]   DMA32    [mem 0x0000000001000000-0x000000007ffdffff]
[    0.197952][    T0]   Normal   empty
[    0.200574][    T0]   Device   empty
[    0.203181][    T0] Movable zone start for each node
[    0.206785][    T0] Early memory node ranges
[    0.209880][    T0]   node   0: [mem 0x0000000000001000-0x000000000009efff]
[    0.214998][    T0]   node   0: [mem 0x0000000000100000-0x000000003fffffff]
[    0.220068][    T0]   node   1: [mem 0x0000000040000000-0x000000007ffdffff]
[    0.225136][    T0] Initmem setup node 0 [mem 0x0000000000001000-0x000000003fffffff]
[    0.230805][    T0] Initmem setup node 1 [mem 0x0000000040000000-0x000000007ffdffff]
[    0.236461][    T0] On node 0, zone DMA: 1 pages in unavailable ranges
[    0.236578][    T0] On node 0, zone DMA: 97 pages in unavailable ranges
[    0.254340][    T0] On node 1, zone DMA32: 32 pages in unavailable ranges
[    0.348315][    T0] kasan: KernelAddressSanitizer initialized
[    0.360250][    T0] ACPI: PM-Timer IO Port: 0x608
[    0.363702][    T0] ACPI: LAPIC_NMI (acpi_id[0xff] dfl dfl lint[0x1])
[    0.368605][    T0] IOAPIC[0]: apic_id 0, version 17, address 0xfec00000, GSI 0-23
[    0.374150][    T0] ACPI: INT_SRC_OVR (bus 0 bus_irq 0 global_irq 2 dfl dfl)
[    0.379314][    T0] ACPI: INT_SRC_OVR (bus 0 bus_irq 5 global_irq 5 high level)
[    0.384655][    T0] ACPI: INT_SRC_OVR (bus 0 bus_irq 9 global_irq 9 high level)
[    0.389997][    T0] ACPI: INT_SRC_OVR (bus 0 bus_irq 10 global_irq 10 high level)
[    0.395503][    T0] ACPI: INT_SRC_OVR (bus 0 bus_irq 11 global_irq 11 high level)
[    0.400958][    T0] ACPI: Using ACPI (MADT) for SMP configuration information
[    0.406179][    T0] ACPI: HPET id: 0x8086a201 base: 0xfed00000
[    0.410434][    T0] TSC deadline timer available
[    0.413859][    T0] smpboot: Allowing 2 CPUs, 0 hotplug CPUs
[    0.418136][    T0] kvm-guest: KVM setup pv remote TLB flush
[    0.422301][    T0] kvm-guest: setup PV sched yield
[    0.425917][    T0] PM: hibernation: Registered nosave memory: [mem 0x00000000-0x00000fff]
[    0.431943][    T0] PM: hibernation: Registered nosave memory: [mem 0x0009f000-0x0009ffff]
[    0.437973][    T0] PM: hibernation: Registered nosave memory: [mem 0x000a0000-0x000effff]
[    0.444004][    T0] PM: hibernation: Registered nosave memory: [mem 0x000f0000-0x000fffff]
[    0.450013][    T0] [mem 0x80000000-0xfeffbfff] available for PCI devices
[    0.454959][    T0] Booting paravirtualized kernel on KVM
[    0.458936][    T0] clocksource: refined-jiffies: mask: 0xffffffff max_cycles: 0xffffffff, max_idle_ns: 19112604462750000 ns
[    0.513369][    T0] setup_percpu: NR_CPUS:8 nr_cpumask_bits:8 nr_cpu_ids:2 nr_node_ids:2
[    0.520782][    T0] percpu: Embedded 69 pages/cpu s243784 r8192 d30648 u2097152
[    0.526389][    T0] kvm-guest: PV spinlocks enabled
[    0.529983][    T0] PV qspinlock hash table entries: 256 (order: 0, 4096 bytes, linear)
[    0.535899][    T0] Fallback order for Node 0: 0 1 
[    0.539517][    T0] Fallback order for Node 1: 1 0 
[    0.543106][    T0] Built 2 zonelists, mobility grouping on.  Total pages: 515808
[    0.548555][    T0] Policy zone: DMA32
[    0.551299][    T0] Kernel command line: earlyprintk=serial net.ifnames=0 sysctl.kernel.hung_task_all_cpu_backtrace=1 ima_policy=tcb nf-conntrack-ftp.ports=20000 nf-conntrack-tftp.ports=20000 nf-conntrack-sip.ports=20000 nf-conntrack-irc.ports=20000 nf-conntrack-sane.ports=20000 binder.debug_mask=0 rcupdate.rcu_expedited=1 no_hash_pointers page_owner=on sysctl.vm.nr_hugepages=4 sysctl.vm.nr_overcommit_hugepages=4 secretmem.enable=1 sysctl.max_rcu_stall_to_panic=1 msr.allow_writes=off root=/dev/sda console=ttyS0 vsyscall=native numa=fake=2 kvm-intel.nested=1 spec_store_bypass_disable=prctl nopcid vivid.n_devs=16 vivid.multiplanar=1,2,1,2,1,2,1,2,1,2,1,2,1,2,1,2 netrom.nr_ndevs=16 rose.rose_ndevs=16 dummy_hcd.num=8 smp.csd_lock_timeout=100000 watchdog_thresh=55 workqueue.watchdog_thresh=140 sysctl.net.core.netdev_unregister_timeout_secs=140 panic_on_warn=1 root=/dev/sda console=ttyS0 root=/dev/sda1
[    0.612963][    T0] Unknown kernel command line parameters "spec_store_bypass_disable=prctl", will be passed to user space.
[    0.621965][    T0] mem auto-init: stack:off, heap alloc:on, heap free:off
[    0.626426][    T0] Stack Depot early init allocating hash table with memblock_alloc, 8388608 bytes
[    0.758184][    T0] Memory: 1490008K/2096632K available (141342K kernel code, 34674K rwdata, 30136K rodata, 2712K init, 34460K bss, 606368K reserved, 0K cma-reserved)
[    0.768885][    T0] SLUB: HWalign=64, Order=0-3, MinObjects=0, CPUs=2, Nodes=2
[    0.775111][    T0] Dynamic Preempt: full
[    0.778454][    T0] Running RCU self tests
[    0.781138][    T0] rcu: Preemptible hierarchical RCU implementation.
[    0.785266][    T0] rcu: 	RCU lockdep checking is enabled.
[    0.788764][    T0] rcu: 	RCU restricting CPUs from NR_CPUS=8 to nr_cpu_ids=2.
[    0.793426][    T0] rcu: 	RCU callback double-/use-after-free debug is enabled.
[    0.798105][    T0] rcu: 	RCU debug extended QS entry/exit.
[    0.801659][    T0] 	All grace periods are expedited (rcu_expedited).
[    0.805766][    T0] 	Trampoline variant of Tasks RCU enabled.
[    0.809449][    T0] 	Tracing variant of Tasks RCU enabled.
[    0.812963][    T0] rcu: RCU calculated value of scheduler-enlistment delay is 10 jiffies.
[    0.818219][    T0] rcu: Adjusting geometry for rcu_fanout_leaf=16, nr_cpu_ids=2
[    0.850711][    T0] NR_IRQS: 4352, nr_irqs: 440, preallocated irqs: 16
[    0.855500][    T0] rcu: srcu_init: Setting srcu_struct sizes based on contention.
[    0.860650][    T0] kfence: initialized - using 2097152 bytes for 255 objects at 0xffff88807ea00000-0xffff88807ec00000
[    0.867581][    T0] random: crng init done
[    0.908592][    T0] Console: colour VGA+ 80x25
[    0.911683][    T0] printk: console [ttyS0] enabled
[    0.911683][    T0] printk: console [ttyS0] enabled
[    0.918078][    T0] printk: bootconsole [earlyser0] disabled
[    0.918078][    T0] printk: bootconsole [earlyser0] disabled
[    0.925441][    T0] Lock dependency validator: Copyright (c) 2006 Red Hat, Inc., Ingo Molnar
[    0.930962][    T0] ... MAX_LOCKDEP_SUBCLASSES:  8
[    0.934139][    T0] ... MAX_LOCK_DEPTH:          48
[    0.937372][    T0] ... MAX_LOCKDEP_KEYS:        8192
[    0.940717][    T0] ... CLASSHASH_SIZE:          4096
[    0.944076][    T0] ... MAX_LOCKDEP_ENTRIES:     131072
[    0.947533][    T0] ... MAX_LOCKDEP_CHAINS:      262144
[    0.950993][    T0] ... CHAINHASH_SIZE:          131072
[    0.954439][    T0]  memory used by lock dependency info: 20657 kB
[    0.958511][    T0]  memory used for stack traces: 8320 kB
[    0.962130][    T0]  per task-struct memory footprint: 1920 bytes
[    0.966288][    T0] mempolicy: Enabling automatic NUMA balancing. Configure with numa_balancing= or the kernel.numa_balancing sysctl
[    0.974123][    T0] ACPI: Core revision 20220331
[    0.978063][    T0] clocksource: hpet: mask: 0xffffffff max_cycles: 0xffffffff, max_idle_ns: 19112604467 ns
[    0.985051][    T0] APIC: Switch to symmetric I/O mode setup
[    0.988801][    T0] kvm-guest: setup PV IPIs
[    0.999439][    T0] ..TIMER: vector=0x30 apic1=0 pin1=2 apic2=-1 pin2=-1
[    1.004001][    T0] clocksource: tsc-early: mask: 0xffffffffffffffff max_cycles: 0x2cb0742b7d2, max_idle_ns: 440795284580 ns
[    1.011394][    T0] Calibrating delay loop (skipped) preset value.. 6200.63 BogoMIPS (lpj=31003180)
[    1.021389][    T0] pid_max: default: 32768 minimum: 301
[    1.025128][    T0] LSM: Security Framework initializing
[    1.028723][    T0] landlock: Up and running.
[    1.031388][    T0] Yama: becoming mindful.
[    1.034249][    T0] TOMOYO Linux initialized
[    1.037772][    T0] AppArmor: AppArmor initialized
[    1.041406][    T0] LSM support for eBPF active
[    1.045139][    T0] Dentry cache hash table entries: 262144 (order: 9, 2097152 bytes, vmalloc)
[    1.051689][    T0] Inode-cache hash table entries: 131072 (order: 8, 1048576 bytes, vmalloc)
[    1.057321][    T0] Mount-cache hash table entries: 4096 (order: 3, 32768 bytes, vmalloc)
[    1.061430][    T0] Mountpoint-cache hash table entries: 4096 (order: 3, 32768 bytes, vmalloc)
[    1.073276][    T0] x86/cpu: User Mode Instruction Prevention (UMIP) activated
[    1.078747][    T0] Last level iTLB entries: 4KB 0, 2MB 0, 4MB 0
[    1.081399][    T0] Last level dTLB entries: 4KB 0, 2MB 0, 4MB 0, 1GB 0
[    1.085790][    T0] Spectre V1 : Mitigation: usercopy/swapgs barriers and __user pointer sanitization
[    1.091439][    T0] Spectre V2 : WARNING: Unprivileged eBPF is enabled with eIBRS on, data leaks possible via Spectre v2 BHB attacks!
[    1.099208][    T0] Spectre V2 : Mitigation: Enhanced IBRS
[    1.101387][    T0] Spectre V2 : Spectre v2 / SpectreRSB mitigation: Filling RSB on context switch
[    1.107162][    T0] Spectre V2 : mitigation: Enabling conditional Indirect Branch Prediction Barrier
[    1.111439][    T0] Speculative Store Bypass: Mitigation: Speculative Store Bypass disabled via prctl
[    1.121412][    T0] TAA: Mitigation: Clear CPU buffers
[    1.124770][    T0] MDS: Mitigation: Clear CPU buffers
[    1.129704][    T0] Freeing SMP alternatives memory: 108K
[    1.132746][    T1] smpboot: CPU0: Intel(R) Xeon(R) CPU @ 3.10GHz (family: 0x6, model: 0x55, stepping: 0x7)
[    1.140826][    T1] cblist_init_generic: Setting adjustable number of callback queues.
[    1.141422][    T1] cblist_init_generic: Setting shift to 1 and lim to 1.
[    1.146121][    T1] cblist_init_generic: Setting shift to 1 and lim to 1.
[    1.150710][    T1] Running RCU-tasks wait API self tests
[    1.261772][    T1] Performance Events: unsupported p6 CPU model 85 no PMU driver, software events only.
[    1.268762][    T1] rcu: Hierarchical SRCU implementation.
[    1.268888][   T18] printk: console [ttyS0] printing thread started
[    1.278286][    T1] NMI watchdog: Perf NMI watchdog permanently disabled
[    1.278734][    T1] smp: Bringing up secondary CPUs ...
[    1.279895][    T1] x86: Booting SMP configuration:
[    1.279898][    T1] .... node  #1, CPUs:      #1
[    1.294802][    T1] smp: Brought up 2 nodes, 2 CPUs
[    1.294802][    T1] smpboot: Max logical packages: 1
[    1.294802][    T1] smpboot: Total of 2 processors activated (12401.27 BogoMIPS)
[    1.311462][   T14] Callback from call_rcu_tasks_trace() invoked.
[    1.316884][    T1] allocated 33554432 bytes of page_ext
[    1.317112][    T1] Node 0, zone      DMA: page owner found early allocated 0 pages
[    1.333416][    T1] Node 0, zone    DMA32: page owner found early allocated 5560 pages
[    1.334596][    T1] Node 1, zone    DMA32: page owner found early allocated 5017 pages
[    1.341405][    T1] devtmpfs: initialized
[    1.341939][    T1] x86/mm: Memory block size: 128MB
[    1.362861][    T1] clocksource: jiffies: mask: 0xffffffff max_cycles: 0xffffffff, max_idle_ns: 19112604462750000 ns
[    1.362967][    T1] futex hash table entries: 512 (order: 4, 65536 bytes, vmalloc)
[    1.365417][    T1] PM: RTC time: 23:52:39, date: 2024-03-04
[    1.392459][    T1] NET: Registered PF_NETLINK/PF_ROUTE protocol family
[    1.396425][    T1] audit: initializing netlink subsys (disabled)
[    1.396731][   T30] audit: type=2000 audit(1709596360.605:1): state=initialized audit_enabled=0 res=1
[    1.396731][    T1] thermal_sys: Registered thermal governor 'step_wise'
[    1.396731][    T1] thermal_sys: Registered thermal governor 'user_space'
[    1.401441][    T1] cpuidle: using governor menu
[    1.401520][    T1] NET: Registered PF_QIPCRTR protocol family
[    1.416178][    T1] HugeTLB: can optimize 4095 vmemmap pages for hugepages-1048576kB
[    1.417249][    T1] PCI: Using configuration type 1 for base access
[    1.491667][   T13] Callback from call_rcu_tasks() invoked.
[    1.572890][    T1] HugeTLB: can optimize 7 vmemmap pages for hugepages-2048kB
[    1.572908][    T1] HugeTLB registered 1.00 GiB page size, pre-allocated 0 pages
[    1.572914][    T1] HugeTLB registered 2.00 MiB page size, pre-allocated 0 pages
[    1.598270][    T1] cryptd: max_cpu_qlen set to 1000
[    1.600478][    T1] raid6: skipped pq benchmark and selected avx512x4
[    1.600484][    T1] raid6: using avx512x2 recovery algorithm
[    1.601015][    T1] ACPI: Added _OSI(Module Device)
[    1.601020][    T1] ACPI: Added _OSI(Processor Device)
[    1.601024][    T1] ACPI: Added _OSI(3.0 _SCP Extensions)
[    1.601028][    T1] ACPI: Added _OSI(Processor Aggregator Device)
[    1.601039][    T1] ACPI: Added _OSI(Linux-Dell-Video)
[    1.601047][    T1] ACPI: Added _OSI(Linux-Lenovo-NV-HDMI-Audio)
[    1.601056][    T1] ACPI: Added _OSI(Linux-HPI-Hybrid-Graphics)
[    1.638687][    T1] ACPI: 1 ACPI AML tables successfully acquired and loaded
[    1.656481][    T1] ACPI: Interpreter enabled
[    1.656481][    T1] ACPI: PM: (supports S0 S3 S4 S5)
[    1.656481][    T1] ACPI: Using IOAPIC for interrupt routing
[    1.656481][    T1] PCI: Using host bridge windows from ACPI; if necessary, use "pci=nocrs" and report a bug
[    1.656481][    T1] PCI: Using E820 reservations for host bridge windows
[    1.656481][    T1] ACPI: Enabled 2 GPEs in block 00 to 0F
[    1.720463][    T1] ACPI: PCI Root Bridge [PCI0] (domain 0000 [bus 00-ff])
[    1.720501][    T1] acpi PNP0A03:00: _OSC: OS supports [ASPM ClockPM Segments MSI HPX-Type3]
[    1.720512][    T1] acpi PNP0A03:00: _OSC: not requesting OS control; OS requires [ExtendedConfig ASPM ClockPM MSI]
[    1.720778][    T1] acpi PNP0A03:00: fail to add MMCONFIG information, can't access extended PCI configuration space under this bridge.
[    1.721416][    T1] PCI host bridge to bus 0000:00
[    1.721425][    T1] pci_bus 0000:00: Unknown NUMA node; performance will be reduced
[    1.721436][    T1] pci_bus 0000:00: root bus resource [io  0x0000-0x0cf7 window]
[    1.721449][    T1] pci_bus 0000:00: root bus resource [io  0x0d00-0xffff window]
[    1.721463][    T1] pci_bus 0000:00: root bus resource [mem 0x000a0000-0x000bffff window]
[    1.721475][    T1] pci_bus 0000:00: root bus resource [mem 0x80000000-0xfebfffff window]
[    1.721487][    T1] pci_bus 0000:00: root bus resource [mem 0x100000000-0x17fffffff window]
[    1.721501][    T1] pci_bus 0000:00: root bus resource [bus 00-ff]
[    1.721908][    T1] pci 0000:00:00.0: [8086:1237] type 00 class 0x060000
[    1.738067][    T1] pci 0000:00:01.0: [8086:7000] type 00 class 0x060100
[    1.741381][    T1] pci 0000:00:01.1: [8086:7010] type 00 class 0x010180
[    1.741381][    T1] pci 0000:00:01.1: reg 0x20: [io  0xc060-0xc06f]
[    1.741381][    T1] pci 0000:00:01.1: legacy IDE quirk: reg 0x10: [io  0x01f0-0x01f7]
[    1.741381][    T1] pci 0000:00:01.1: legacy IDE quirk: reg 0x14: [io  0x03f6]
[    1.741381][    T1] pci 0000:00:01.1: legacy IDE quirk: reg 0x18: [io  0x0170-0x0177]
[    1.741381][    T1] pci 0000:00:01.1: legacy IDE quirk: reg 0x1c: [io  0x0376]
[    1.752431][    T1] pci 0000:00:01.3: [8086:7113] type 00 class 0x068000
[    1.755659][    T1] pci 0000:00:01.3: quirk: [io  0x0600-0x063f] claimed by PIIX4 ACPI
[    1.755720][    T1] pci 0000:00:01.3: quirk: [io  0x0700-0x070f] claimed by PIIX4 SMB
[    1.757504][    T1] pci 0000:00:02.0: [1234:1111] type 00 class 0x030000
[    1.761662][    T1] pci 0000:00:02.0: reg 0x10: [mem 0xfd000000-0xfdffffff pref]
[    1.766340][    T1] pci 0000:00:02.0: reg 0x18: [mem 0xfebf0000-0xfebf0fff]
[    1.776295][    T1] pci 0000:00:02.0: reg 0x30: [mem 0xfebe0000-0xfebeffff pref]
[    1.777206][    T1] pci 0000:00:02.0: Video device with shadowed ROM at [mem 0x000c0000-0x000dffff]
[    1.792128][    T1] pci 0000:00:03.0: [1af4:1005] type 00 class 0x00ff00
[    1.793387][    T1] pci 0000:00:03.0: reg 0x10: [io  0xc040-0xc05f]
[    1.794425][    T1] pci 0000:00:03.0: reg 0x14: [mem 0xfebf1000-0xfebf1fff]
[    1.797993][    T1] pci 0000:00:03.0: reg 0x20: [mem 0xfe000000-0xfe003fff 64bit pref]
[    1.801381][    T1] pci 0000:00:04.0: [8086:100e] type 00 class 0x020000
[    1.801381][    T1] pci 0000:00:04.0: reg 0x10: [mem 0xfebc0000-0xfebdffff]
[    1.811407][    T1] pci 0000:00:04.0: reg 0x14: [io  0xc000-0xc03f]
[    1.817825][    T1] pci 0000:00:04.0: reg 0x30: [mem 0xfeb80000-0xfebbffff pref]
[    1.837075][    T1] ACPI: PCI: Interrupt link LNKA configured for IRQ 10
[    1.838615][    T1] ACPI: PCI: Interrupt link LNKB configured for IRQ 10
[    1.840069][    T1] ACPI: PCI: Interrupt link LNKC configured for IRQ 11
[    1.841381][    T1] ACPI: PCI: Interrupt link LNKD configured for IRQ 11
[    1.841381][    T1] ACPI: PCI: Interrupt link LNKS configured for IRQ 9
[    1.871400][    T1] iommu: Default domain type: Translated 
[    1.871400][    T1] iommu: DMA domain TLB invalidation policy: lazy mode 
[    1.873483][    T1] SCSI subsystem initialized
[    1.892326][    T1] ACPI: bus type USB registered
[    1.892550][    T1] usbcore: registered new interface driver usbfs
[    1.892663][    T1] usbcore: registered new interface driver hub
[    1.892765][    T1] usbcore: registered new device driver usb
[    1.893393][    T1] mc: Linux media interface: v0.10
[    1.893473][    T1] videodev: Linux video capture interface: v2.00
[    1.893804][    T1] pps_core: LinuxPPS API ver. 1 registered
[    1.893809][    T1] pps_core: Software ver. 5.3.6 - Copyright 2005-2007 Rodolfo Giometti <giometti@linux.it>
[    1.893848][    T1] PTP clock support registered
[    1.921573][    T1] EDAC MC: Ver: 3.0.0
[    1.932470][    T1] Advanced Linux Sound Architecture Driver Initialized.
[    1.934476][    T1] Bluetooth: Core ver 2.22
[    1.934608][    T1] NET: Registered PF_BLUETOOTH protocol family
[    1.934612][    T1] Bluetooth: HCI device and connection manager initialized
[    1.934676][    T1] Bluetooth: HCI socket layer initialized
[    1.934686][    T1] Bluetooth: L2CAP socket layer initialized
[    1.934725][    T1] Bluetooth: SCO socket layer initialized
[    1.934785][    T1] NET: Registered PF_ATMPVC protocol family
[    1.934790][    T1] NET: Registered PF_ATMSVC protocol family
[    1.934958][    T1] NetLabel: Initializing
[    1.934961][    T1] NetLabel:  domain hash size = 128
[    1.934964][    T1] NetLabel:  protocols = UNLABELED CIPSOv4 CALIPSO
[    1.935176][    T1] NetLabel:  unlabeled traffic allowed by default
[    1.936118][    T1] nfc: nfc_init: NFC Core ver 0.1
[    1.936246][    T1] NET: Registered PF_NFC protocol family
[    1.936278][    T1] PCI: Using ACPI for IRQ routing
[    1.937296][    T1] pci 0000:00:02.0: vgaarb: setting as boot VGA device
[    1.937304][    T1] pci 0000:00:02.0: vgaarb: bridge control possible
[    1.937310][    T1] pci 0000:00:02.0: vgaarb: VGA device added: decodes=io+mem,owns=io+mem,locks=none
[    1.937322][    T1] vgaarb: loaded
[    1.940372][    T1] hpet0: at MMIO 0xfed00000, IRQs 2, 8, 0
[    1.940390][    T1] hpet0: 3 comparators, 64-bit 100.000000 MHz counter
[    1.974424][    T1] clocksource: Switched to clocksource kvm-clock
[    1.976662][    T1] VFS: Disk quotas dquot_6.6.0
[    1.976826][    T1] VFS: Dquot-cache hash table entries: 512 (order 0, 4096 bytes)
[    1.977130][    T1] FS-Cache: Loaded
[    1.977806][    T1] CacheFiles: Loaded
[    1.978097][    T1] TOMOYO: 2.6.0
[    1.978099][    T1] Mandatory Access Control activated.
[    1.979475][    T1] AppArmor: AppArmor Filesystem Enabled
[    1.979706][    T1] pnp: PnP ACPI init
[    2.004593][    T1] pnp: PnP ACPI: found 6 devices
[    2.194519][    T1] clocksource: acpi_pm: mask: 0xffffff max_cycles: 0xffffff, max_idle_ns: 2085701024 ns
[    2.194945][    T1] NET: Registered PF_INET protocol family
[    2.211680][    T1] IP idents hash table entries: 32768 (order: 6, 262144 bytes, vmalloc)
[    2.213880][    T1] tcp_listen_portaddr_hash hash table entries: 1024 (order: 4, 73728 bytes, vmalloc)
[    2.214204][    T1] TCP established hash table entries: 16384 (order: 5, 131072 bytes, vmalloc)
[    2.216788][    T1] TCP bind bhash tables hash table entries: 16384 (order: 8, 1310720 bytes, vmalloc)
[    2.217384][    T1] TCP: Hash tables configured (established 16384 bind 16384)
[    2.217945][    T1] MPTCP token hash table entries: 2048 (order: 5, 180224 bytes, vmalloc)
[    2.218292][    T1] UDP hash table entries: 1024 (order: 5, 163840 bytes, vmalloc)
[    2.218549][    T1] UDP-Lite hash table entries: 1024 (order: 5, 163840 bytes, vmalloc)
[    2.218947][    T1] NET: Registered PF_UNIX/PF_LOCAL protocol family
[    2.244110][    T1] RPC: Registered named UNIX socket transport module.
[    2.244116][    T1] RPC: Registered udp transport module.
[    2.244120][    T1] RPC: Registered tcp transport module.
[    2.244123][    T1] RPC: Registered tcp NFSv4.1 backchannel transport module.
[    2.262979][    T1] NET: Registered PF_XDP protocol family
[    2.263007][    T1] pci_bus 0000:00: resource 4 [io  0x0000-0x0cf7 window]
[    2.263020][    T1] pci_bus 0000:00: resource 5 [io  0x0d00-0xffff window]
[    2.263030][    T1] pci_bus 0000:00: resource 6 [mem 0x000a0000-0x000bffff window]
[    2.263039][    T1] pci_bus 0000:00: resource 7 [mem 0x80000000-0xfebfffff window]
[    2.263049][    T1] pci_bus 0000:00: resource 8 [mem 0x100000000-0x17fffffff window]
[    2.263546][    T1] pci 0000:00:01.0: PIIX3: Enabling Passive Release
[    2.263628][    T1] pci 0000:00:00.0: Limiting direct PCI/PCI transfers
[    2.263704][    T1] pci 0000:00:01.0: Activating ISA DMA hang workarounds
[    2.264108][    T1] PCI: CLS 0 bytes, default 64
[    2.264243][    T1] ACPI: bus type thunderbolt registered
[    2.274661][    T1] RAPL PMU: API unit is 2^-32 Joules, 0 fixed counters, 10737418240 ms ovfl timer
[    2.275763][   T61] kworker/u5:1 (61) used greatest stack depth: 27792 bytes left
[    2.417535][    T1] kvm: already loaded vendor module 'kvm_intel'
[    2.417546][    T1] clocksource: tsc: mask: 0xffffffffffffffff max_cycles: 0x2cb0742b7d2, max_idle_ns: 440795284580 ns
[    2.417614][    T1] clocksource: Switched to clocksource tsc
[    2.433992][   T75] kworker/u6:1 (75) used greatest stack depth: 27328 bytes left
[    2.434292][   T76] kworker/u6:1 (76) used greatest stack depth: 26912 bytes left
[    4.682760][    T1] Initialise system trusted keyrings
[    4.684308][    T1] workingset: timestamp_bits=40 max_order=19 bucket_order=0
[    4.723467][    T1] zbud: loaded
[    4.729490][    T1] DLM installed
[    4.734511][    T1] squashfs: version 4.0 (2009/01/31) Phillip Lougher
[    4.744786][    T1] NFS: Registering the id_resolver key type
[    4.744826][    T1] Key type id_resolver registered
[    4.744830][    T1] Key type id_legacy registered
[    4.745129][    T1] nfs4filelayout_init: NFSv4 File Layout Driver Registering...
[    4.745176][    T1] nfs4flexfilelayout_init: NFSv4 Flexfile Layout Driver Registering...
[    4.745181][    T1] Installing knfsd (copyright (C) 1996 okir@monad.swb.de).
[    4.752508][    T1] Key type cifs.spnego registered
[    4.752596][    T1] Key type cifs.idmap registered
[    4.752998][    T1] ntfs: driver 2.1.32 [Flags: R/W].
[    4.754115][    T1] ntfs3: Max link count 4000
[    4.754121][    T1] ntfs3: Enabled Linux POSIX ACLs support
[    4.754123][    T1] ntfs3: Read-only LZX/Xpress compression included
[    4.755421][    T1] efs: 1.0a - http://aeschi.ch.eu.org/efs/
[    4.755649][    T1] jffs2: version 2.2. (NAND) (SUMMARY)  Â© 2001-2006 Red Hat, Inc.
[    4.758857][    T1] romfs: ROMFS MTD (C) 2007 Red Hat, Inc.
[    4.759294][    T1] QNX4 filesystem 0.2.3 registered.
[    4.759523][    T1] qnx6: QNX6 filesystem 1.0.0 registered.
[    4.760219][    T1] fuse: init (API version 7.36)
[    4.763048][    T1] orangefs_debugfs_init: called with debug mask: :none: :0:
[    4.763406][    T1] orangefs_init: module version upstream loaded
[    4.764281][    T1] JFS: nTxBlock = 8192, nTxLock = 65536
[    4.795227][    T1] SGI XFS with ACLs, security attributes, realtime, quota, fatal assert, debug enabled
[    4.804624][    T1] 9p: Installing v9fs 9p2000 file system support
[    4.805776][    T1] NILFS version 2 loaded
[    4.805779][    T1] befs: version: 0.9.3
[    4.807102][    T1] ocfs2: Registered cluster interface o2cb
[    4.807678][    T1] ocfs2: Registered cluster interface user
[    4.810059][    T1] OCFS2 User DLM kernel interface loaded
[    4.832228][    T1] gfs2: GFS2 installed
[    4.842216][    T1] ceph: loaded (mds proto 32)
[    4.865470][    T1] NET: Registered PF_ALG protocol family
[    4.865554][    T1] xor: automatically using best checksumming function   avx       
[    4.865576][    T1] async_tx: api initialized (async)
[    4.865588][    T1] Key type asymmetric registered
[    4.865601][    T1] Asymmetric key parser 'x509' registered
[    4.865605][    T1] Asymmetric key parser 'pkcs8' registered
[    4.865609][    T1] Key type pkcs7_test registered
[    4.867725][    T1] alg: self-tests for CTR-KDF (hmac(sha256)) passed
[    4.867848][    T1] Block layer SCSI generic (bsg) driver version 0.4 loaded (major 240)
[    4.868456][    T1] io scheduler mq-deadline registered
[    4.868461][    T1] io scheduler kyber registered
[    4.868887][    T1] io scheduler bfq registered
[    4.890389][    T1] input: Power Button as /devices/LNXSYSTM:00/LNXPWRBN:00/input/input0
[    4.892145][    T1] ACPI: button: Power Button [PWRF]
[    6.145622][    T1] ACPI: \_SB_.LNKC: Enabled at IRQ 11
[    6.404025][  T601] kworker/u6:0 (601) used greatest stack depth: 26864 bytes left
[    6.464593][    T1] N_HDLC line discipline registered with maxframe=4096
[    6.464632][    T1] Serial: 8250/16550 driver, 4 ports, IRQ sharing enabled
[    6.465507][    T1] 00:04: ttyS0 at I/O 0x3f8 (irq = 4, base_baud = 115200) is a 16550A
[    6.484670][    T1] Non-volatile memory driver v1.3
[  285.631520][   T31] INFO: task swapper/0:1 blocked for more than 143 seconds.
[  285.636075][   T31]       Not tainted 5.18.0-syzkaller-13760-g032dcf09e2bf #0
[  285.640508][   T31] "echo 0 > /proc/sys/kernel/hung_task_timeout_secs" disables this message.
[  285.646066][   T31] task:swapper/0       state:D stack:22816 pid:    1 ppid:     0 flags:0x00004000
[  285.651802][   T31] Call Trace:
[  285.653842][   T31]  <TASK>
[  285.655678][   T31]  __schedule+0xd07/0x4d90
[  285.658489][   T31]  ? io_schedule_timeout+0x150/0x150
[  285.661866][   T31]  schedule+0xdb/0x200
[  285.664369][   T31]  schedule_preempt_disabled+0xf/0x20
[  285.667687][   T31]  __mutex_lock+0x910/0x12d0
[  285.670503][   T31]  ? add_early_randomness+0x1a/0x170
[  285.673926][   T31]  ? mutex_lock_io_nested+0x1130/0x1130
[  285.677341][   T31]  ? __mutex_unlock_slowpath+0x15c/0x630
[  285.680803][   T31]  ? set_current_rng+0x2b2/0x380
[  285.683946][   T31]  ? drop_current_rng+0x110/0x110
[  285.687018][   T31]  ? add_early_randomness+0x1a/0x170
[  285.690269][   T31]  add_early_randomness+0x1a/0x170
[  285.693561][   T31]  hwrng_register+0x36a/0x4f0
[  285.696461][   T31]  virtrng_scan+0x37/0x90
[  285.699116][   T31]  ? devm_hwrng_release+0x40/0x40
[  285.702267][   T31]  virtio_dev_probe+0x629/0x900
[  285.705234][   T31]  ? virtio_features_ok+0x100/0x100
[  285.708441][   T31]  really_probe+0x22a/0xb80
[  285.711225][   T31]  __driver_probe_device+0x337/0x4d0
[  285.714590][   T31]  driver_probe_device+0x4c/0x1a0
[  285.717659][   T31]  __driver_attach+0x23c/0x550
[  285.720624][   T31]  ? __device_attach_driver+0x2f0/0x2f0
[  285.724143][   T31]  bus_for_each_dev+0x148/0x1d0
[  285.727143][   T31]  ? subsys_dev_iter_exit+0x20/0x20
[  285.730360][   T31]  bus_add_driver+0x422/0x640
[  285.733373][   T31]  driver_register+0x23a/0x3d0
[  285.736317][   T31]  ? hwrng_modinit+0xf9/0xf9
[  285.739149][   T31]  do_one_initcall+0x105/0x650
[  285.742213][   T31]  ? trace_event_raw_event_initcall_level+0x1f0/0x1f0
[  285.746355][   T31]  ? parameq+0xc0/0x170
[  285.748906][   T31]  kernel_init_freeable+0x6bc/0x743
[  285.752237][   T31]  ? rest_init+0x270/0x270
[  285.754969][   T31]  kernel_init+0x18/0x1d0
[  285.757624][   T31]  ? rest_init+0x270/0x270
[  285.760332][   T31]  ret_from_fork+0x1f/0x30
[  285.763158][   T31]  </TASK>
[  285.765020][   T31] 
[  285.765020][   T31] Showing all locks held in the system:
[  285.769693][   T31] 2 locks held by swapper/0/1:
[  285.772676][   T31]  #0: ffff888015391170 (&dev->mutex){....}-{3:3}, at: __driver_attach+0x231/0x550
[  285.778364][   T31]  #1: ffffffff8c836b28 (reading_mutex){+.+.}-{3:3}, at: add_early_randomness+0x1a/0x170
[  285.784527][   T31] 1 lock held by khungtaskd/31:
[  285.787474][   T31]  #0: ffffffff8bd87820 (rcu_read_lock){....}-{1:2}, at: debug_show_all_locks+0x53/0x260
[  285.793683][   T31] 2 locks held by kworker/u5:3/98:
[  285.796841][   T31]  #0: ffff888011869138 ((wq_completion)events_unbound){+.+.}-{0:0}, at: process_one_work+0x8d9/0x1630
[  285.803720][   T31]  #1: ffffc90000dd7da0 ((work_completion)(&(&kfence_timer)->work)){+.+.}-{0:0}, at: process_one_work+0x90d/0x1630
[  285.811120][   T31] 1 lock held by hwrng/748:
[  285.814029][   T31]  #0: ffffffff8c836b28 (reading_mutex){+.+.}-{3:3}, at: hwrng_fillfn+0x141/0x370
[  285.819651][   T31] 
[  285.821077][   T31] =============================================
[  285.821077][   T31] 
[  285.826296][   T31] Kernel panic - not syncing: hung_task: blocked tasks
[  285.830427][   T31] CPU: 1 PID: 31 Comm: khungtaskd Not tainted 5.18.0-syzkaller-13760-g032dcf09e2bf #0
[  285.836225][   T31] Hardware name: QEMU Standard PC (i440FX + PIIX, 1996), BIOS 1.16.2-debian-1.16.2-1 04/01/2014
[  285.836262][   T31] Call Trace:
[  285.836262][   T31]  <TASK>
[  285.836262][   T31]  dump_stack_lvl+0xfc/0x174
[  285.836262][   T31]  panic+0x2cf/0x61f
[  285.836262][   T31]  ? panic_print_sys_info.part.0+0x10b/0x10b
[  285.836262][   T31]  ? watchdog.cold+0x5/0x161
[  285.836262][   T31]  watchdog.cold+0x16/0x161
[  285.836262][   T31]  ? proc_dohung_task_timeout_secs+0x80/0x80
[  285.836262][   T31]  kthread+0x2e0/0x390
[  285.836262][   T31]  ? kthread_complete_and_exit+0x40/0x40
[  285.836262][   T31]  ret_from_fork+0x1f/0x30
[  285.836262][   T31]  </TASK>
[  285.836262][   T31] Kernel Offset: disabled
[  285.836262][   T31] Rebooting in 86400 seconds..
2024/03/05 00:02:47 VMs 0, executed 17961, cover 19012, signal 23567/34527, crashes 1, repro 1, triageQLen 0
2024/03/05 00:02:57 VMs 0, executed 17961, cover 19012, signal 23567/34527, crashes 1, repro 1, triageQLen 0
2024/03/05 00:03:07 VMs 0, executed 17961, cover 19012, signal 23567/34527, crashes 1, repro 1, triageQLen 0
2024/03/05 00:03:17 VMs 0, executed 17961, cover 19012, signal 23567/34527, crashes 1, repro 1, triageQLen 0
2024/03/05 00:03:27 VMs 0, executed 17961, cover 19012, signal 23567/34527, crashes 1, repro 1, triageQLen 0
2024/03/05 00:03:37 VMs 0, executed 17961, cover 19012, signal 23567/34527, crashes 1, repro 1, triageQLen 0
2024/03/05 00:03:47 VMs 0, executed 17961, cover 19012, signal 23567/34527, crashes 1, repro 1, triageQLen 0
2024/03/05 00:03:57 VMs 0, executed 17961, cover 19012, signal 23567/34527, crashes 1, repro 1, triageQLen 0
2024/03/05 00:04:07 VMs 0, executed 17961, cover 19012, signal 23567/34527, crashes 1, repro 1, triageQLen 0
2024/03/05 00:04:17 VMs 0, executed 17961, cover 19012, signal 23567/34527, crashes 1, repro 1, triageQLen 0
2024/03/05 00:04:27 VMs 0, executed 17961, cover 19012, signal 23567/34527, crashes 1, repro 1, triageQLen 0
2024/03/05 00:04:37 VMs 0, executed 17961, cover 19012, signal 23567/34527, crashes 1, repro 1, triageQLen 0
2024/03/05 00:04:47 VMs 0, executed 17961, cover 19012, signal 23567/34527, crashes 1, repro 1, triageQLen 0
2024/03/05 00:04:57 VMs 0, executed 17961, cover 19012, signal 23567/34527, crashes 1, repro 1, triageQLen 0
2024/03/05 00:05:07 VMs 0, executed 17961, cover 19012, signal 23567/34527, crashes 1, repro 1, triageQLen 0
2024/03/05 00:05:17 VMs 0, executed 17961, cover 19012, signal 23567/34527, crashes 1, repro 1, triageQLen 0
2024/03/05 00:05:27 VMs 0, executed 17961, cover 19012, signal 23567/34527, crashes 1, repro 1, triageQLen 0
2024/03/05 00:05:37 VMs 0, executed 17961, cover 19012, signal 23567/34527, crashes 1, repro 1, triageQLen 0
2024/03/05 00:05:47 VMs 0, executed 17961, cover 19012, signal 23567/34527, crashes 1, repro 1, triageQLen 0
2024/03/05 00:05:57 VMs 0, executed 17961, cover 19012, signal 23567/34527, crashes 1, repro 1, triageQLen 0
2024/03/05 00:06:07 VMs 0, executed 17961, cover 19012, signal 23567/34527, crashes 1, repro 1, triageQLen 0
2024/03/05 00:06:17 VMs 0, executed 17961, cover 19012, signal 23567/34527, crashes 1, repro 1, triageQLen 0
2024/03/05 00:06:27 VMs 0, executed 17961, cover 19012, signal 23567/34527, crashes 1, repro 1, triageQLen 0
2024/03/05 00:06:37 VMs 0, executed 17961, cover 19012, signal 23567/34527, crashes 1, repro 1, triageQLen 0
2024/03/05 00:06:47 VMs 0, executed 17961, cover 19012, signal 23567/34527, crashes 1, repro 1, triageQLen 0
2024/03/05 00:06:57 VMs 0, executed 17961, cover 19012, signal 23567/34527, crashes 1, repro 1, triageQLen 0
2024/03/05 00:07:07 VMs 0, executed 17961, cover 19012, signal 23567/34527, crashes 1, repro 1, triageQLen 0
2024/03/05 00:07:17 VMs 0, executed 17961, cover 19012, signal 23567/34527, crashes 1, repro 1, triageQLen 0
2024/03/05 00:07:27 VMs 0, executed 17961, cover 19012, signal 23567/34527, crashes 1, repro 1, triageQLen 0
2024/03/05 00:07:37 VMs 0, executed 17961, cover 19012, signal 23567/34527, crashes 1, repro 1, triageQLen 0
2024/03/05 00:07:47 VMs 0, executed 17961, cover 19012, signal 23567/34527, crashes 1, repro 1, triageQLen 0
2024/03/05 00:07:57 VMs 0, executed 17961, cover 19012, signal 23567/34527, crashes 1, repro 1, triageQLen 0
2024/03/05 00:08:07 VMs 0, executed 17961, cover 19012, signal 23567/34527, crashes 1, repro 1, triageQLen 0
2024/03/05 00:08:17 VMs 0, executed 17961, cover 19012, signal 23567/34527, crashes 1, repro 1, triageQLen 0
2024/03/05 00:08:27 VMs 0, executed 17961, cover 19012, signal 23567/34527, crashes 1, repro 1, triageQLen 0
2024/03/05 00:08:37 VMs 0, executed 17961, cover 19012, signal 23567/34527, crashes 1, repro 1, triageQLen 0
2024/03/05 00:08:47 VMs 0, executed 17961, cover 19012, signal 23567/34527, crashes 1, repro 1, triageQLen 0
2024/03/05 00:08:57 VMs 0, executed 17961, cover 19012, signal 23567/34527, crashes 1, repro 1, triageQLen 0
2024/03/05 00:09:07 VMs 0, executed 17961, cover 19012, signal 23567/34527, crashes 1, repro 1, triageQLen 0
2024/03/05 00:09:17 VMs 0, executed 17961, cover 19012, signal 23567/34527, crashes 1, repro 1, triageQLen 0
2024/03/05 00:09:27 VMs 0, executed 17961, cover 19012, signal 23567/34527, crashes 1, repro 1, triageQLen 0
2024/03/05 00:09:37 VMs 0, executed 17961, cover 19012, signal 23567/34527, crashes 1, repro 1, triageQLen 0
2024/03/05 00:09:47 VMs 0, executed 17961, cover 19012, signal 23567/34527, crashes 1, repro 1, triageQLen 0
2024/03/05 00:09:57 VMs 0, executed 17961, cover 19012, signal 23567/34527, crashes 1, repro 1, triageQLen 0
2024/03/05 00:10:07 VMs 0, executed 17961, cover 19012, signal 23567/34527, crashes 1, repro 1, triageQLen 0
2024/03/05 00:10:17 VMs 0, executed 17961, cover 19012, signal 23567/34527, crashes 1, repro 1, triageQLen 0
2024/03/05 00:10:27 VMs 0, executed 17961, cover 19012, signal 23567/34527, crashes 1, repro 1, triageQLen 0
2024/03/05 00:10:37 VMs 0, executed 17961, cover 19012, signal 23567/34527, crashes 1, repro 1, triageQLen 0
2024/03/05 00:10:47 VMs 0, executed 17961, cover 19012, signal 23567/34527, crashes 1, repro 1, triageQLen 0
2024/03/05 00:10:57 VMs 0, executed 17961, cover 19012, signal 23567/34527, crashes 1, repro 1, triageQLen 0
2024/03/05 00:11:07 VMs 0, executed 17961, cover 19012, signal 23567/34527, crashes 1, repro 1, triageQLen 0
2024/03/05 00:11:17 VMs 0, executed 17961, cover 19012, signal 23567/34527, crashes 1, repro 1, triageQLen 0
2024/03/05 00:11:27 VMs 0, executed 17961, cover 19012, signal 23567/34527, crashes 1, repro 1, triageQLen 0
2024/03/05 00:11:37 VMs 0, executed 17961, cover 19012, signal 23567/34527, crashes 1, repro 1, triageQLen 0
2024/03/05 00:11:47 VMs 0, executed 17961, cover 19012, signal 23567/34527, crashes 1, repro 1, triageQLen 0
2024/03/05 00:11:57 VMs 0, executed 17961, cover 19012, signal 23567/34527, crashes 1, repro 1, triageQLen 0
2024/03/05 00:12:07 VMs 0, executed 17961, cover 19012, signal 23567/34527, crashes 1, repro 1, triageQLen 0
2024/03/05 00:12:17 VMs 0, executed 17961, cover 19012, signal 23567/34527, crashes 1, repro 1, triageQLen 0
2024/03/05 00:12:27 VMs 0, executed 17961, cover 19012, signal 23567/34527, crashes 1, repro 1, triageQLen 0
2024/03/05 00:12:37 VMs 0, executed 17961, cover 19012, signal 23567/34527, crashes 1, repro 1, triageQLen 0
2024/03/05 00:12:47 VMs 0, executed 17961, cover 19012, signal 23567/34527, crashes 1, repro 1, triageQLen 0
2024/03/05 00:12:49 failed to create instance: can't ssh into the instance
failed to run ["ssh" "-p" "48586" "-F" "/dev/null" "-o" "UserKnownHostsFile=/dev/null" "-o" "BatchMode=yes" "-o" "IdentitiesOnly=yes" "-o" "StrictHostKeyChecking=no" "-o" "ConnectTimeout=10" "root@localhost" "pwd"]: exit status 255
Connection timed out during banner exchange
Connection to 127.0.0.1 port 48586 timed out
[    0.000000][    T0] Linux version 5.18.0-syzkaller-13760-g032dcf09e2bf (syzkaller@syzkaller) (gcc (Debian 12.2.0-14) 12.2.0, GNU ld (GNU Binutils for Debian) 2.40) #0 SMP PREEMPT_DYNAMIC now
[    0.000000][    T0] Command line: root=/dev/sda console=ttyS0 root=/dev/sda1
[    0.000000][    T0] KERNEL supported cpus:
[    0.000000][    T0]   Intel GenuineIntel
[    0.000000][    T0]   AMD AuthenticAMD
[    0.000000][    T0] x86/fpu: Supporting XSAVE feature 0x001: 'x87 floating point registers'
[    0.000000][    T0] x86/fpu: Supporting XSAVE feature 0x002: 'SSE registers'
[    0.000000][    T0] x86/fpu: Supporting XSAVE feature 0x004: 'AVX registers'
[    0.000000][    T0] x86/fpu: Supporting XSAVE feature 0x008: 'MPX bounds registers'
[    0.000000][    T0] x86/fpu: Supporting XSAVE feature 0x010: 'MPX CSR'
[    0.000000][    T0] x86/fpu: Supporting XSAVE feature 0x020: 'AVX-512 opmask'
[    0.000000][    T0] x86/fpu: Supporting XSAVE feature 0x040: 'AVX-512 Hi256'
[    0.000000][    T0] x86/fpu: Supporting XSAVE feature 0x080: 'AVX-512 ZMM_Hi256'
[    0.000000][    T0] x86/fpu: xstate_offset[2]:  576, xstate_sizes[2]:  256
[    0.000000][    T0] x86/fpu: xstate_offset[3]:  832, xstate_sizes[3]:   64
[    0.000000][    T0] x86/fpu: xstate_offset[4]:  896, xstate_sizes[4]:   64
[    0.000000][    T0] x86/fpu: xstate_offset[5]:  960, xstate_sizes[5]:   64
[    0.000000][    T0] x86/fpu: xstate_offset[6]: 1024, xstate_sizes[6]:  512
[    0.000000][    T0] x86/fpu: xstate_offset[7]: 1536, xstate_sizes[7]: 1024
[    0.000000][    T0] x86/fpu: Enabled xstate features 0xff, context size is 2560 bytes, using 'compacted' format.
[    0.000000][    T0] signal: max sigframe size: 3632
[    0.000000][    T0] BIOS-provided physical RAM map:
[    0.000000][    T0] BIOS-e820: [mem 0x0000000000000000-0x000000000009fbff] usable
[    0.000000][    T0] BIOS-e820: [mem 0x000000000009fc00-0x000000000009ffff] reserved
[    0.000000][    T0] BIOS-e820: [mem 0x00000000000f0000-0x00000000000fffff] reserved
[    0.000000][    T0] BIOS-e820: [mem 0x0000000000100000-0x000000007ffdffff] usable
[    0.000000][    T0] BIOS-e820: [mem 0x000000007ffe0000-0x000000007fffffff] reserved
[    0.000000][    T0] BIOS-e820: [mem 0x00000000feffc000-0x00000000feffffff] reserved
[    0.000000][    T0] BIOS-e820: [mem 0x00000000fffc0000-0x00000000ffffffff] reserved
[    0.000000][    T0] printk: bootconsole [earlyser0] enabled
[    0.000000][    T0] ERROR: earlyprintk= earlyser already used
[    0.000000][    T0] ERROR: earlyprintk= earlyser already used
[    0.000000][    T0] **********************************************************
[    0.000000][    T0] **   NOTICE NOTICE NOTICE NOTICE NOTICE NOTICE NOTICE   **
[    0.000000][    T0] **                                                      **
[    0.000000][    T0] ** This system shows unhashed kernel memory addresses   **
[    0.000000][    T0] ** via the console, logs, and other interfaces. This    **
[    0.000000][    T0] ** might reduce the security of your system.            **
[    0.000000][    T0] **                                                      **
[    0.000000][    T0] ** If you see this message and you are not debugging    **
[    0.000000][    T0] ** the kernel, report this immediately to your system   **
[    0.000000][    T0] ** administrator!                                       **
[    0.000000][    T0] **                                                      **
[    0.000000][    T0] **   NOTICE NOTICE NOTICE NOTICE NOTICE NOTICE NOTICE   **
[    0.000000][    T0] **********************************************************
[    0.000000][    T0] Malformed early option 'vsyscall'
[    0.000000][    T0] nopcid: PCID feature disabled
[    0.000000][    T0] NX (Execute Disable) protection: active
[    0.000000][    T0] SMBIOS 2.8 present.
[    0.000000][    T0] DMI: QEMU Standard PC (i440FX + PIIX, 1996), BIOS 1.16.2-debian-1.16.2-1 04/01/2014
[    0.000000][    T0] Hypervisor detected: KVM
[    0.000000][    T0] kvm-clock: Using msrs 4b564d01 and 4b564d00
[    0.000009][    T0] kvm-clock: using sched offset of 1639732056 cycles
[    0.004377][    T0] clocksource: kvm-clock: mask: 0xffffffffffffffff max_cycles: 0x1cd42e4dffb, max_idle_ns: 881590591483 ns
[    0.017464][    T0] tsc: Detected 3100.318 MHz processor
[    0.026490][    T0] last_pfn = 0x7ffe0 max_arch_pfn = 0x400000000
[    0.031453][    T0] x86/PAT: Configuration [0-7]: WB  WC  UC- UC  WB  WP  UC- WT  
[    0.045923][    T0] found SMP MP-table at [mem 0x000f5b90-0x000f5b9f]
[    0.050823][    T0] Using GB pages for direct mapping
[    0.055348][    T0] ACPI: Early table checksum verification disabled
[    0.060064][    T0] ACPI: RSDP 0x00000000000F59C0 000014 (v00 BOCHS )
[    0.064870][    T0] ACPI: RSDT 0x000000007FFE1B21 000034 (v01 BOCHS  BXPC     00000001 BXPC 00000001)
[    0.071703][    T0] ACPI: FACP 0x000000007FFE19CD 000074 (v01 BOCHS  BXPC     00000001 BXPC 00000001)
[    0.078544][    T0] ACPI: DSDT 0x000000007FFE0040 00198D (v01 BOCHS  BXPC     00000001 BXPC 00000001)
[    0.085381][    T0] ACPI: FACS 0x000000007FFE0000 000040
[    0.089350][    T0] ACPI: APIC 0x000000007FFE1A41 000080 (v01 BOCHS  BXPC     00000001 BXPC 00000001)
[    0.096227][    T0] ACPI: HPET 0x000000007FFE1AC1 000038 (v01 BOCHS  BXPC     00000001 BXPC 00000001)
[    0.103128][    T0] ACPI: WAET 0x000000007FFE1AF9 000028 (v01 BOCHS  BXPC     00000001 BXPC 00000001)
[    0.109875][    T0] ACPI: Reserving FACP table memory at [mem 0x7ffe19cd-0x7ffe1a40]
[    0.115364][    T0] ACPI: Reserving DSDT table memory at [mem 0x7ffe0040-0x7ffe19cc]
[    0.120832][    T0] ACPI: Reserving FACS table memory at [mem 0x7ffe0000-0x7ffe003f]
[    0.126295][    T0] ACPI: Reserving APIC table memory at [mem 0x7ffe1a41-0x7ffe1ac0]
[    0.131792][    T0] ACPI: Reserving HPET table memory at [mem 0x7ffe1ac1-0x7ffe1af8]
[    0.137234][    T0] ACPI: Reserving WAET table memory at [mem 0x7ffe1af9-0x7ffe1b20]
[    0.145276][    T0] No NUMA configuration found
[    0.148477][    T0] Faking a node at [mem 0x0000000000000000-0x000000007ffdffff]
[    0.153705][    T0] Faking node 0 at [mem 0x0000000000000000-0x000000003fffffff] (1024MB)
[    0.159488][    T0] Faking node 1 at [mem 0x0000000040000000-0x000000007ffdffff] (1023MB)
[    0.165648][    T0] NODE_DATA(0) allocated [mem 0x3fffa000-0x3fffffff]
[    0.170774][    T0] NODE_DATA(1) allocated [mem 0x7ffd9000-0x7ffdefff]
[    0.186000][    T0] Zone ranges:
[    0.188366][    T0]   DMA      [mem 0x0000000000001000-0x0000000000ffffff]
[    0.193233][    T0]   DMA32    [mem 0x0000000001000000-0x000000007ffdffff]
[    0.198105][    T0]   Normal   empty
[    0.200639][    T0]   Device   empty
[    0.203164][    T0] Movable zone start for each node
[    0.206693][    T0] Early memory node ranges
[    0.209701][    T0]   node   0: [mem 0x0000000000001000-0x000000000009efff]
[    0.214633][    T0]   node   0: [mem 0x0000000000100000-0x000000003fffffff]
[    0.219580][    T0]   node   1: [mem 0x0000000040000000-0x000000007ffdffff]
[    0.224545][    T0] Initmem setup node 0 [mem 0x0000000000001000-0x000000003fffffff]
[    0.230036][    T0] Initmem setup node 1 [mem 0x0000000040000000-0x000000007ffdffff]
[    0.235566][    T0] On node 0, zone DMA: 1 pages in unavailable ranges
[    0.235676][    T0] On node 0, zone DMA: 97 pages in unavailable ranges
[    0.253341][    T0] On node 1, zone DMA32: 32 pages in unavailable ranges
[    0.348228][    T0] kasan: KernelAddressSanitizer initialized
[    0.359967][    T0] ACPI: PM-Timer IO Port: 0x608
[    0.363331][    T0] ACPI: LAPIC_NMI (acpi_id[0xff] dfl dfl lint[0x1])
[    0.368132][    T0] IOAPIC[0]: apic_id 0, version 17, address 0xfec00000, GSI 0-23
[    0.373509][    T0] ACPI: INT_SRC_OVR (bus 0 bus_irq 0 global_irq 2 dfl dfl)
[    0.378518][    T0] ACPI: INT_SRC_OVR (bus 0 bus_irq 5 global_irq 5 high level)
[    0.383775][    T0] ACPI: INT_SRC_OVR (bus 0 bus_irq 9 global_irq 9 high level)
[    0.389342][    T0] ACPI: INT_SRC_OVR (bus 0 bus_irq 10 global_irq 10 high level)
[    0.395048][    T0] ACPI: INT_SRC_OVR (bus 0 bus_irq 11 global_irq 11 high level)
[    0.400754][    T0] ACPI: Using ACPI (MADT) for SMP configuration information
[    0.406222][    T0] ACPI: HPET id: 0x8086a201 base: 0xfed00000
[    0.410662][    T0] TSC deadline timer available
[    0.414187][    T0] smpboot: Allowing 2 CPUs, 0 hotplug CPUs
[    0.418624][    T0] kvm-guest: KVM setup pv remote TLB flush
[    0.422948][    T0] kvm-guest: setup PV sched yield
[    0.426686][    T0] PM: hibernation: Registered nosave memory: [mem 0x00000000-0x00000fff]
[    0.432961][    T0] PM: hibernation: Registered nosave memory: [mem 0x0009f000-0x0009ffff]
[    0.439246][    T0] PM: hibernation: Registered nosave memory: [mem 0x000a0000-0x000effff]
[    0.445573][    T0] PM: hibernation: Registered nosave memory: [mem 0x000f0000-0x000fffff]
[    0.451877][    T0] [mem 0x80000000-0xfeffbfff] available for PCI devices
[    0.457033][    T0] Booting paravirtualized kernel on KVM
[    0.461190][    T0] clocksource: refined-jiffies: mask: 0xffffffff max_cycles: 0xffffffff, max_idle_ns: 19112604462750000 ns
[    0.516082][    T0] setup_percpu: NR_CPUS:8 nr_cpumask_bits:8 nr_cpu_ids:2 nr_node_ids:2
[    0.523735][    T0] percpu: Embedded 69 pages/cpu s243784 r8192 d30648 u2097152
[    0.529585][    T0] kvm-guest: PV spinlocks enabled
[    0.533606][    T0] PV qspinlock hash table entries: 256 (order: 0, 4096 bytes, linear)
[    0.539754][    T0] Fallback order for Node 0: 0 1 
[    0.543251][    T0] Fallback order for Node 1: 1 0 
[    0.546766][    T0] Built 2 zonelists, mobility grouping on.  Total pages: 515808
[    0.552077][    T0] Policy zone: DMA32
